192.168.99.1 - - [26/Feb/2017:04:21:38 -0500] "GET /index.php/admin/catalog_product/edit/id/905/back/edit/tab/product_info_tabs_group_110/key/bd14b0a8f8ebad818a69930330c9043a/ HTTP/1.1" 200 29193 "http://dev.debian.loc/index.php/admin/catalog_product/edit/id/905/back/edit/tab/product_info_tabs_group_110/key/bd14b0a8f8ebad818a69930330c9043a/" "Mozilla/5.0 (Windows NT 10.0; WOW64) AppleWebKit/537.36 (KHTML, like Gecko) Chrome/56.0.2924.87 Safari/537.36"
192.168.99.1 - - [26/Feb/2017:04:21:38 -0500] "GET /skin/adminhtml/default/default/images/nav2_li_bg.png HTTP/1.1" 200 163 "http://dev.debian.loc/skin/adminhtml/default/default/menu.css" "Mozilla/5.0 (Windows NT 10.0; WOW64) AppleWebKit/537.36 (KHTML, like Gecko) Chrome/56.0.2924.87 Safari/537.36"
192.168.99.1 - - [26/Feb/2017:04:21:38 -0500] "GET /skin/adminhtml/default/default/images/nav2_last_li_bg.png HTTP/1.1" 200 350 "http://dev.debian.loc/skin/adminhtml/default/default/menu.css" "Mozilla/5.0 (Windows NT 10.0; WOW64) AppleWebKit/537.36 (KHTML, like Gecko) Chrome/56.0.2924.87 Safari/537.36"
192.168.99.1 - - [26/Feb/2017:04:21:38 -0500] "GET /skin/adminhtml/default/default/images/nav3_bg.png HTTP/1.1" 200 164 "http://dev.debian.loc/skin/adminhtml/default/default/menu.css" "Mozilla/5.0 (Windows NT 10.0; WOW64) AppleWebKit/537.36 (KHTML, like Gecko) Chrome/56.0.2924.87 Safari/537.36"
192.168.99.1 - - [26/Feb/2017:04:21:38 -0500] "GET /skin/adminhtml/default/default/images/i_question-mark.png HTTP/1.1" 200 1654 "http://dev.debian.loc/skin/adminhtml/default/default/boxes.css" "Mozilla/5.0 (Windows NT 10.0; WOW64) AppleWebKit/537.36 (KHTML, like Gecko) Chrome/56.0.2924.87 Safari/537.36"
192.168.99.1 - - [26/Feb/2017:04:28:22 -0500] "GET /index.php/admin/catalog_product/edit/id/905/back/edit/tab/product_info_tabs_group_110/key/bd14b0a8f8ebad818a69930330c9043a/ HTTP/1.1" 200 29154 "http://dev.debian.loc/index.php/admin/catalog_product/edit/id/905/back/edit/tab/product_info_tabs_group_110/key/bd14b0a8f8ebad818a69930330c9043a/" "Mozilla/5.0 (Windows NT 10.0; WOW64) AppleWebKit/537.36 (KHTML, like Gecko) Chrome/56.0.2924.87 Safari/537.36"
192.168.99.1 - - [26/Feb/2017:04:28:23 -0500] "GET /skin/adminhtml/default/default/images/nav2_li_bg.png HTTP/1.1" 200 163 "http://dev.debian.loc/skin/adminhtml/default/default/menu.css" "Mozilla/5.0 (Windows NT 10.0; WOW64) AppleWebKit/537.36 (KHTML, like Gecko) Chrome/56.0.2924.87 Safari/537.36"
192.168.99.1 - - [26/Feb/2017:04:28:23 -0500] "GET /skin/adminhtml/default/default/images/nav2_last_li_bg.png HTTP/1.1" 200 350 "http://dev.debian.loc/skin/adminhtml/default/default/menu.css" "Mozilla/5.0 (Windows NT 10.0; WOW64) AppleWebKit/537.36 (KHTML, like Gecko) Chrome/56.0.2924.87 Safari/537.36"
192.168.99.1 - - [26/Feb/2017:04:28:23 -0500] "GET /skin/adminhtml/default/default/images/nav3_bg.png HTTP/1.1" 200 164 "http://dev.debian.loc/skin/adminhtml/default/default/menu.css" "Mozilla/5.0 (Windows NT 10.0; WOW64) AppleWebKit/537.36 (KHTML, like Gecko) Chrome/56.0.2924.87 Safari/537.36"
192.168.99.1 - - [26/Feb/2017:04:28:23 -0500] "GET /skin/adminhtml/default/default/images/i_question-mark.png HTTP/1.1" 200 1654 "http://dev.debian.loc/skin/adminhtml/default/default/boxes.css" "Mozilla/5.0 (Windows NT 10.0; WOW64) AppleWebKit/537.36 (KHTML, like Gecko) Chrome/56.0.2924.87 Safari/537.36"
192.168.99.1 - - [26/Feb/2017:04:28:40 -0500] "GET /index.php/admin/catalog_product/edit/id/905/back/edit/tab/product_info_tabs_group_110/key/bd14b0a8f8ebad818a69930330c9043a/ HTTP/1.1" 200 29158 "http://dev.debian.loc/index.php/admin/catalog_product/edit/id/905/back/edit/tab/product_info_tabs_group_110/key/bd14b0a8f8ebad818a69930330c9043a/" "Mozilla/5.0 (Windows NT 10.0; WOW64) AppleWebKit/537.36 (KHTML, like Gecko) Chrome/56.0.2924.87 Safari/537.36"
192.168.99.1 - - [26/Feb/2017:04:28:41 -0500] "GET /skin/adminhtml/default/default/images/nav2_li_bg.png HTTP/1.1" 200 163 "http://dev.debian.loc/skin/adminhtml/default/default/menu.css" "Mozilla/5.0 (Windows NT 10.0; WOW64) AppleWebKit/537.36 (KHTML, like Gecko) Chrome/56.0.2924.87 Safari/537.36"
192.168.99.1 - - [26/Feb/2017:04:28:41 -0500] "GET /skin/adminhtml/default/default/images/nav2_last_li_bg.png HTTP/1.1" 200 350 "http://dev.debian.loc/skin/adminhtml/default/default/menu.css" "Mozilla/5.0 (Windows NT 10.0; WOW64) AppleWebKit/537.36 (KHTML, like Gecko) Chrome/56.0.2924.87 Safari/537.36"
192.168.99.1 - - [26/Feb/2017:04:28:41 -0500] "GET /skin/adminhtml/default/default/images/nav3_bg.png HTTP/1.1" 200 164 "http://dev.debian.loc/skin/adminhtml/default/default/menu.css" "Mozilla/5.0 (Windows NT 10.0; WOW64) AppleWebKit/537.36 (KHTML, like Gecko) Chrome/56.0.2924.87 Safari/537.36"
192.168.99.1 - - [26/Feb/2017:04:28:41 -0500] "GET /skin/adminhtml/default/default/images/i_question-mark.png HTTP/1.1" 200 1654 "http://dev.debian.loc/skin/adminhtml/default/default/boxes.css" "Mozilla/5.0 (Windows NT 10.0; WOW64) AppleWebKit/537.36 (KHTML, like Gecko) Chrome/56.0.2924.87 Safari/537.36"
192.168.99.1 - - [26/Feb/2017:04:33:30 -0500] "GET /index.php/admin/catalog_product/edit/id/905/back/edit/tab/product_info_tabs_group_110/key/bd14b0a8f8ebad818a69930330c9043a/ HTTP/1.1" 200 29155 "http://dev.debian.loc/index.php/admin/catalog_product/edit/id/905/back/edit/tab/product_info_tabs_group_110/key/bd14b0a8f8ebad818a69930330c9043a/" "Mozilla/5.0 (Windows NT 10.0; WOW64) AppleWebKit/537.36 (KHTML, like Gecko) Chrome/56.0.2924.87 Safari/537.36"
192.168.99.1 - - [26/Feb/2017:04:33:30 -0500] "GET /skin/adminhtml/default/default/images/nav2_li_bg.png HTTP/1.1" 200 163 "http://dev.debian.loc/skin/adminhtml/default/default/menu.css" "Mozilla/5.0 (Windows NT 10.0; WOW64) AppleWebKit/537.36 (KHTML, like Gecko) Chrome/56.0.2924.87 Safari/537.36"
192.168.99.1 - - [26/Feb/2017:04:33:30 -0500] "GET /skin/adminhtml/default/default/images/nav2_last_li_bg.png HTTP/1.1" 200 350 "http://dev.debian.loc/skin/adminhtml/default/default/menu.css" "Mozilla/5.0 (Windows NT 10.0; WOW64) AppleWebKit/537.36 (KHTML, like Gecko) Chrome/56.0.2924.87 Safari/537.36"
192.168.99.1 - - [26/Feb/2017:04:33:30 -0500] "GET /skin/adminhtml/default/default/images/nav3_bg.png HTTP/1.1" 200 164 "http://dev.debian.loc/skin/adminhtml/default/default/menu.css" "Mozilla/5.0 (Windows NT 10.0; WOW64) AppleWebKit/537.36 (KHTML, like Gecko) Chrome/56.0.2924.87 Safari/537.36"
192.168.99.1 - - [26/Feb/2017:04:33:30 -0500] "GET /skin/adminhtml/default/default/images/i_question-mark.png HTTP/1.1" 200 1654 "http://dev.debian.loc/skin/adminhtml/default/default/boxes.css" "Mozilla/5.0 (Windows NT 10.0; WOW64) AppleWebKit/537.36 (KHTML, like Gecko) Chrome/56.0.2924.87 Safari/537.36"
192.168.99.1 - - [26/Feb/2017:04:34:25 -0500] "POST /index.php/admin/catalog_product/validate/id/905/back/edit/tab/product_info_tabs_group_110/key/cb4d60516e9e0d8149d235089189cf50/?isAjax=true HTTP/1.1" 200 46 "http://dev.debian.loc/index.php/admin/catalog_product/edit/id/905/back/edit/tab/product_info_tabs_group_110/key/bd14b0a8f8ebad818a69930330c9043a/" "Mozilla/5.0 (Windows NT 10.0; WOW64) AppleWebKit/537.36 (KHTML, like Gecko) Chrome/56.0.2924.87 Safari/537.36"
192.168.99.1 - - [26/Feb/2017:04:34:54 -0500] "POST /index.php/admin/catalog_product/save/back/edit/tab/product_info_tabs_group_110/id/905/key/1d0c54117f8eaa83ef0e45a3d61b7f4c/ HTTP/1.1" 302 5 "http://dev.debian.loc/index.php/admin/catalog_product/edit/id/905/back/edit/tab/product_info_tabs_group_110/key/bd14b0a8f8ebad818a69930330c9043a/" "Mozilla/5.0 (Windows NT 10.0; WOW64) AppleWebKit/537.36 (KHTML, like Gecko) Chrome/56.0.2924.87 Safari/537.36"
192.168.99.1 - - [26/Feb/2017:04:36:02 -0500] "GET /index.php/admin/catalog_product/edit/id/905/back/edit/tab/product_info_tabs_group_110/key/bd14b0a8f8ebad818a69930330c9043a/ HTTP/1.1" 200 29195 "http://dev.debian.loc/index.php/admin/catalog_product/edit/id/905/back/edit/tab/product_info_tabs_group_110/key/bd14b0a8f8ebad818a69930330c9043a/" "Mozilla/5.0 (Windows NT 10.0; WOW64) AppleWebKit/537.36 (KHTML, like Gecko) Chrome/56.0.2924.87 Safari/537.36"
192.168.99.1 - - [26/Feb/2017:04:36:02 -0500] "GET /skin/adminhtml/default/default/images/nav2_li_bg.png HTTP/1.1" 200 163 "http://dev.debian.loc/skin/adminhtml/default/default/menu.css" "Mozilla/5.0 (Windows NT 10.0; WOW64) AppleWebKit/537.36 (KHTML, like Gecko) Chrome/56.0.2924.87 Safari/537.36"
192.168.99.1 - - [26/Feb/2017:04:36:02 -0500] "GET /skin/adminhtml/default/default/images/nav2_last_li_bg.png HTTP/1.1" 200 350 "http://dev.debian.loc/skin/adminhtml/default/default/menu.css" "Mozilla/5.0 (Windows NT 10.0; WOW64) AppleWebKit/537.36 (KHTML, like Gecko) Chrome/56.0.2924.87 Safari/537.36"
192.168.99.1 - - [26/Feb/2017:04:36:02 -0500] "GET /skin/adminhtml/default/default/images/nav3_bg.png HTTP/1.1" 200 164 "http://dev.debian.loc/skin/adminhtml/default/default/menu.css" "Mozilla/5.0 (Windows NT 10.0; WOW64) AppleWebKit/537.36 (KHTML, like Gecko) Chrome/56.0.2924.87 Safari/537.36"
192.168.99.1 - - [26/Feb/2017:04:36:02 -0500] "GET /skin/adminhtml/default/default/images/i_question-mark.png HTTP/1.1" 200 1654 "http://dev.debian.loc/skin/adminhtml/default/default/boxes.css" "Mozilla/5.0 (Windows NT 10.0; WOW64) AppleWebKit/537.36 (KHTML, like Gecko) Chrome/56.0.2924.87 Safari/537.36"
192.168.99.1 - - [26/Feb/2017:04:36:40 -0500] "POST /index.php/admin/catalog_product/validate/id/905/back/edit/tab/product_info_tabs_group_110/key/cb4d60516e9e0d8149d235089189cf50/?isAjax=true HTTP/1.1" 200 46 "http://dev.debian.loc/index.php/admin/catalog_product/edit/id/905/back/edit/tab/product_info_tabs_group_110/key/bd14b0a8f8ebad818a69930330c9043a/" "Mozilla/5.0 (Windows NT 10.0; WOW64) AppleWebKit/537.36 (KHTML, like Gecko) Chrome/56.0.2924.87 Safari/537.36"
192.168.99.1 - - [26/Feb/2017:04:36:45 -0500] "POST /index.php/admin/catalog_product/save/back/edit/tab/product_info_tabs_group_110/id/905/key/1d0c54117f8eaa83ef0e45a3d61b7f4c/ HTTP/1.1" 302 5 "http://dev.debian.loc/index.php/admin/catalog_product/edit/id/905/back/edit/tab/product_info_tabs_group_110/key/bd14b0a8f8ebad818a69930330c9043a/" "Mozilla/5.0 (Windows NT 10.0; WOW64) AppleWebKit/537.36 (KHTML, like Gecko) Chrome/56.0.2924.87 Safari/537.36"
192.168.99.1 - - [26/Feb/2017:04:37:09 -0500] "GET /index.php/admin/catalog_product/edit/id/905/back/edit/tab/product_info_tabs_group_110/key/bd14b0a8f8ebad818a69930330c9043a/ HTTP/1.1" 200 29195 "http://dev.debian.loc/index.php/admin/catalog_product/edit/id/905/back/edit/tab/product_info_tabs_group_110/key/bd14b0a8f8ebad818a69930330c9043a/" "Mozilla/5.0 (Windows NT 10.0; WOW64) AppleWebKit/537.36 (KHTML, like Gecko) Chrome/56.0.2924.87 Safari/537.36"
192.168.99.1 - - [26/Feb/2017:04:37:10 -0500] "GET /skin/adminhtml/default/default/images/nav2_li_bg.png HTTP/1.1" 200 163 "http://dev.debian.loc/skin/adminhtml/default/default/menu.css" "Mozilla/5.0 (Windows NT 10.0; WOW64) AppleWebKit/537.36 (KHTML, like Gecko) Chrome/56.0.2924.87 Safari/537.36"
192.168.99.1 - - [26/Feb/2017:04:37:10 -0500] "GET /skin/adminhtml/default/default/images/nav2_last_li_bg.png HTTP/1.1" 200 350 "http://dev.debian.loc/skin/adminhtml/default/default/menu.css" "Mozilla/5.0 (Windows NT 10.0; WOW64) AppleWebKit/537.36 (KHTML, like Gecko) Chrome/56.0.2924.87 Safari/537.36"
192.168.99.1 - - [26/Feb/2017:04:37:10 -0500] "GET /skin/adminhtml/default/default/images/nav3_bg.png HTTP/1.1" 200 164 "http://dev.debian.loc/skin/adminhtml/default/default/menu.css" "Mozilla/5.0 (Windows NT 10.0; WOW64) AppleWebKit/537.36 (KHTML, like Gecko) Chrome/56.0.2924.87 Safari/537.36"
192.168.99.1 - - [26/Feb/2017:04:37:10 -0500] "GET /skin/adminhtml/default/default/images/i_question-mark.png HTTP/1.1" 200 1654 "http://dev.debian.loc/skin/adminhtml/default/default/boxes.css" "Mozilla/5.0 (Windows NT 10.0; WOW64) AppleWebKit/537.36 (KHTML, like Gecko) Chrome/56.0.2924.87 Safari/537.36"
192.168.99.1 - - [26/Feb/2017:04:39:33 -0500] "GET /repiitsubscription/token/gettattoken HTTP/1.1" 200 520 "-" "Mozilla/5.0 (Windows NT 10.0; WOW64) AppleWebKit/537.36 (KHTML, like Gecko) Chrome/56.0.2924.87 Safari/537.36"
192.168.99.1 - - [26/Feb/2017:04:40:45 -0500] "GET /index.php/admin/catalog_product/edit/id/905/back/edit/tab/product_info_tabs_group_110/key/bd14b0a8f8ebad818a69930330c9043a/ HTTP/1.1" 200 29163 "http://dev.debian.loc/index.php/admin/catalog_product/edit/id/905/back/edit/tab/product_info_tabs_group_110/key/bd14b0a8f8ebad818a69930330c9043a/" "Mozilla/5.0 (Windows NT 10.0; WOW64) AppleWebKit/537.36 (KHTML, like Gecko) Chrome/56.0.2924.87 Safari/537.36"
192.168.99.1 - - [26/Feb/2017:04:40:46 -0500] "GET /skin/adminhtml/default/default/images/nav2_li_bg.png HTTP/1.1" 200 163 "http://dev.debian.loc/skin/adminhtml/default/default/menu.css" "Mozilla/5.0 (Windows NT 10.0; WOW64) AppleWebKit/537.36 (KHTML, like Gecko) Chrome/56.0.2924.87 Safari/537.36"
192.168.99.1 - - [26/Feb/2017:04:40:46 -0500] "GET /skin/adminhtml/default/default/images/nav2_last_li_bg.png HTTP/1.1" 200 350 "http://dev.debian.loc/skin/adminhtml/default/default/menu.css" "Mozilla/5.0 (Windows NT 10.0; WOW64) AppleWebKit/537.36 (KHTML, like Gecko) Chrome/56.0.2924.87 Safari/537.36"
192.168.99.1 - - [26/Feb/2017:04:40:46 -0500] "GET /skin/adminhtml/default/default/images/nav3_bg.png HTTP/1.1" 200 164 "http://dev.debian.loc/skin/adminhtml/default/default/menu.css" "Mozilla/5.0 (Windows NT 10.0; WOW64) AppleWebKit/537.36 (KHTML, like Gecko) Chrome/56.0.2924.87 Safari/537.36"
192.168.99.1 - - [26/Feb/2017:04:40:46 -0500] "GET /skin/adminhtml/default/default/images/i_question-mark.png HTTP/1.1" 200 1654 "http://dev.debian.loc/skin/adminhtml/default/default/boxes.css" "Mozilla/5.0 (Windows NT 10.0; WOW64) AppleWebKit/537.36 (KHTML, like Gecko) Chrome/56.0.2924.87 Safari/537.36"
192.168.99.1 - - [26/Feb/2017:04:42:05 -0500] "GET /index.php/admin/catalog_product/edit/id/905/back/edit/tab/product_info_tabs_group_110/key/bd14b0a8f8ebad818a69930330c9043a/ HTTP/1.1" 200 29162 "http://dev.debian.loc/index.php/admin/catalog_product/edit/id/905/back/edit/tab/product_info_tabs_group_110/key/bd14b0a8f8ebad818a69930330c9043a/" "Mozilla/5.0 (Windows NT 10.0; WOW64) AppleWebKit/537.36 (KHTML, like Gecko) Chrome/56.0.2924.87 Safari/537.36"
192.168.99.1 - - [26/Feb/2017:04:42:06 -0500] "GET /skin/adminhtml/default/default/images/nav2_li_bg.png HTTP/1.1" 200 163 "http://dev.debian.loc/skin/adminhtml/default/default/menu.css" "Mozilla/5.0 (Windows NT 10.0; WOW64) AppleWebKit/537.36 (KHTML, like Gecko) Chrome/56.0.2924.87 Safari/537.36"
192.168.99.1 - - [26/Feb/2017:04:42:06 -0500] "GET /skin/adminhtml/default/default/images/nav2_last_li_bg.png HTTP/1.1" 200 350 "http://dev.debian.loc/skin/adminhtml/default/default/menu.css" "Mozilla/5.0 (Windows NT 10.0; WOW64) AppleWebKit/537.36 (KHTML, like Gecko) Chrome/56.0.2924.87 Safari/537.36"
192.168.99.1 - - [26/Feb/2017:04:42:06 -0500] "GET /skin/adminhtml/default/default/images/nav3_bg.png HTTP/1.1" 200 164 "http://dev.debian.loc/skin/adminhtml/default/default/menu.css" "Mozilla/5.0 (Windows NT 10.0; WOW64) AppleWebKit/537.36 (KHTML, like Gecko) Chrome/56.0.2924.87 Safari/537.36"
192.168.99.1 - - [26/Feb/2017:04:42:06 -0500] "GET /skin/adminhtml/default/default/images/i_question-mark.png HTTP/1.1" 200 1654 "http://dev.debian.loc/skin/adminhtml/default/default/boxes.css" "Mozilla/5.0 (Windows NT 10.0; WOW64) AppleWebKit/537.36 (KHTML, like Gecko) Chrome/56.0.2924.87 Safari/537.36"
192.168.99.1 - - [26/Feb/2017:04:46:37 -0500] "POST /index.php/admin/catalog_product/validate/id/905/back/edit/tab/product_info_tabs_group_110/key/cb4d60516e9e0d8149d235089189cf50/?isAjax=true HTTP/1.1" 200 46 "http://dev.debian.loc/index.php/admin/catalog_product/edit/id/905/back/edit/tab/product_info_tabs_group_110/key/bd14b0a8f8ebad818a69930330c9043a/" "Mozilla/5.0 (Windows NT 10.0; WOW64) AppleWebKit/537.36 (KHTML, like Gecko) Chrome/56.0.2924.87 Safari/537.36"
192.168.99.1 - - [26/Feb/2017:04:47:04 -0500] "POST /index.php/admin/catalog_product/save/back/edit/tab/product_info_tabs_group_110/id/905/key/1d0c54117f8eaa83ef0e45a3d61b7f4c/ HTTP/1.1" 302 5 "http://dev.debian.loc/index.php/admin/catalog_product/edit/id/905/back/edit/tab/product_info_tabs_group_110/key/bd14b0a8f8ebad818a69930330c9043a/" "Mozilla/5.0 (Windows NT 10.0; WOW64) AppleWebKit/537.36 (KHTML, like Gecko) Chrome/56.0.2924.87 Safari/537.36"
192.168.99.1 - - [26/Feb/2017:04:47:35 -0500] "GET /index.php/admin/catalog_product/edit/id/905/back/edit/tab/product_info_tabs_group_110/key/bd14b0a8f8ebad818a69930330c9043a/ HTTP/1.1" 502 568 "http://dev.debian.loc/index.php/admin/catalog_product/edit/id/905/back/edit/tab/product_info_tabs_group_110/key/bd14b0a8f8ebad818a69930330c9043a/" "Mozilla/5.0 (Windows NT 10.0; WOW64) AppleWebKit/537.36 (KHTML, like Gecko) Chrome/56.0.2924.87 Safari/537.36"
192.168.99.1 - - [26/Feb/2017:04:48:21 -0500] "GET /index.php/admin/catalog_product/edit/id/905/back/edit/tab/product_info_tabs_group_110/key/bd14b0a8f8ebad818a69930330c9043a/ HTTP/1.1" 200 23797 "http://dev.debian.loc/index.php/admin/catalog_product/edit/id/905/back/edit/tab/product_info_tabs_group_110/key/bd14b0a8f8ebad818a69930330c9043a/" "Mozilla/5.0 (Windows NT 10.0; WOW64) AppleWebKit/537.36 (KHTML, like Gecko) Chrome/56.0.2924.87 Safari/537.36"
192.168.99.1 - - [26/Feb/2017:04:48:21 -0500] "GET /skin/adminhtml/default/default/images/nav2_li_bg.png HTTP/1.1" 200 163 "http://dev.debian.loc/skin/adminhtml/default/default/menu.css" "Mozilla/5.0 (Windows NT 10.0; WOW64) AppleWebKit/537.36 (KHTML, like Gecko) Chrome/56.0.2924.87 Safari/537.36"
192.168.99.1 - - [26/Feb/2017:04:48:21 -0500] "GET /skin/adminhtml/default/default/images/nav2_last_li_bg.png HTTP/1.1" 200 350 "http://dev.debian.loc/skin/adminhtml/default/default/menu.css" "Mozilla/5.0 (Windows NT 10.0; WOW64) AppleWebKit/537.36 (KHTML, like Gecko) Chrome/56.0.2924.87 Safari/537.36"
192.168.99.1 - - [26/Feb/2017:04:48:21 -0500] "GET /skin/adminhtml/default/default/images/nav3_bg.png HTTP/1.1" 200 164 "http://dev.debian.loc/skin/adminhtml/default/default/menu.css" "Mozilla/5.0 (Windows NT 10.0; WOW64) AppleWebKit/537.36 (KHTML, like Gecko) Chrome/56.0.2924.87 Safari/537.36"
192.168.99.1 - - [26/Feb/2017:04:48:21 -0500] "GET /skin/adminhtml/default/default/images/i_question-mark.png HTTP/1.1" 200 1654 "http://dev.debian.loc/skin/adminhtml/default/default/boxes.css" "Mozilla/5.0 (Windows NT 10.0; WOW64) AppleWebKit/537.36 (KHTML, like Gecko) Chrome/56.0.2924.87 Safari/537.36"
192.168.99.1 - - [26/Feb/2017:04:50:35 -0500] "GET /index.php/admin/catalog_product/edit/id/905/back/edit/tab/product_info_tabs_group_110/key/bd14b0a8f8ebad818a69930330c9043a/ HTTP/1.1" 200 29124 "http://dev.debian.loc/index.php/admin/catalog_product/edit/id/905/back/edit/tab/product_info_tabs_group_110/key/bd14b0a8f8ebad818a69930330c9043a/" "Mozilla/5.0 (Windows NT 10.0; WOW64) AppleWebKit/537.36 (KHTML, like Gecko) Chrome/56.0.2924.87 Safari/537.36"
192.168.99.1 - - [26/Feb/2017:04:50:35 -0500] "GET /skin/adminhtml/default/default/images/nav2_li_bg.png HTTP/1.1" 200 163 "http://dev.debian.loc/skin/adminhtml/default/default/menu.css" "Mozilla/5.0 (Windows NT 10.0; WOW64) AppleWebKit/537.36 (KHTML, like Gecko) Chrome/56.0.2924.87 Safari/537.36"
192.168.99.1 - - [26/Feb/2017:04:50:35 -0500] "GET /skin/adminhtml/default/default/images/nav2_last_li_bg.png HTTP/1.1" 200 350 "http://dev.debian.loc/skin/adminhtml/default/default/menu.css" "Mozilla/5.0 (Windows NT 10.0; WOW64) AppleWebKit/537.36 (KHTML, like Gecko) Chrome/56.0.2924.87 Safari/537.36"
192.168.99.1 - - [26/Feb/2017:04:50:35 -0500] "GET /skin/adminhtml/default/default/images/nav3_bg.png HTTP/1.1" 200 164 "http://dev.debian.loc/skin/adminhtml/default/default/menu.css" "Mozilla/5.0 (Windows NT 10.0; WOW64) AppleWebKit/537.36 (KHTML, like Gecko) Chrome/56.0.2924.87 Safari/537.36"
192.168.99.1 - - [26/Feb/2017:04:50:35 -0500] "GET /skin/adminhtml/default/default/images/i_question-mark.png HTTP/1.1" 200 1654 "http://dev.debian.loc/skin/adminhtml/default/default/boxes.css" "Mozilla/5.0 (Windows NT 10.0; WOW64) AppleWebKit/537.36 (KHTML, like Gecko) Chrome/56.0.2924.87 Safari/537.36"
192.168.99.1 - - [26/Feb/2017:04:50:41 -0500] "POST /index.php/admin/catalog_product/validate/id/905/back/edit/tab/product_info_tabs_group_110/key/cb4d60516e9e0d8149d235089189cf50/?isAjax=true HTTP/1.1" 200 46 "http://dev.debian.loc/index.php/admin/catalog_product/edit/id/905/back/edit/tab/product_info_tabs_group_110/key/bd14b0a8f8ebad818a69930330c9043a/" "Mozilla/5.0 (Windows NT 10.0; WOW64) AppleWebKit/537.36 (KHTML, like Gecko) Chrome/56.0.2924.87 Safari/537.36"
192.168.99.1 - - [26/Feb/2017:04:50:45 -0500] "POST /index.php/admin/catalog_product/save/back/edit/tab/product_info_tabs_group_110/id/905/key/1d0c54117f8eaa83ef0e45a3d61b7f4c/ HTTP/1.1" 302 5 "http://dev.debian.loc/index.php/admin/catalog_product/edit/id/905/back/edit/tab/product_info_tabs_group_110/key/bd14b0a8f8ebad818a69930330c9043a/" "Mozilla/5.0 (Windows NT 10.0; WOW64) AppleWebKit/537.36 (KHTML, like Gecko) Chrome/56.0.2924.87 Safari/537.36"
192.168.99.1 - - [26/Feb/2017:04:50:55 -0500] "GET /index.php/admin/catalog_product/edit/id/905/back/edit/tab/product_info_tabs_group_110/key/bd14b0a8f8ebad818a69930330c9043a/ HTTP/1.1" 200 29163 "http://dev.debian.loc/index.php/admin/catalog_product/edit/id/905/back/edit/tab/product_info_tabs_group_110/key/bd14b0a8f8ebad818a69930330c9043a/" "Mozilla/5.0 (Windows NT 10.0; WOW64) AppleWebKit/537.36 (KHTML, like Gecko) Chrome/56.0.2924.87 Safari/537.36"
127.0.0.1 - - [26/Feb/2017:05:22:32 -0500] "POST /app/etc/local.xml HTTP/1.1" 405 166 "-" "-"
192.168.99.1 - - [26/Feb/2017:05:22:33 -0500] "GET /index.php/admin/catalog_product/index/key/7480c10fd0ae7e444cf0b1ea77fb485b/ HTTP/1.1" 200 17073 "http://dev.debian.loc/index.php/admin/catalog_product/edit/id/905/back/edit/tab/product_info_tabs_group_110/key/bd14b0a8f8ebad818a69930330c9043a/" "Mozilla/5.0 (Windows NT 10.0; WOW64) AppleWebKit/537.36 (KHTML, like Gecko) Chrome/56.0.2924.87 Safari/537.36"
192.168.99.1 - - [26/Feb/2017:05:22:37 -0500] "POST /index.php/admin/catalog_product/grid/key/21b34db72c5a208b8020deb85c8588ec/product_filter/c2t1PW1zajAwNmMtUmVkLU0mcHJpY2UlNUJjdXJyZW5jeSU1RD1VU0Q=/?ajax=true&isAjax=true HTTP/1.1" 200 2509 "http://dev.debian.loc/index.php/admin/catalog_product/index/key/7480c10fd0ae7e444cf0b1ea77fb485b/" "Mozilla/5.0 (Windows NT 10.0; WOW64) AppleWebKit/537.36 (KHTML, like Gecko) Chrome/56.0.2924.87 Safari/537.36"
192.168.99.1 - - [26/Feb/2017:05:24:46 -0500] "GET /index.php/admin/catalog_product/edit/id/901/key/bd14b0a8f8ebad818a69930330c9043a/ HTTP/1.1" 200 28999 "http://dev.debian.loc/index.php/admin/catalog_product/index/key/7480c10fd0ae7e444cf0b1ea77fb485b/" "Mozilla/5.0 (Windows NT 10.0; WOW64) AppleWebKit/537.36 (KHTML, like Gecko) Chrome/56.0.2924.87 Safari/537.36"
192.168.99.1 - - [26/Feb/2017:05:25:08 -0500] "POST /index.php/admin/catalog_product/validate/id/901/key/cb4d60516e9e0d8149d235089189cf50/?isAjax=true HTTP/1.1" 200 46 "http://dev.debian.loc/index.php/admin/catalog_product/edit/id/901/key/bd14b0a8f8ebad818a69930330c9043a/" "Mozilla/5.0 (Windows NT 10.0; WOW64) AppleWebKit/537.36 (KHTML, like Gecko) Chrome/56.0.2924.87 Safari/537.36"
192.168.99.1 - - [26/Feb/2017:05:25:11 -0500] "POST /index.php/admin/catalog_product/save/back/edit/tab/product_info_tabs_group_110/id/901/key/1d0c54117f8eaa83ef0e45a3d61b7f4c/ HTTP/1.1" 302 5 "http://dev.debian.loc/index.php/admin/catalog_product/edit/id/901/key/bd14b0a8f8ebad818a69930330c9043a/" "Mozilla/5.0 (Windows NT 10.0; WOW64) AppleWebKit/537.36 (KHTML, like Gecko) Chrome/56.0.2924.87 Safari/537.36"
192.168.99.1 - - [26/Feb/2017:05:25:13 -0500] "GET /index.php/admin/catalog_product/edit/id/901/back/edit/tab/product_info_tabs_group_110/key/bd14b0a8f8ebad818a69930330c9043a/ HTTP/1.1" 200 29144 "http://dev.debian.loc/index.php/admin/catalog_product/edit/id/901/key/bd14b0a8f8ebad818a69930330c9043a/" "Mozilla/5.0 (Windows NT 10.0; WOW64) AppleWebKit/537.36 (KHTML, like Gecko) Chrome/56.0.2924.87 Safari/537.36"
192.168.99.1 - - [26/Feb/2017:05:25:29 -0500] "GET / HTTP/1.1" 302 5 "-" "Mozilla/5.0 (Windows NT 10.0; WOW64) AppleWebKit/537.36 (KHTML, like Gecko) Chrome/56.0.2924.87 Safari/537.36"
192.168.99.1 - - [26/Feb/2017:05:25:31 -0500] "GET / HTTP/1.1" 200 5953 "-" "Mozilla/5.0 (Windows NT 10.0; WOW64) AppleWebKit/537.36 (KHTML, like Gecko) Chrome/56.0.2924.87 Safari/537.36"
192.168.99.1 - - [26/Feb/2017:05:25:41 -0500] "GET /catalogsearch/result/?q=msj006c-Red-M HTTP/1.1" 200 4670 "http://dev.debian.loc/" "Mozilla/5.0 (Windows NT 10.0; WOW64) AppleWebKit/537.36 (KHTML, like Gecko) Chrome/56.0.2924.87 Safari/537.36"
192.168.99.1 - - [26/Feb/2017:05:25:41 -0500] "GET /catalogsearch/ajax/suggest/?q=msj006c-Red-M HTTP/1.1" 499 0 "http://dev.debian.loc/" "Mozilla/5.0 (Windows NT 10.0; WOW64) AppleWebKit/537.36 (KHTML, like Gecko) Chrome/56.0.2924.87 Safari/537.36"
192.168.99.1 - - [26/Feb/2017:05:25:48 -0500] "GET /catalogsearch/result/?q=msj006c HTTP/1.1" 200 6583 "http://dev.debian.loc/catalogsearch/result/?q=msj006c-Red-M" "Mozilla/5.0 (Windows NT 10.0; WOW64) AppleWebKit/537.36 (KHTML, like Gecko) Chrome/56.0.2924.87 Safari/537.36"
192.168.99.1 - - [26/Feb/2017:05:25:48 -0500] "GET /catalogsearch/ajax/suggest/?q=msj006c HTTP/1.1" 499 0 "http://dev.debian.loc/catalogsearch/result/?q=msj006c-Red-M" "Mozilla/5.0 (Windows NT 10.0; WOW64) AppleWebKit/537.36 (KHTML, like Gecko) Chrome/56.0.2924.87 Safari/537.36"
192.168.99.1 - - [26/Feb/2017:05:25:52 -0500] "GET /plaid-cotton-shirt-582.html HTTP/1.1" 200 11632 "http://dev.debian.loc/catalogsearch/result/?q=msj006c" "Mozilla/5.0 (Windows NT 10.0; WOW64) AppleWebKit/537.36 (KHTML, like Gecko) Chrome/56.0.2924.87 Safari/537.36"
127.0.0.1 - - [26/Feb/2017:05:27:23 -0500] "POST /repiitsubscription/order/create HTTP/1.1" 200 1337 "-" "Mozilla/5.0 (Windows NT 10.0; WOW64) AppleWebKit/537.36 (KHTML, like Gecko) Chrome/54.0.2840.99 Safari/537.36"
127.0.0.1 - - [26/Feb/2017:05:28:13 -0500] "POST /repiitsubscription/order/create HTTP/1.1" 200 1345 "-" "Mozilla/5.0 (Windows NT 10.0; WOW64) AppleWebKit/537.36 (KHTML, like Gecko) Chrome/54.0.2840.99 Safari/537.36"
192.168.99.1 - - [26/Feb/2017:05:28:26 -0500] "GET /index.php/admin/sales_order/index/key/57512d0858a6c8b26735e888054bf377/ HTTP/1.1" 200 15720 "http://dev.debian.loc/index.php/admin/catalog_product/edit/id/901/back/edit/tab/product_info_tabs_group_110/key/bd14b0a8f8ebad818a69930330c9043a/" "Mozilla/5.0 (Windows NT 10.0; WOW64) AppleWebKit/537.36 (KHTML, like Gecko) Chrome/56.0.2924.87 Safari/537.36"
127.0.0.1 - - [26/Feb/2017:05:29:15 -0500] "POST /repiitsubscription/order/create HTTP/1.1" 200 1338 "-" "Mozilla/5.0 (Windows NT 10.0; WOW64) AppleWebKit/537.36 (KHTML, like Gecko) Chrome/54.0.2840.99 Safari/537.36"
192.168.99.1 - - [26/Feb/2017:05:29:43 -0500] "GET /index.php/admin/sales_order/index/key/57512d0858a6c8b26735e888054bf377/ HTTP/1.1" 200 15721 "http://dev.debian.loc/index.php/admin/catalog_product/edit/id/901/back/edit/tab/product_info_tabs_group_110/key/bd14b0a8f8ebad818a69930330c9043a/" "Mozilla/5.0 (Windows NT 10.0; WOW64) AppleWebKit/537.36 (KHTML, like Gecko) Chrome/56.0.2924.87 Safari/537.36"
127.0.0.1 - - [26/Feb/2017:05:29:53 -0500] "POST /repiitsubscription/order/create HTTP/1.1" 200 561 "-" "Mozilla/5.0 (Windows NT 10.0; WOW64) AppleWebKit/537.36 (KHTML, like Gecko) Chrome/54.0.2840.99 Safari/537.36"
192.168.99.1 - - [26/Feb/2017:05:30:01 -0500] "GET /index.php/admin/sales_order/index/key/57512d0858a6c8b26735e888054bf377/ HTTP/1.1" 200 15718 "http://dev.debian.loc/index.php/admin/catalog_product/edit/id/901/back/edit/tab/product_info_tabs_group_110/key/bd14b0a8f8ebad818a69930330c9043a/" "Mozilla/5.0 (Windows NT 10.0; WOW64) AppleWebKit/537.36 (KHTML, like Gecko) Chrome/56.0.2924.87 Safari/537.36"
192.168.99.1 - - [26/Feb/2017:05:30:10 -0500] "GET /index.php/admin/sales_order/index/key/57512d0858a6c8b26735e888054bf377/ HTTP/1.1" 200 15720 "http://dev.debian.loc/index.php/admin/catalog_product/edit/id/901/back/edit/tab/product_info_tabs_group_110/key/bd14b0a8f8ebad818a69930330c9043a/" "Mozilla/5.0 (Windows NT 10.0; WOW64) AppleWebKit/537.36 (KHTML, like Gecko) Chrome/56.0.2924.87 Safari/537.36"
127.0.0.1 - - [26/Feb/2017:05:30:15 -0500] "POST /repiitsubscription/order/create HTTP/1.1" 200 561 "-" "Mozilla/5.0 (Windows NT 10.0; WOW64) AppleWebKit/537.36 (KHTML, like Gecko) Chrome/54.0.2840.99 Safari/537.36"
192.168.99.1 - - [26/Feb/2017:05:30:20 -0500] "GET /index.php/admin/sales_order/index/key/57512d0858a6c8b26735e888054bf377/ HTTP/1.1" 200 15720 "http://dev.debian.loc/index.php/admin/catalog_product/edit/id/901/back/edit/tab/product_info_tabs_group_110/key/bd14b0a8f8ebad818a69930330c9043a/" "Mozilla/5.0 (Windows NT 10.0; WOW64) AppleWebKit/537.36 (KHTML, like Gecko) Chrome/56.0.2924.87 Safari/537.36"
127.0.0.1 - - [26/Feb/2017:05:31:09 -0500] "POST /repiitsubscription/order/create HTTP/1.1" 200 645 "-" "Mozilla/5.0 (Windows NT 10.0; WOW64) AppleWebKit/537.36 (KHTML, like Gecko) Chrome/54.0.2840.99 Safari/537.36"
127.0.0.1 - - [26/Feb/2017:05:32:29 -0500] "POST /repiitsubscription/order/create HTTP/1.1" 200 605 "-" "Mozilla/5.0 (Windows NT 10.0; WOW64) AppleWebKit/537.36 (KHTML, like Gecko) Chrome/54.0.2840.99 Safari/537.36"
127.0.0.1 - - [26/Feb/2017:05:33:29 -0500] "POST /repiitsubscription/order/create HTTP/1.1" 200 561 "-" "Mozilla/5.0 (Windows NT 10.0; WOW64) AppleWebKit/537.36 (KHTML, like Gecko) Chrome/54.0.2840.99 Safari/537.36"
192.168.99.1 - - [26/Feb/2017:05:33:35 -0500] "GET /index.php/admin/sales_order/index/key/57512d0858a6c8b26735e888054bf377/ HTTP/1.1" 200 15752 "http://dev.debian.loc/index.php/admin/catalog_product/edit/id/901/back/edit/tab/product_info_tabs_group_110/key/bd14b0a8f8ebad818a69930330c9043a/" "Mozilla/5.0 (Windows NT 10.0; WOW64) AppleWebKit/537.36 (KHTML, like Gecko) Chrome/56.0.2924.87 Safari/537.36"
192.168.99.1 - - [26/Feb/2017:05:33:35 -0500] "GET /skin/adminhtml/default/default/images/nav2_li_bg.png HTTP/1.1" 200 163 "http://dev.debian.loc/skin/adminhtml/default/default/menu.css" "Mozilla/5.0 (Windows NT 10.0; WOW64) AppleWebKit/537.36 (KHTML, like Gecko) Chrome/56.0.2924.87 Safari/537.36"
192.168.99.1 - - [26/Feb/2017:05:33:35 -0500] "GET /skin/adminhtml/default/default/images/nav2_last_li_bg.png HTTP/1.1" 200 350 "http://dev.debian.loc/skin/adminhtml/default/default/menu.css" "Mozilla/5.0 (Windows NT 10.0; WOW64) AppleWebKit/537.36 (KHTML, like Gecko) Chrome/56.0.2924.87 Safari/537.36"
192.168.99.1 - - [26/Feb/2017:05:33:35 -0500] "GET /skin/adminhtml/default/default/images/nav3_bg.png HTTP/1.1" 200 164 "http://dev.debian.loc/skin/adminhtml/default/default/menu.css" "Mozilla/5.0 (Windows NT 10.0; WOW64) AppleWebKit/537.36 (KHTML, like Gecko) Chrome/56.0.2924.87 Safari/537.36"
192.168.99.1 - - [26/Feb/2017:05:33:43 -0500] "GET /index.php/admin/sales_order/view/order_id/216/key/8c5d65441551bd6edd98adaa46e1a545/ HTTP/1.1" 200 18901 "http://dev.debian.loc/index.php/admin/sales_order/index/key/57512d0858a6c8b26735e888054bf377/" "Mozilla/5.0 (Windows NT 10.0; WOW64) AppleWebKit/537.36 (KHTML, like Gecko) Chrome/56.0.2924.87 Safari/537.36"
127.0.0.1 - - [26/Feb/2017:05:54:31 -0500] "POST /repiitsubscription/order/create HTTP/1.1" 200 586 "-" "Mozilla/5.0 (Windows NT 10.0; WOW64) AppleWebKit/537.36 (KHTML, like Gecko) Chrome/54.0.2840.99 Safari/537.36"
192.168.99.1 - - [26/Feb/2017:05:55:26 -0500] "GET /index.php/admin/system_config/index/key/a4fa575339bb823eeaf76fe8e856f44c/ HTTP/1.1" 200 33770 "http://dev.debian.loc/index.php/admin/sales_order/view/order_id/216/key/8c5d65441551bd6edd98adaa46e1a545/" "Mozilla/5.0 (Windows NT 10.0; WOW64) AppleWebKit/537.36 (KHTML, like Gecko) Chrome/56.0.2924.87 Safari/537.36"
192.168.99.1 - - [26/Feb/2017:05:55:50 -0500] "GET /index.php/admin/system_config/edit/section/shipping/key/723e07643c9c4310af666d714c088548/ HTTP/1.1" 200 21804 "http://dev.debian.loc/index.php/admin/system_config/index/key/a4fa575339bb823eeaf76fe8e856f44c/" "Mozilla/5.0 (Windows NT 10.0; WOW64) AppleWebKit/537.36 (KHTML, like Gecko) Chrome/56.0.2924.87 Safari/537.36"
192.168.99.1 - - [26/Feb/2017:05:55:54 -0500] "POST /index.php/admin/json/countryRegion/key/1f5f7abead12025dfe6b74a1de0df2b8/parent/US?isAjax=true HTTP/1.1" 200 916 "http://dev.debian.loc/index.php/admin/system_config/edit/section/shipping/key/723e07643c9c4310af666d714c088548/" "Mozilla/5.0 (Windows NT 10.0; WOW64) AppleWebKit/537.36 (KHTML, like Gecko) Chrome/56.0.2924.87 Safari/537.36"
192.168.99.1 - - [26/Feb/2017:05:56:04 -0500] "GET /index.php/admin/system_config/edit/section/carriers/key/723e07643c9c4310af666d714c088548/ HTTP/1.1" 200 35225 "http://dev.debian.loc/index.php/admin/system_config/edit/section/shipping/key/723e07643c9c4310af666d714c088548/" "Mozilla/5.0 (Windows NT 10.0; WOW64) AppleWebKit/537.36 (KHTML, like Gecko) Chrome/56.0.2924.87 Safari/537.36"
127.0.0.1 - - [26/Feb/2017:06:00:17 -0500] "POST /repiitsubscription/order/create HTTP/1.1" 200 586 "-" "Mozilla/5.0 (Windows NT 10.0; WOW64) AppleWebKit/537.36 (KHTML, like Gecko) Chrome/54.0.2840.99 Safari/537.36"
127.0.0.1 - - [26/Feb/2017:06:02:19 -0500] "POST /repiitsubscription/order/create HTTP/1.1" 200 561 "-" "Mozilla/5.0 (Windows NT 10.0; WOW64) AppleWebKit/537.36 (KHTML, like Gecko) Chrome/54.0.2840.99 Safari/537.36"
192.168.99.1 - - [26/Feb/2017:06:03:06 -0500] "GET /index.php/admin/dashboard/index/key/431c113f1d6e71f661122ea67fa74b7e/ HTTP/1.1" 200 14030 "http://dev.debian.loc/index.php/admin/system_config/edit/section/carriers/key/723e07643c9c4310af666d714c088548/" "Mozilla/5.0 (Windows NT 10.0; WOW64) AppleWebKit/537.36 (KHTML, like Gecko) Chrome/56.0.2924.87 Safari/537.36"
192.168.99.1 - - [26/Feb/2017:06:03:15 -0500] "GET /index.php/admin/sales_order/index/key/57512d0858a6c8b26735e888054bf377/ HTTP/1.1" 200 15753 "http://dev.debian.loc/index.php/admin/dashboard/index/key/431c113f1d6e71f661122ea67fa74b7e/" "Mozilla/5.0 (Windows NT 10.0; WOW64) AppleWebKit/537.36 (KHTML, like Gecko) Chrome/56.0.2924.87 Safari/537.36"
192.168.99.1 - - [26/Feb/2017:06:03:21 -0500] "GET /index.php/admin/sales_order/view/order_id/217/key/8c5d65441551bd6edd98adaa46e1a545/ HTTP/1.1" 200 18895 "http://dev.debian.loc/index.php/admin/sales_order/index/key/57512d0858a6c8b26735e888054bf377/" "Mozilla/5.0 (Windows NT 10.0; WOW64) AppleWebKit/537.36 (KHTML, like Gecko) Chrome/56.0.2924.87 Safari/537.36"
192.168.99.1 - - [26/Feb/2017:06:13:36 -0500] "GET /index.php/admin/sales_order_invoice/start/order_id/217/key/fa319a7443e6c336ad55650dae7a19ac/ HTTP/1.1" 302 5 "http://dev.debian.loc/index.php/admin/sales_order/view/order_id/217/key/8c5d65441551bd6edd98adaa46e1a545/" "Mozilla/5.0 (Windows NT 10.0; WOW64) AppleWebKit/537.36 (KHTML, like Gecko) Chrome/56.0.2924.87 Safari/537.36"
192.168.99.1 - - [26/Feb/2017:06:13:38 -0500] "GET /index.php/admin/sales_order_invoice/new/order_id/217/key/ba15d22f3b9c23ae2e77ea2c93aeac5e/ HTTP/1.1" 200 15170 "http://dev.debian.loc/index.php/admin/sales_order/view/order_id/217/key/8c5d65441551bd6edd98adaa46e1a545/" "Mozilla/5.0 (Windows NT 10.0; WOW64) AppleWebKit/537.36 (KHTML, like Gecko) Chrome/56.0.2924.87 Safari/537.36"
192.168.99.1 - - [26/Feb/2017:06:13:43 -0500] "POST /index.php/admin/sales_order_invoice/save/order_id/217/key/cb7777f5b97cdf999cf3694f367aab63/ HTTP/1.1" 302 5 "http://dev.debian.loc/index.php/admin/sales_order_invoice/new/order_id/217/key/ba15d22f3b9c23ae2e77ea2c93aeac5e/" "Mozilla/5.0 (Windows NT 10.0; WOW64) AppleWebKit/537.36 (KHTML, like Gecko) Chrome/56.0.2924.87 Safari/537.36"
192.168.99.1 - - [26/Feb/2017:06:13:46 -0500] "GET /index.php/admin/sales_order/view/order_id/217/key/8c5d65441551bd6edd98adaa46e1a545/ HTTP/1.1" 200 19132 "http://dev.debian.loc/index.php/admin/sales_order_invoice/new/order_id/217/key/ba15d22f3b9c23ae2e77ea2c93aeac5e/" "Mozilla/5.0 (Windows NT 10.0; WOW64) AppleWebKit/537.36 (KHTML, like Gecko) Chrome/56.0.2924.87 Safari/537.36"
192.168.99.1 - - [26/Feb/2017:06:14:51 -0500] "GET /repiitsubscription/token/gettattoken HTTP/1.1" 200 520 "-" "Mozilla/5.0 (Windows NT 10.0; WOW64) AppleWebKit/537.36 (KHTML, like Gecko) Chrome/56.0.2924.87 Safari/537.36"
192.168.99.1 - - [26/Feb/2017:07:59:50 -0500] "GET /index.php/admin/sales_order/index/key/57512d0858a6c8b26735e888054bf377/ HTTP/1.1" 200 1100 "http://dev.debian.loc/index.php/admin/sales_order/view/order_id/217/key/8c5d65441551bd6edd98adaa46e1a545/" "Mozilla/5.0 (Windows NT 10.0; WOW64) AppleWebKit/537.36 (KHTML, like Gecko) Chrome/56.0.2924.87 Safari/537.36"
192.168.99.1 - - [26/Feb/2017:07:59:59 -0500] "POST /index.php/admin/sales_order/index/key/57512d0858a6c8b26735e888054bf377/ HTTP/1.1" 302 5 "http://dev.debian.loc/index.php/admin/sales_order/index/key/57512d0858a6c8b26735e888054bf377/" "Mozilla/5.0 (Windows NT 10.0; WOW64) AppleWebKit/537.36 (KHTML, like Gecko) Chrome/56.0.2924.87 Safari/537.36"
127.0.0.1 - - [26/Feb/2017:08:00:01 -0500] "POST /app/etc/local.xml HTTP/1.1" 405 166 "-" "-"
192.168.99.1 - - [26/Feb/2017:08:00:12 -0500] "GET /index.php/admin/sales_order/index/key/76602d1ecbb429554b087e5033a9ad4e/ HTTP/1.1" 200 16275 "http://dev.debian.loc/index.php/admin/sales_order/index/key/57512d0858a6c8b26735e888054bf377/" "Mozilla/5.0 (Windows NT 10.0; WOW64) AppleWebKit/537.36 (KHTML, like Gecko) Chrome/56.0.2924.87 Safari/537.36"
192.168.99.1 - - [26/Feb/2017:08:36:05 -0500] "GET /admin HTTP/1.1" 302 5 "-" "Mozilla/5.0 (Windows NT 10.0; WOW64) AppleWebKit/537.36 (KHTML, like Gecko) Chrome/56.0.2924.87 Safari/537.36"
192.168.99.1 - - [26/Feb/2017:08:36:15 -0500] "GET /index.php/admin/dashboard/index/key/6ebac4170b07a16579007847b5446237/ HTTP/1.1" 200 14486 "-" "Mozilla/5.0 (Windows NT 10.0; WOW64) AppleWebKit/537.36 (KHTML, like Gecko) Chrome/56.0.2924.87 Safari/537.36"
192.168.99.1 - - [26/Feb/2017:08:36:17 -0500] "GET /index.php/admin/dashboard/tunnel/key/c5728c6a025c3e19a95033ecc4554ce0/?ga=eyJjaHQiOiJsYyIsImNoZiI6ImJnLHMsZjRmNGY0fGMsbGcsOTAsZmZmZmZmLDAuMSxlZGVkZWQsMCIsImNobSI6IkIsZjRkNGIyLDAsMCwwIiwiY2hjbyI6ImRiNDgxNCIsImNoZCI6ImU6QUFBQUFBQUFBQUFBQUFBQUFBQUFBQUFBQUFBQUFBQUFBQUFBQUFBQUFBZi5BQUFBIiwiY2h4dCI6IngseSIsImNoeGwiOiIwOnx8fDg6MDAgQU18fHwxMTowMCBBTXx8fDI6MDAgUE18fHw1OjAwIFBNfHx8ODowMCBQTXx8fDExOjAwIFBNfHx8MjowMCBBTXx8fDU6MDAgQU18MTp8MHwxfDIiLCJjaHMiOiI1ODd4MzAwIiwiY2hnIjoiNC4zNDc4MjYwODY5NTY1LDUwLDEsMCJ9&h=ed65e764cda1de52cac4dbbef7aff271 HTTP/1.1" 200 7330 "http://dev.debian.loc/index.php/admin/dashboard/index/key/6ebac4170b07a16579007847b5446237/" "Mozilla/5.0 (Windows NT 10.0; WOW64) AppleWebKit/537.36 (KHTML, like Gecko) Chrome/56.0.2924.87 Safari/537.36"
192.168.99.1 - - [26/Feb/2017:08:36:17 -0500] "GET /index.php/admin/dashboard/tunnel/key/c5728c6a025c3e19a95033ecc4554ce0/?ga=eyJjaHQiOiJsYyIsImNoZiI6ImJnLHMsZjRmNGY0fGMsbGcsOTAsZmZmZmZmLDAuMSxlZGVkZWQsMCIsImNobSI6IkIsZjRkNGIyLDAsMCwwIiwiY2hjbyI6ImRiNDgxNCIsImNoZCI6ImU6QUFBQUFBQUFBQUFBQUFBQUFBQUFBQUFBQUFBQUFBQUFBQUFBQUFBQUFBN2FBQUFBIiwiY2h4dCI6IngseSIsImNoeGwiOiIwOnx8fDg6MDAgQU18fHwxMTowMCBBTXx8fDI6MDAgUE18fHw1OjAwIFBNfHx8ODowMCBQTXx8fDExOjAwIFBNfHx8MjowMCBBTXx8fDU6MDAgQU18MTp8MHwxMHwyMHwzMHw0MHw1MHw2MHw3MCIsImNocyI6IjU4N3gzMDAiLCJjaGciOiI0LjM0NzgyNjA4Njk1NjUsMTQuMjg1NzE0Mjg1NzE0LDEsMCJ9&h=cb761dc2ab5f0850de3637baf42d26bc HTTP/1.1" 200 10951 "http://dev.debian.loc/index.php/admin/dashboard/index/key/6ebac4170b07a16579007847b5446237/" "Mozilla/5.0 (Windows NT 10.0; WOW64) AppleWebKit/537.36 (KHTML, like Gecko) Chrome/56.0.2924.87 Safari/537.36"
192.168.99.1 - - [26/Feb/2017:08:36:20 -0500] "GET /repiitsubscription/token/gettattoken HTTP/1.1" 200 520 "-" "Mozilla/5.0 (Windows NT 10.0; WOW64) AppleWebKit/537.36 (KHTML, like Gecko) Chrome/56.0.2924.87 Safari/537.36"
192.168.99.1 - - [26/Feb/2017:08:52:55 -0500] "GET /repiitsubscription/token/gettattoken HTTP/1.1" 200 520 "-" "Mozilla/5.0 (Windows NT 10.0; WOW64) AppleWebKit/537.36 (KHTML, like Gecko) Chrome/56.0.2924.87 Safari/537.36"
192.168.99.1 - - [26/Feb/2017:08:55:40 -0500] "GET /index.php/admin/catalog_product/index/key/5e42e1de785a03fb768fdd0905524de4/ HTTP/1.1" 200 17054 "http://dev.debian.loc/index.php/admin/sales_order/index/key/76602d1ecbb429554b087e5033a9ad4e/" "Mozilla/5.0 (Windows NT 10.0; WOW64) AppleWebKit/537.36 (KHTML, like Gecko) Chrome/56.0.2924.87 Safari/537.36"
192.168.99.1 - - [26/Feb/2017:08:55:46 -0500] "GET /index.php/admin/catalog_product/edit/id/881/key/351ce300e4d62cdced181fe16223fd4f/ HTTP/1.1" 200 29134 "http://dev.debian.loc/index.php/admin/catalog_product/index/key/5e42e1de785a03fb768fdd0905524de4/" "Mozilla/5.0 (Windows NT 10.0; WOW64) AppleWebKit/537.36 (KHTML, like Gecko) Chrome/56.0.2924.87 Safari/537.36"
192.168.99.1 - - [26/Feb/2017:08:56:00 -0500] "POST /index.php/admin/catalog_product/validate/id/881/key/052bd1b84db679a807ed993d72ce3867/?isAjax=true HTTP/1.1" 200 46 "http://dev.debian.loc/index.php/admin/catalog_product/edit/id/881/key/351ce300e4d62cdced181fe16223fd4f/" "Mozilla/5.0 (Windows NT 10.0; WOW64) AppleWebKit/537.36 (KHTML, like Gecko) Chrome/56.0.2924.87 Safari/537.36"
192.168.99.1 - - [26/Feb/2017:08:56:03 -0500] "POST /index.php/admin/catalog_product/save/back/edit/tab/product_info_tabs_group_110/id/881/key/9b5e1021dc95d8dd7bfff0b0cd0ea9d1/ HTTP/1.1" 302 5 "http://dev.debian.loc/index.php/admin/catalog_product/edit/id/881/key/351ce300e4d62cdced181fe16223fd4f/" "Mozilla/5.0 (Windows NT 10.0; WOW64) AppleWebKit/537.36 (KHTML, like Gecko) Chrome/56.0.2924.87 Safari/537.36"
192.168.99.1 - - [26/Feb/2017:08:56:06 -0500] "GET /index.php/admin/catalog_product/edit/id/881/back/edit/tab/product_info_tabs_group_110/key/351ce300e4d62cdced181fe16223fd4f/ HTTP/1.1" 200 29267 "http://dev.debian.loc/index.php/admin/catalog_product/edit/id/881/key/351ce300e4d62cdced181fe16223fd4f/" "Mozilla/5.0 (Windows NT 10.0; WOW64) AppleWebKit/537.36 (KHTML, like Gecko) Chrome/56.0.2924.87 Safari/537.36"
127.0.0.1 - - [26/Feb/2017:09:04:00 -0500] "POST /app/etc/local.xml HTTP/1.1" 405 166 "-" "-"
192.168.99.1 - - [26/Feb/2017:09:04:02 -0500] "GET /index.php/admin/catalog_product/edit/id/881/back/edit/tab/product_info_tabs_group_110/key/351ce300e4d62cdced181fe16223fd4f/ HTTP/1.1" 200 29230 "http://dev.debian.loc/index.php/admin/catalog_product/edit/id/881/key/351ce300e4d62cdced181fe16223fd4f/" "Mozilla/5.0 (Windows NT 10.0; WOW64) AppleWebKit/537.36 (KHTML, like Gecko) Chrome/56.0.2924.87 Safari/537.36"
192.168.99.1 - - [26/Feb/2017:09:05:27 -0500] "GET /index.php/admin/catalog_product/edit/id/881/back/edit/tab/product_info_tabs_group_110/key/351ce300e4d62cdced181fe16223fd4f/ HTTP/1.1" 200 29230 "http://dev.debian.loc/index.php/admin/catalog_product/edit/id/881/key/351ce300e4d62cdced181fe16223fd4f/" "Mozilla/5.0 (Windows NT 10.0; WOW64) AppleWebKit/537.36 (KHTML, like Gecko) Chrome/56.0.2924.87 Safari/537.36"
192.168.99.1 - - [26/Feb/2017:09:06:54 -0500] "GET /index.php/admin/catalog_product/edit/id/881/back/edit/tab/product_info_tabs_group_110/key/351ce300e4d62cdced181fe16223fd4f/ HTTP/1.1" 200 29233 "http://dev.debian.loc/index.php/admin/catalog_product/edit/id/881/key/351ce300e4d62cdced181fe16223fd4f/" "Mozilla/5.0 (Windows NT 10.0; WOW64) AppleWebKit/537.36 (KHTML, like Gecko) Chrome/56.0.2924.87 Safari/537.36"
192.168.99.1 - - [26/Feb/2017:09:06:54 -0500] "GET /skin/adminhtml/default/default/images/nav2_li_bg.png HTTP/1.1" 200 163 "http://dev.debian.loc/skin/adminhtml/default/default/menu.css" "Mozilla/5.0 (Windows NT 10.0; WOW64) AppleWebKit/537.36 (KHTML, like Gecko) Chrome/56.0.2924.87 Safari/537.36"
192.168.99.1 - - [26/Feb/2017:09:06:54 -0500] "GET /skin/adminhtml/default/default/images/nav2_last_li_bg.png HTTP/1.1" 200 350 "http://dev.debian.loc/skin/adminhtml/default/default/menu.css" "Mozilla/5.0 (Windows NT 10.0; WOW64) AppleWebKit/537.36 (KHTML, like Gecko) Chrome/56.0.2924.87 Safari/537.36"
192.168.99.1 - - [26/Feb/2017:09:06:54 -0500] "GET /skin/adminhtml/default/default/images/nav3_bg.png HTTP/1.1" 200 164 "http://dev.debian.loc/skin/adminhtml/default/default/menu.css" "Mozilla/5.0 (Windows NT 10.0; WOW64) AppleWebKit/537.36 (KHTML, like Gecko) Chrome/56.0.2924.87 Safari/537.36"
192.168.99.1 - - [26/Feb/2017:09:06:54 -0500] "GET /skin/adminhtml/default/default/images/i_question-mark.png HTTP/1.1" 200 1654 "http://dev.debian.loc/skin/adminhtml/default/default/boxes.css" "Mozilla/5.0 (Windows NT 10.0; WOW64) AppleWebKit/537.36 (KHTML, like Gecko) Chrome/56.0.2924.87 Safari/537.36"
192.168.99.1 - - [26/Feb/2017:09:10:02 -0500] "GET /index.php/admin/catalog_product/edit/id/881/back/edit/tab/product_info_tabs_group_110/key/351ce300e4d62cdced181fe16223fd4f/ HTTP/1.1" 200 29231 "http://dev.debian.loc/index.php/admin/catalog_product/edit/id/881/key/351ce300e4d62cdced181fe16223fd4f/" "Mozilla/5.0 (Windows NT 10.0; WOW64) AppleWebKit/537.36 (KHTML, like Gecko) Chrome/56.0.2924.87 Safari/537.36"
192.168.99.1 - - [26/Feb/2017:09:12:30 -0500] "GET /index.php/admin/catalog_product/edit/id/881/back/edit/tab/product_info_tabs_group_110/key/351ce300e4d62cdced181fe16223fd4f/ HTTP/1.1" 200 29231 "http://dev.debian.loc/index.php/admin/catalog_product/edit/id/881/key/351ce300e4d62cdced181fe16223fd4f/" "Mozilla/5.0 (Windows NT 10.0; WOW64) AppleWebKit/537.36 (KHTML, like Gecko) Chrome/56.0.2924.87 Safari/537.36"
192.168.99.1 - - [26/Feb/2017:09:21:12 -0500] "GET /repiitsubscription/token/gettattoken HTTP/1.1" 200 520 "-" "Mozilla/5.0 (Windows NT 10.0; WOW64) AppleWebKit/537.36 (KHTML, like Gecko) Chrome/56.0.2924.87 Safari/537.36"
192.168.99.1 - - [26/Feb/2017:09:58:46 -0500] "GET /repiitsubscription/token/gettattoken HTTP/1.1" 200 520 "-" "Mozilla/5.0 (Windows NT 10.0; WOW64) AppleWebKit/537.36 (KHTML, like Gecko) Chrome/56.0.2924.87 Safari/537.36"
192.168.99.1 - - [26/Feb/2017:10:48:44 -0500] "GET /tests/testGet.php HTTP/1.1" 200 31 "-" "Mozilla/5.0 (Windows NT 10.0; WOW64) AppleWebKit/537.36 (KHTML, like Gecko) Chrome/56.0.2924.87 Safari/537.36"
192.168.99.1 - - [26/Feb/2017:10:48:52 -0500] "GET /tests/testGet.php HTTP/1.1" 200 31 "-" "Mozilla/5.0 (Windows NT 10.0; WOW64) AppleWebKit/537.36 (KHTML, like Gecko) Chrome/56.0.2924.87 Safari/537.36"
192.168.99.1 - - [26/Feb/2017:10:49:09 -0500] "GET /tests/testGet.php HTTP/1.1" 200 32 "-" "Mozilla/5.0 (Windows NT 10.0; WOW64) AppleWebKit/537.36 (KHTML, like Gecko) Chrome/56.0.2924.87 Safari/537.36"
192.168.99.1 - - [26/Feb/2017:11:02:08 -0500] "GET /index.php/admin/sales_order/index/key/76602d1ecbb429554b087e5033a9ad4e/ HTTP/1.1" 200 1102 "http://dev.debian.loc/index.php/admin/catalog_product/edit/id/881/back/edit/tab/product_info_tabs_group_110/key/351ce300e4d62cdced181fe16223fd4f/" "Mozilla/5.0 (Windows NT 10.0; WOW64) AppleWebKit/537.36 (KHTML, like Gecko) Chrome/56.0.2924.87 Safari/537.36"
192.168.99.1 - - [26/Feb/2017:11:02:17 -0500] "POST /index.php/admin/sales_order/index/key/76602d1ecbb429554b087e5033a9ad4e/ HTTP/1.1" 302 5 "http://dev.debian.loc/index.php/admin/sales_order/index/key/76602d1ecbb429554b087e5033a9ad4e/" "Mozilla/5.0 (Windows NT 10.0; WOW64) AppleWebKit/537.36 (KHTML, like Gecko) Chrome/56.0.2924.87 Safari/537.36"
127.0.0.1 - - [26/Feb/2017:11:02:21 -0500] "POST /app/etc/local.xml HTTP/1.1" 405 166 "-" "-"
192.168.99.1 - - [26/Feb/2017:11:02:51 -0500] "GET /index.php/admin/sales_order/index/key/99a10e3073d1cb152f37e0f169ed9e5f/ HTTP/1.1" 200 16274 "http://dev.debian.loc/index.php/admin/sales_order/index/key/76602d1ecbb429554b087e5033a9ad4e/" "Mozilla/5.0 (Windows NT 10.0; WOW64) AppleWebKit/537.36 (KHTML, like Gecko) Chrome/56.0.2924.87 Safari/537.36"
192.168.99.1 - - [26/Feb/2017:11:04:20 -0500] "GET /index.php/admin/sales_order/view/order_id/217/key/c20329b4ec1165c560353c614f8f3d44/ HTTP/1.1" 499 0 "http://dev.debian.loc/index.php/admin/sales_order/index/key/99a10e3073d1cb152f37e0f169ed9e5f/" "Mozilla/5.0 (Windows NT 10.0; WOW64) AppleWebKit/537.36 (KHTML, like Gecko) Chrome/56.0.2924.87 Safari/537.36"
192.168.99.1 - - [26/Feb/2017:11:05:01 -0500] "GET /index.php/admin/catalog_product/index/key/fc701167de1eb9042f92d368f337149b/ HTTP/1.1" 200 17052 "http://dev.debian.loc/index.php/admin/sales_order/index/key/99a10e3073d1cb152f37e0f169ed9e5f/" "Mozilla/5.0 (Windows NT 10.0; WOW64) AppleWebKit/537.36 (KHTML, like Gecko) Chrome/56.0.2924.87 Safari/537.36"
192.168.99.1 - - [26/Feb/2017:11:29:04 -0500] "GET /repiitsubscription/token/gettattoken HTTP/1.1" 200 520 "-" "Mozilla/5.0 (Windows NT 10.0; WOW64) AppleWebKit/537.36 (KHTML, like Gecko) Chrome/56.0.2924.87 Safari/537.36"
192.168.99.1 - - [26/Feb/2017:11:46:08 -0500] "GET /repiitsubscription/token/gettattoken HTTP/1.1" 200 520 "-" "Mozilla/5.0 (Windows NT 10.0; WOW64) AppleWebKit/537.36 (KHTML, like Gecko) Chrome/56.0.2924.87 Safari/537.36"
192.168.99.1 - - [26/Feb/2017:11:47:37 -0500] "GET /admin HTTP/1.1" 200 1100 "-" "Mozilla/5.0 (Windows NT 10.0; WOW64; rv:51.0) Gecko/20100101 Firefox/51.0"
192.168.99.1 - - [26/Feb/2017:11:47:46 -0500] "POST /admin HTTP/1.1" 302 5 "http://dev.debian.loc/admin" "Mozilla/5.0 (Windows NT 10.0; WOW64; rv:51.0) Gecko/20100101 Firefox/51.0"
192.168.99.1 - - [26/Feb/2017:11:47:51 -0500] "GET /index.php/admin/index/index/key/ec7a3593683c76ca694d94bd13e7d57a/ HTTP/1.1" 302 5 "http://dev.debian.loc/admin" "Mozilla/5.0 (Windows NT 10.0; WOW64; rv:51.0) Gecko/20100101 Firefox/51.0"
192.168.99.1 - - [26/Feb/2017:11:47:54 -0500] "GET /admin HTTP/1.1" 200 1101 "-" "Mozilla/5.0 (Windows NT 10.0; WOW64; rv:51.0) Gecko/20100101 Firefox/51.0"
127.0.0.1 - - [26/Feb/2017:11:47:55 -0500] "POST /app/etc/local.xml HTTP/1.1" 405 166 "-" "-"
192.168.99.1 - - [26/Feb/2017:11:48:05 -0500] "GET /index.php/admin/dashboard/index/key/795504acc7d5b44c81c352269ba0f3f9/ HTTP/1.1" 200 14954 "http://dev.debian.loc/admin" "Mozilla/5.0 (Windows NT 10.0; WOW64; rv:51.0) Gecko/20100101 Firefox/51.0"
192.168.99.1 - - [26/Feb/2017:11:48:07 -0500] "GET /skin/adminhtml/default/default/images/nav2_li_bg.png HTTP/1.1" 200 163 "http://dev.debian.loc/skin/adminhtml/default/default/menu.css" "Mozilla/5.0 (Windows NT 10.0; WOW64; rv:51.0) Gecko/20100101 Firefox/51.0"
