192.168.99.1 - - [01/Jan/2017:16:45:30 -0500] "GET /skin/adminhtml/default/default/images/nav2_last_li_bg.png HTTP/1.1" 200 350 "http://dev.debian.loc/skin/adminhtml/default/default/menu.css" "Mozilla/5.0 (Windows NT 10.0; WOW64) AppleWebKit/537.36 (KHTML, like Gecko) Chrome/55.0.2883.87 Safari/537.36"
192.168.99.1 - - [01/Jan/2017:16:45:30 -0500] "GET /skin/adminhtml/default/default/images/nav3_bg.png HTTP/1.1" 200 164 "http://dev.debian.loc/skin/adminhtml/default/default/menu.css" "Mozilla/5.0 (Windows NT 10.0; WOW64) AppleWebKit/537.36 (KHTML, like Gecko) Chrome/55.0.2883.87 Safari/537.36"
192.168.99.1 - - [01/Jan/2017:16:45:30 -0500] "GET /skin/adminhtml/default/default/images/i_question-mark.png HTTP/1.1" 200 1654 "http://dev.debian.loc/skin/adminhtml/default/default/boxes.css" "Mozilla/5.0 (Windows NT 10.0; WOW64) AppleWebKit/537.36 (KHTML, like Gecko) Chrome/55.0.2883.87 Safari/537.36"
192.168.99.1 - - [01/Jan/2017:16:47:14 -0500] "GET /index.php/admin/catalog_product/edit/id/905/key/7d80392044a1e7e63f5b7f1fdb5115ff/ HTTP/1.1" 200 28564 "http://dev.debian.loc/index.php/admin/catalog_product/index/key/c40ed1b6d69d753c3a8da73782e762be/" "Mozilla/5.0 (Windows NT 10.0; WOW64) AppleWebKit/537.36 (KHTML, like Gecko) Chrome/55.0.2883.87 Safari/537.36"
192.168.99.1 - - [01/Jan/2017:16:47:14 -0500] "GET /skin/adminhtml/default/default/images/nav2_li_bg.png HTTP/1.1" 200 163 "http://dev.debian.loc/skin/adminhtml/default/default/menu.css" "Mozilla/5.0 (Windows NT 10.0; WOW64) AppleWebKit/537.36 (KHTML, like Gecko) Chrome/55.0.2883.87 Safari/537.36"
192.168.99.1 - - [01/Jan/2017:16:47:14 -0500] "GET /skin/adminhtml/default/default/images/nav2_last_li_bg.png HTTP/1.1" 200 350 "http://dev.debian.loc/skin/adminhtml/default/default/menu.css" "Mozilla/5.0 (Windows NT 10.0; WOW64) AppleWebKit/537.36 (KHTML, like Gecko) Chrome/55.0.2883.87 Safari/537.36"
192.168.99.1 - - [01/Jan/2017:16:47:15 -0500] "GET /skin/adminhtml/default/default/images/nav3_bg.png HTTP/1.1" 200 164 "http://dev.debian.loc/skin/adminhtml/default/default/menu.css" "Mozilla/5.0 (Windows NT 10.0; WOW64) AppleWebKit/537.36 (KHTML, like Gecko) Chrome/55.0.2883.87 Safari/537.36"
192.168.99.1 - - [01/Jan/2017:16:47:15 -0500] "GET /skin/adminhtml/default/default/images/i_question-mark.png HTTP/1.1" 200 1654 "http://dev.debian.loc/skin/adminhtml/default/default/boxes.css" "Mozilla/5.0 (Windows NT 10.0; WOW64) AppleWebKit/537.36 (KHTML, like Gecko) Chrome/55.0.2883.87 Safari/537.36"
192.168.99.1 - - [01/Jan/2017:16:48:37 -0500] "GET /index.php/admin/catalog_product/edit/id/905/key/7d80392044a1e7e63f5b7f1fdb5115ff/ HTTP/1.1" 200 28576 "http://dev.debian.loc/index.php/admin/catalog_product/index/key/c40ed1b6d69d753c3a8da73782e762be/" "Mozilla/5.0 (Windows NT 10.0; WOW64) AppleWebKit/537.36 (KHTML, like Gecko) Chrome/55.0.2883.87 Safari/537.36"
192.168.99.1 - - [01/Jan/2017:16:48:37 -0500] "GET /skin/adminhtml/default/default/images/nav2_li_bg.png HTTP/1.1" 200 163 "http://dev.debian.loc/skin/adminhtml/default/default/menu.css" "Mozilla/5.0 (Windows NT 10.0; WOW64) AppleWebKit/537.36 (KHTML, like Gecko) Chrome/55.0.2883.87 Safari/537.36"
192.168.99.1 - - [01/Jan/2017:16:48:37 -0500] "GET /skin/adminhtml/default/default/images/nav2_last_li_bg.png HTTP/1.1" 200 350 "http://dev.debian.loc/skin/adminhtml/default/default/menu.css" "Mozilla/5.0 (Windows NT 10.0; WOW64) AppleWebKit/537.36 (KHTML, like Gecko) Chrome/55.0.2883.87 Safari/537.36"
192.168.99.1 - - [01/Jan/2017:16:48:37 -0500] "GET /skin/adminhtml/default/default/images/nav3_bg.png HTTP/1.1" 200 164 "http://dev.debian.loc/skin/adminhtml/default/default/menu.css" "Mozilla/5.0 (Windows NT 10.0; WOW64) AppleWebKit/537.36 (KHTML, like Gecko) Chrome/55.0.2883.87 Safari/537.36"
192.168.99.1 - - [01/Jan/2017:16:48:37 -0500] "GET /skin/adminhtml/default/default/images/i_question-mark.png HTTP/1.1" 200 1654 "http://dev.debian.loc/skin/adminhtml/default/default/boxes.css" "Mozilla/5.0 (Windows NT 10.0; WOW64) AppleWebKit/537.36 (KHTML, like Gecko) Chrome/55.0.2883.87 Safari/537.36"
192.168.99.1 - - [01/Jan/2017:17:01:01 -0500] "GET /index.php/admin/catalog_product/edit/id/905/key/7d80392044a1e7e63f5b7f1fdb5115ff/ HTTP/1.1" 200 28569 "http://dev.debian.loc/index.php/admin/catalog_product/index/key/c40ed1b6d69d753c3a8da73782e762be/" "Mozilla/5.0 (Windows NT 10.0; WOW64) AppleWebKit/537.36 (KHTML, like Gecko) Chrome/55.0.2883.87 Safari/537.36"
192.168.99.1 - - [01/Jan/2017:17:01:02 -0500] "GET /skin/adminhtml/default/default/images/nav2_li_bg.png HTTP/1.1" 200 163 "http://dev.debian.loc/skin/adminhtml/default/default/menu.css" "Mozilla/5.0 (Windows NT 10.0; WOW64) AppleWebKit/537.36 (KHTML, like Gecko) Chrome/55.0.2883.87 Safari/537.36"
192.168.99.1 - - [01/Jan/2017:17:01:02 -0500] "GET /skin/adminhtml/default/default/images/nav2_last_li_bg.png HTTP/1.1" 200 350 "http://dev.debian.loc/skin/adminhtml/default/default/menu.css" "Mozilla/5.0 (Windows NT 10.0; WOW64) AppleWebKit/537.36 (KHTML, like Gecko) Chrome/55.0.2883.87 Safari/537.36"
192.168.99.1 - - [01/Jan/2017:17:01:02 -0500] "GET /skin/adminhtml/default/default/images/nav3_bg.png HTTP/1.1" 200 164 "http://dev.debian.loc/skin/adminhtml/default/default/menu.css" "Mozilla/5.0 (Windows NT 10.0; WOW64) AppleWebKit/537.36 (KHTML, like Gecko) Chrome/55.0.2883.87 Safari/537.36"
192.168.99.1 - - [01/Jan/2017:17:01:02 -0500] "GET /skin/adminhtml/default/default/images/i_question-mark.png HTTP/1.1" 200 1654 "http://dev.debian.loc/skin/adminhtml/default/default/boxes.css" "Mozilla/5.0 (Windows NT 10.0; WOW64) AppleWebKit/537.36 (KHTML, like Gecko) Chrome/55.0.2883.87 Safari/537.36"
192.168.99.1 - - [12/Feb/2017:12:40:37 -0500] "OPTIONS / HTTP/1.1" 405 166 "-" "DavClnt"
192.168.99.1 - - [12/Feb/2017:12:45:49 -0500] "GET /repiitsubscription/token/gettattoken HTTP/1.1" 200 520 "-" "Mozilla/5.0 (Windows NT 10.0; WOW64) AppleWebKit/537.36 (KHTML, like Gecko) Chrome/56.0.2924.87 Safari/537.36"
192.168.99.1 - - [12/Feb/2017:12:49:28 -0500] "GET /admin HTTP/1.1" 200 1099 "-" "Mozilla/5.0 (Windows NT 10.0; WOW64) AppleWebKit/537.36 (KHTML, like Gecko) Chrome/56.0.2924.87 Safari/537.36"
192.168.99.1 - - [12/Feb/2017:12:49:31 -0500] "POST /admin HTTP/1.1" 302 5 "http://dev.debian.loc/admin" "Mozilla/5.0 (Windows NT 10.0; WOW64) AppleWebKit/537.36 (KHTML, like Gecko) Chrome/56.0.2924.87 Safari/537.36"
192.168.99.1 - - [12/Feb/2017:12:49:35 -0500] "GET /index.php/admin/index/index/key/850aeb62475eb70fdf794361ec8f3fb9/ HTTP/1.1" 302 5 "http://dev.debian.loc/admin" "Mozilla/5.0 (Windows NT 10.0; WOW64) AppleWebKit/537.36 (KHTML, like Gecko) Chrome/56.0.2924.87 Safari/537.36"
127.0.0.1 - - [12/Feb/2017:12:49:36 -0500] "POST /app/etc/local.xml HTTP/1.1" 405 166 "-" "-"
192.168.99.1 - - [12/Feb/2017:12:49:38 -0500] "GET /index.php/admin/dashboard/index/key/be8bc98a79593b69c9a96dd81693bfe0/ HTTP/1.1" 200 14500 "http://dev.debian.loc/admin" "Mozilla/5.0 (Windows NT 10.0; WOW64) AppleWebKit/537.36 (KHTML, like Gecko) Chrome/56.0.2924.87 Safari/537.36"
192.168.99.1 - - [12/Feb/2017:12:49:38 -0500] "GET /skin/adminhtml/default/default/images/nav2_li_bg.png HTTP/1.1" 200 163 "http://dev.debian.loc/skin/adminhtml/default/default/menu.css" "Mozilla/5.0 (Windows NT 10.0; WOW64) AppleWebKit/537.36 (KHTML, like Gecko) Chrome/56.0.2924.87 Safari/537.36"
192.168.99.1 - - [12/Feb/2017:12:49:38 -0500] "GET /skin/adminhtml/default/default/images/nav2_last_li_bg.png HTTP/1.1" 200 350 "http://dev.debian.loc/skin/adminhtml/default/default/menu.css" "Mozilla/5.0 (Windows NT 10.0; WOW64) AppleWebKit/537.36 (KHTML, like Gecko) Chrome/56.0.2924.87 Safari/537.36"
192.168.99.1 - - [12/Feb/2017:12:49:38 -0500] "GET /skin/adminhtml/default/default/images/nav3_bg.png HTTP/1.1" 200 164 "http://dev.debian.loc/skin/adminhtml/default/default/menu.css" "Mozilla/5.0 (Windows NT 10.0; WOW64) AppleWebKit/537.36 (KHTML, like Gecko) Chrome/56.0.2924.87 Safari/537.36"
192.168.99.1 - - [12/Feb/2017:12:49:38 -0500] "GET /skin/adminhtml/default/default/images/i_question-mark.png HTTP/1.1" 200 1654 "http://dev.debian.loc/skin/adminhtml/default/default/boxes.css" "Mozilla/5.0 (Windows NT 10.0; WOW64) AppleWebKit/537.36 (KHTML, like Gecko) Chrome/56.0.2924.87 Safari/537.36"
192.168.99.1 - - [12/Feb/2017:12:49:46 -0500] "GET /index.php/admin/sales_order/index/key/e07e0afe52d9f1c68149a8f2a7f51cf4/ HTTP/1.1" 200 15770 "http://dev.debian.loc/index.php/admin/dashboard/index/key/be8bc98a79593b69c9a96dd81693bfe0/" "Mozilla/5.0 (Windows NT 10.0; WOW64) AppleWebKit/537.36 (KHTML, like Gecko) Chrome/56.0.2924.87 Safari/537.36"
127.0.0.1 - - [12/Feb/2017:12:49:47 -0500] "POST /repiitsubscription/order/create HTTP/1.1" 499 25 "-" "Mozilla/5.0 (Windows NT 10.0; WOW64) AppleWebKit/537.36 (KHTML, like Gecko) Chrome/54.0.2840.99 Safari/537.36"
127.0.0.1 - - [12/Feb/2017:12:50:59 -0500] "POST /repiitsubscription/order/create HTTP/1.1" 200 490 "-" "Mozilla/5.0 (Windows NT 10.0; WOW64) AppleWebKit/537.36 (KHTML, like Gecko) Chrome/54.0.2840.99 Safari/537.36"
192.168.99.1 - - [12/Feb/2017:12:51:07 -0500] "GET /index.php/admin/sales_order/index/key/e07e0afe52d9f1c68149a8f2a7f51cf4/ HTTP/1.1" 200 15770 "http://dev.debian.loc/index.php/admin/dashboard/index/key/be8bc98a79593b69c9a96dd81693bfe0/" "Mozilla/5.0 (Windows NT 10.0; WOW64) AppleWebKit/537.36 (KHTML, like Gecko) Chrome/56.0.2924.87 Safari/537.36"
192.168.99.1 - - [12/Feb/2017:12:51:12 -0500] "GET /index.php/admin/sales_order/index/key/e07e0afe52d9f1c68149a8f2a7f51cf4/ HTTP/1.1" 200 15767 "http://dev.debian.loc/index.php/admin/sales_order/index/key/e07e0afe52d9f1c68149a8f2a7f51cf4/" "Mozilla/5.0 (Windows NT 10.0; WOW64) AppleWebKit/537.36 (KHTML, like Gecko) Chrome/56.0.2924.87 Safari/537.36"
192.168.99.1 - - [12/Feb/2017:12:51:21 -0500] "POST /index.php/admin/sales_order/grid/key/2dbae2d46009ac57c24a27a087d9640f/filter/Y3JlYXRlZF9hdCU1QmxvY2FsZSU1RD1lbl9VUyZiaWxsaW5nX25hbWU9VHJhaWFu/?ajax=true&isAjax=true HTTP/1.1" 200 2788 "http://dev.debian.loc/index.php/admin/sales_order/index/key/e07e0afe52d9f1c68149a8f2a7f51cf4/" "Mozilla/5.0 (Windows NT 10.0; WOW64) AppleWebKit/537.36 (KHTML, like Gecko) Chrome/56.0.2924.87 Safari/537.36"
192.168.99.1 - - [12/Feb/2017:12:51:25 -0500] "POST /index.php/admin/sales_order/grid/key/2dbae2d46009ac57c24a27a087d9640f/filter/Y3JlYXRlZF9hdCU1QmxvY2FsZSU1RD1lbl9VUw==/?ajax=true&isAjax=true HTTP/1.1" 200 3986 "http://dev.debian.loc/index.php/admin/sales_order/index/key/e07e0afe52d9f1c68149a8f2a7f51cf4/" "Mozilla/5.0 (Windows NT 10.0; WOW64) AppleWebKit/537.36 (KHTML, like Gecko) Chrome/56.0.2924.87 Safari/537.36"
127.0.0.1 - - [12/Feb/2017:12:53:39 -0500] "POST /repiitsubscription/order/create HTTP/1.1" 200 490 "-" "Mozilla/5.0 (Windows NT 10.0; WOW64) AppleWebKit/537.36 (KHTML, like Gecko) Chrome/54.0.2840.99 Safari/537.36"
192.168.99.1 - - [12/Feb/2017:12:54:00 -0500] "GET /index.php/admin/sales_order/index/key/e07e0afe52d9f1c68149a8f2a7f51cf4/ HTTP/1.1" 200 15772 "http://dev.debian.loc/index.php/admin/sales_order/index/key/e07e0afe52d9f1c68149a8f2a7f51cf4/" "Mozilla/5.0 (Windows NT 10.0; WOW64) AppleWebKit/537.36 (KHTML, like Gecko) Chrome/56.0.2924.87 Safari/537.36"
127.0.0.1 - - [12/Feb/2017:12:59:53 -0500] "POST /repiitsubscription/order/create HTTP/1.1" 200 700 "-" "Mozilla/5.0 (Windows NT 10.0; WOW64) AppleWebKit/537.36 (KHTML, like Gecko) Chrome/54.0.2840.99 Safari/537.36"
127.0.0.1 - - [12/Feb/2017:13:00:45 -0500] "POST /repiitsubscription/order/create HTTP/1.1" 200 732 "-" "Mozilla/5.0 (Windows NT 10.0; WOW64) AppleWebKit/537.36 (KHTML, like Gecko) Chrome/54.0.2840.99 Safari/537.36"
127.0.0.1 - - [12/Feb/2017:13:02:24 -0500] "POST /repiitsubscription/order/create HTTP/1.1" 200 1534 "-" "Mozilla/5.0 (Windows NT 10.0; WOW64) AppleWebKit/537.36 (KHTML, like Gecko) Chrome/54.0.2840.99 Safari/537.36"
127.0.0.1 - - [12/Feb/2017:13:03:50 -0500] "POST /repiitsubscription/order/create HTTP/1.1" 200 943 "-" "Mozilla/5.0 (Windows NT 10.0; WOW64) AppleWebKit/537.36 (KHTML, like Gecko) Chrome/54.0.2840.99 Safari/537.36"
127.0.0.1 - - [12/Feb/2017:13:06:00 -0500] "POST /repiitsubscription/order/create HTTP/1.1" 200 490 "-" "Mozilla/5.0 (Windows NT 10.0; WOW64) AppleWebKit/537.36 (KHTML, like Gecko) Chrome/54.0.2840.99 Safari/537.36"
192.168.99.1 - - [12/Feb/2017:13:07:05 -0500] "GET /index.php/admin/sales_order/index/key/e07e0afe52d9f1c68149a8f2a7f51cf4/ HTTP/1.1" 499 0 "http://dev.debian.loc/index.php/admin/sales_order/index/key/e07e0afe52d9f1c68149a8f2a7f51cf4/" "Mozilla/5.0 (Windows NT 10.0; WOW64) AppleWebKit/537.36 (KHTML, like Gecko) Chrome/56.0.2924.87 Safari/537.36"
192.168.99.1 - - [12/Feb/2017:13:07:18 -0500] "GET /admin HTTP/1.1" 302 5 "-" "Mozilla/5.0 (Windows NT 10.0; WOW64) AppleWebKit/537.36 (KHTML, like Gecko) Chrome/56.0.2924.87 Safari/537.36"
192.168.99.1 - - [12/Feb/2017:13:07:20 -0500] "GET /index.php/admin/dashboard/index/key/be8bc98a79593b69c9a96dd81693bfe0/ HTTP/1.1" 200 14018 "-" "Mozilla/5.0 (Windows NT 10.0; WOW64) AppleWebKit/537.36 (KHTML, like Gecko) Chrome/56.0.2924.87 Safari/537.36"
192.168.99.1 - - [12/Feb/2017:13:07:32 -0500] "GET /index.php/admin/sales_order/index/key/e07e0afe52d9f1c68149a8f2a7f51cf4/ HTTP/1.1" 200 15768 "http://dev.debian.loc/index.php/admin/dashboard/index/key/be8bc98a79593b69c9a96dd81693bfe0/" "Mozilla/5.0 (Windows NT 10.0; WOW64) AppleWebKit/537.36 (KHTML, like Gecko) Chrome/56.0.2924.87 Safari/537.36"
192.168.99.1 - - [12/Feb/2017:13:08:54 -0500] "GET /index.php/admin/system_config/index/key/b31e6e979fa1530574ab0190f04b132a/ HTTP/1.1" 200 33768 "http://dev.debian.loc/index.php/admin/sales_order/index/key/e07e0afe52d9f1c68149a8f2a7f51cf4/" "Mozilla/5.0 (Windows NT 10.0; WOW64) AppleWebKit/537.36 (KHTML, like Gecko) Chrome/56.0.2924.87 Safari/537.36"
192.168.99.1 - - [12/Feb/2017:13:09:04 -0500] "GET /index.php/admin/system_config/edit/section/carriers/key/77c9fbd078f2a8baeda6d543d8e7dd05/ HTTP/1.1" 200 35224 "http://dev.debian.loc/index.php/admin/system_config/index/key/b31e6e979fa1530574ab0190f04b132a/" "Mozilla/5.0 (Windows NT 10.0; WOW64) AppleWebKit/537.36 (KHTML, like Gecko) Chrome/56.0.2924.87 Safari/537.36"
127.0.0.1 - - [12/Feb/2017:13:11:48 -0500] "POST /repiitsubscription/order/create HTTP/1.1" 499 25 "-" "Mozilla/5.0 (Windows NT 10.0; WOW64) AppleWebKit/537.36 (KHTML, like Gecko) Chrome/54.0.2840.99 Safari/537.36"
127.0.0.1 - - [12/Feb/2017:13:12:16 -0500] "POST /repiitsubscription/order/create HTTP/1.1" 200 490 "-" "Mozilla/5.0 (Windows NT 10.0; WOW64) AppleWebKit/537.36 (KHTML, like Gecko) Chrome/54.0.2840.99 Safari/537.36"
127.0.0.1 - - [12/Feb/2017:13:12:45 -0500] "POST /repiitsubscription/order/create HTTP/1.1" 200 490 "-" "Mozilla/5.0 (Windows NT 10.0; WOW64) AppleWebKit/537.36 (KHTML, like Gecko) Chrome/54.0.2840.99 Safari/537.36"
127.0.0.1 - - [12/Feb/2017:13:15:25 -0500] "POST /repiitsubscription/order/create HTTP/1.1" 200 490 "-" "Mozilla/5.0 (Windows NT 10.0; WOW64) AppleWebKit/537.36 (KHTML, like Gecko) Chrome/54.0.2840.99 Safari/537.36"
192.168.99.1 - - [12/Feb/2017:13:18:50 -0500] "GET /test/testCreateOrder.php HTTP/1.1" 404 162 "-" "Mozilla/5.0 (Windows NT 10.0; WOW64; rv:51.0) Gecko/20100101 Firefox/51.0"
127.0.0.1 - - [12/Feb/2017:13:19:12 -0500] "POST /repiitsubscription/order/create HTTP/1.1" 200 490 "-" "Mozilla/5.0 (Windows NT 10.0; WOW64) AppleWebKit/537.36 (KHTML, like Gecko) Chrome/54.0.2840.99 Safari/537.36"
192.168.99.1 - - [12/Feb/2017:13:19:13 -0500] "GET /tests/testCreateOrder.php HTTP/1.1" 200 465 "-" "Mozilla/5.0 (Windows NT 10.0; WOW64; rv:51.0) Gecko/20100101 Firefox/51.0"
127.0.0.1 - - [12/Feb/2017:13:20:07 -0500] "POST /repiitsubscription/order/create HTTP/1.1" 200 490 "-" "Mozilla/5.0 (Windows NT 10.0; WOW64) AppleWebKit/537.36 (KHTML, like Gecko) Chrome/54.0.2840.99 Safari/537.36"
192.168.99.1 - - [12/Feb/2017:13:20:07 -0500] "GET /tests/testCreateOrder.php HTTP/1.1" 200 465 "-" "Mozilla/5.0 (Windows NT 10.0; WOW64) AppleWebKit/537.36 (KHTML, like Gecko) Chrome/56.0.2924.87 Safari/537.36"
127.0.0.1 - - [12/Feb/2017:13:21:09 -0500] "POST /repiitsubscription/order/create HTTP/1.1" 200 490 "-" "Mozilla/5.0 (Windows NT 10.0; WOW64) AppleWebKit/537.36 (KHTML, like Gecko) Chrome/54.0.2840.99 Safari/537.36"
192.168.99.1 - - [12/Feb/2017:13:21:09 -0500] "GET /tests/testCreateOrder.php HTTP/1.1" 200 465 "-" "Mozilla/5.0 (Windows NT 10.0; WOW64) AppleWebKit/537.36 (KHTML, like Gecko) Chrome/56.0.2924.87 Safari/537.36"
127.0.0.1 - - [12/Feb/2017:13:22:20 -0500] "POST /repiitsubscription/order/create HTTP/1.1" 200 490 "-" "Mozilla/5.0 (Windows NT 10.0; WOW64) AppleWebKit/537.36 (KHTML, like Gecko) Chrome/54.0.2840.99 Safari/537.36"
192.168.99.1 - - [12/Feb/2017:13:22:20 -0500] "GET /tests/testCreateOrder.php HTTP/1.1" 200 465 "-" "Mozilla/5.0 (Windows NT 10.0; WOW64) AppleWebKit/537.36 (KHTML, like Gecko) Chrome/56.0.2924.87 Safari/537.36"
127.0.0.1 - - [12/Feb/2017:13:24:50 -0500] "POST /repiitsubscription/order/create HTTP/1.1" 200 490 "-" "Mozilla/5.0 (Windows NT 10.0; WOW64) AppleWebKit/537.36 (KHTML, like Gecko) Chrome/54.0.2840.99 Safari/537.36"
192.168.99.1 - - [12/Feb/2017:13:24:50 -0500] "GET /tests/testCreateOrder.php HTTP/1.1" 200 465 "-" "Mozilla/5.0 (Windows NT 10.0; WOW64; rv:51.0) Gecko/20100101 Firefox/51.0"
127.0.0.1 - - [12/Feb/2017:13:25:21 -0500] "POST /repiitsubscription/order/create HTTP/1.1" 200 490 "-" "Mozilla/5.0 (Windows NT 10.0; WOW64) AppleWebKit/537.36 (KHTML, like Gecko) Chrome/54.0.2840.99 Safari/537.36"
192.168.99.1 - - [12/Feb/2017:13:25:21 -0500] "GET /tests/testCreateOrder.php HTTP/1.1" 200 465 "-" "Mozilla/5.0 (Windows NT 10.0; WOW64; rv:51.0) Gecko/20100101 Firefox/51.0"
127.0.0.1 - - [12/Feb/2017:13:28:28 -0500] "POST /repiitsubscription/order/create HTTP/1.1" 200 490 "-" "Mozilla/5.0 (Windows NT 10.0; WOW64) AppleWebKit/537.36 (KHTML, like Gecko) Chrome/54.0.2840.99 Safari/537.36"
192.168.99.1 - - [12/Feb/2017:13:28:28 -0500] "GET /tests/testCreateOrder.php HTTP/1.1" 200 465 "-" "Mozilla/5.0 (Windows NT 10.0; WOW64) AppleWebKit/537.36 (KHTML, like Gecko) Chrome/56.0.2924.87 Safari/537.36"
127.0.0.1 - - [12/Feb/2017:13:30:28 -0500] "POST /repiitsubscription/order/create HTTP/1.1" 200 490 "-" "Mozilla/5.0 (Windows NT 10.0; WOW64) AppleWebKit/537.36 (KHTML, like Gecko) Chrome/54.0.2840.99 Safari/537.36"
192.168.99.1 - - [12/Feb/2017:13:30:28 -0500] "GET /tests/testCreateOrder.php HTTP/1.1" 200 465 "-" "Mozilla/5.0 (Windows NT 10.0; WOW64) AppleWebKit/537.36 (KHTML, like Gecko) Chrome/56.0.2924.87 Safari/537.36"
192.168.99.1 - - [12/Feb/2017:13:32:45 -0500] "GET /repiitsubscription/order/create HTTP/1.1" 200 494 "-" "Mozilla/5.0 (Windows NT 10.0; WOW64) AppleWebKit/537.36 (KHTML, like Gecko) Chrome/56.0.2924.87 Safari/537.36"
192.168.99.1 - - [12/Feb/2017:13:33:46 -0500] "GET /index.php/admin/system_config/state/key/24ddfca57e8f98b0208b717bd0fec979/?isAjax=true&container=carriers_flatrate&value=1&form_key=lpleq13ShlkyVSJ3 HTTP/1.1" 200 31 "http://dev.debian.loc/index.php/admin/system_config/edit/section/carriers/key/77c9fbd078f2a8baeda6d543d8e7dd05/" "Mozilla/5.0 (Windows NT 10.0; WOW64) AppleWebKit/537.36 (KHTML, like Gecko) Chrome/56.0.2924.87 Safari/537.36"
192.168.99.1 - - [12/Feb/2017:13:33:48 -0500] "GET /index.php/admin/system_config/state/key/24ddfca57e8f98b0208b717bd0fec979/?isAjax=true&container=carriers_flatrate&value=0&form_key=lpleq13ShlkyVSJ3 HTTP/1.1" 200 31 "http://dev.debian.loc/index.php/admin/system_config/edit/section/carriers/key/77c9fbd078f2a8baeda6d543d8e7dd05/" "Mozilla/5.0 (Windows NT 10.0; WOW64) AppleWebKit/537.36 (KHTML, like Gecko) Chrome/56.0.2924.87 Safari/537.36"
192.168.99.1 - - [12/Feb/2017:13:34:18 -0500] "GET /index.php/admin/system_config/edit/section/carriers/website/base/store/default/key/77c9fbd078f2a8baeda6d543d8e7dd05/ HTTP/1.1" 200 21071 "http://dev.debian.loc/index.php/admin/system_config/edit/section/carriers/key/77c9fbd078f2a8baeda6d543d8e7dd05/" "Mozilla/5.0 (Windows NT 10.0; WOW64) AppleWebKit/537.36 (KHTML, like Gecko) Chrome/56.0.2924.87 Safari/537.36"
192.168.99.1 - - [12/Feb/2017:13:35:43 -0500] "GET /index.php/admin/system_config/edit/section/carriers/key/77c9fbd078f2a8baeda6d543d8e7dd05/ HTTP/1.1" 200 35226 "http://dev.debian.loc/index.php/admin/system_config/edit/section/carriers/website/base/store/default/key/77c9fbd078f2a8baeda6d543d8e7dd05/" "Mozilla/5.0 (Windows NT 10.0; WOW64) AppleWebKit/537.36 (KHTML, like Gecko) Chrome/56.0.2924.87 Safari/537.36"
192.168.99.1 - - [12/Feb/2017:13:35:45 -0500] "GET /index.php/admin/system_config/state/key/24ddfca57e8f98b0208b717bd0fec979/?isAjax=true&container=carriers_flatrate&value=1&form_key=lpleq13ShlkyVSJ3 HTTP/1.1" 200 31 "http://dev.debian.loc/index.php/admin/system_config/edit/section/carriers/key/77c9fbd078f2a8baeda6d543d8e7dd05/" "Mozilla/5.0 (Windows NT 10.0; WOW64) AppleWebKit/537.36 (KHTML, like Gecko) Chrome/56.0.2924.87 Safari/537.36"
192.168.99.1 - - [12/Feb/2017:13:38:16 -0500] "GET /repiitsubscription/order/create HTTP/1.1" 200 468 "-" "Mozilla/5.0 (Windows NT 10.0; WOW64) AppleWebKit/537.36 (KHTML, like Gecko) Chrome/56.0.2924.87 Safari/537.36"
192.168.99.1 - - [12/Feb/2017:13:40:04 -0500] "GET /index.php/admin/sales_order/index/key/e07e0afe52d9f1c68149a8f2a7f51cf4/ HTTP/1.1" 200 15772 "http://dev.debian.loc/index.php/admin/system_config/edit/section/carriers/key/77c9fbd078f2a8baeda6d543d8e7dd05/" "Mozilla/5.0 (Windows NT 10.0; WOW64) AppleWebKit/537.36 (KHTML, like Gecko) Chrome/56.0.2924.87 Safari/537.36"
127.0.0.1 - - [12/Feb/2017:13:41:29 -0500] "POST /repiitsubscription/order/create HTTP/1.1" 200 459 "-" "Mozilla/5.0 (Windows NT 10.0; WOW64) AppleWebKit/537.36 (KHTML, like Gecko) Chrome/54.0.2840.99 Safari/537.36"
127.0.0.1 - - [12/Feb/2017:13:49:28 -0500] "POST /repiitsubscription/order/create HTTP/1.1" 200 462 "-" "Mozilla/5.0 (Windows NT 10.0; WOW64) AppleWebKit/537.36 (KHTML, like Gecko) Chrome/54.0.2840.99 Safari/537.36"
127.0.0.1 - - [12/Feb/2017:13:49:43 -0500] "POST /app/etc/local.xml HTTP/1.1" 405 166 "-" "-"
192.168.99.1 - - [12/Feb/2017:13:49:44 -0500] "GET /index.php/admin/sales_order/index/key/e07e0afe52d9f1c68149a8f2a7f51cf4/ HTTP/1.1" 200 15757 "http://dev.debian.loc/index.php/admin/system_config/edit/section/carriers/key/77c9fbd078f2a8baeda6d543d8e7dd05/" "Mozilla/5.0 (Windows NT 10.0; WOW64) AppleWebKit/537.36 (KHTML, like Gecko) Chrome/56.0.2924.87 Safari/537.36"
127.0.0.1 - - [12/Feb/2017:13:52:07 -0500] "POST /repiitsubscription/order/create HTTP/1.1" 200 462 "-" "Mozilla/5.0 (Windows NT 10.0; WOW64) AppleWebKit/537.36 (KHTML, like Gecko) Chrome/54.0.2840.99 Safari/537.36"
192.168.99.1 - - [12/Feb/2017:13:52:20 -0500] "GET /index.php/admin/sales_order/index/key/e07e0afe52d9f1c68149a8f2a7f51cf4/ HTTP/1.1" 200 15746 "http://dev.debian.loc/index.php/admin/system_config/edit/section/carriers/key/77c9fbd078f2a8baeda6d543d8e7dd05/" "Mozilla/5.0 (Windows NT 10.0; WOW64) AppleWebKit/537.36 (KHTML, like Gecko) Chrome/56.0.2924.87 Safari/537.36"
127.0.0.1 - - [12/Feb/2017:13:55:27 -0500] "POST /repiitsubscription/order/create HTTP/1.1" 200 462 "-" "Mozilla/5.0 (Windows NT 10.0; WOW64) AppleWebKit/537.36 (KHTML, like Gecko) Chrome/54.0.2840.99 Safari/537.36"
192.168.99.1 - - [12/Feb/2017:13:56:48 -0500] "GET /index.php/admin/sales_order/index/key/e07e0afe52d9f1c68149a8f2a7f51cf4/ HTTP/1.1" 200 15711 "http://dev.debian.loc/index.php/admin/system_config/edit/section/carriers/key/77c9fbd078f2a8baeda6d543d8e7dd05/" "Mozilla/5.0 (Windows NT 10.0; WOW64) AppleWebKit/537.36 (KHTML, like Gecko) Chrome/56.0.2924.87 Safari/537.36"
192.168.99.1 - - [12/Feb/2017:13:58:30 -0500] "GET /index.php/admin/sales_order/index/key/e07e0afe52d9f1c68149a8f2a7f51cf4/ HTTP/1.1" 200 15716 "http://dev.debian.loc/index.php/admin/system_config/edit/section/carriers/key/77c9fbd078f2a8baeda6d543d8e7dd05/" "Mozilla/5.0 (Windows NT 10.0; WOW64) AppleWebKit/537.36 (KHTML, like Gecko) Chrome/56.0.2924.87 Safari/537.36"
127.0.0.1 - - [12/Feb/2017:13:58:33 -0500] "POST /repiitsubscription/order/create HTTP/1.1" 200 462 "-" "Mozilla/5.0 (Windows NT 10.0; WOW64) AppleWebKit/537.36 (KHTML, like Gecko) Chrome/54.0.2840.99 Safari/537.36"
192.168.99.1 - - [12/Feb/2017:13:58:43 -0500] "GET /index.php/admin/sales_order/index/key/e07e0afe52d9f1c68149a8f2a7f51cf4/ HTTP/1.1" 200 15715 "http://dev.debian.loc/index.php/admin/system_config/edit/section/carriers/key/77c9fbd078f2a8baeda6d543d8e7dd05/" "Mozilla/5.0 (Windows NT 10.0; WOW64) AppleWebKit/537.36 (KHTML, like Gecko) Chrome/56.0.2924.87 Safari/537.36"
192.168.99.1 - - [26/Feb/2017:03:41:40 -0500] "HEAD /admin HTTP/1.1" 200 0 "-" "Mozilla/5.0 (Windows NT 10.0; WOW64) AppleWebKit/537.36 (KHTML, like Gecko) Chrome/56.0.2924.87 Safari/537.36"
192.168.99.1 - - [26/Feb/2017:03:41:48 -0500] "GET /admin HTTP/1.1" 200 1100 "-" "Mozilla/5.0 (Windows NT 10.0; WOW64) AppleWebKit/537.36 (KHTML, like Gecko) Chrome/56.0.2924.87 Safari/537.36"
192.168.99.1 - - [26/Feb/2017:03:41:56 -0500] "POST /admin HTTP/1.1" 302 5 "http://dev.debian.loc/admin" "Mozilla/5.0 (Windows NT 10.0; WOW64) AppleWebKit/537.36 (KHTML, like Gecko) Chrome/56.0.2924.87 Safari/537.36"
192.168.99.1 - - [26/Feb/2017:03:41:58 -0500] "GET /index.php/admin/index/index/key/7ff9dc0a08e990ef887cef576b2d452c/ HTTP/1.1" 302 5 "http://dev.debian.loc/admin" "Mozilla/5.0 (Windows NT 10.0; WOW64) AppleWebKit/537.36 (KHTML, like Gecko) Chrome/56.0.2924.87 Safari/537.36"
127.0.0.1 - - [26/Feb/2017:03:42:01 -0500] "POST /app/etc/local.xml HTTP/1.1" 405 166 "-" "-"
192.168.99.1 - - [26/Feb/2017:03:42:14 -0500] "GET /index.php/admin/dashboard/index/key/d6b82e34b835b24cdfda027f2a3b5789/ HTTP/1.1" 200 14528 "http://dev.debian.loc/admin" "Mozilla/5.0 (Windows NT 10.0; WOW64) AppleWebKit/537.36 (KHTML, like Gecko) Chrome/56.0.2924.87 Safari/537.36"
192.168.99.1 - - [26/Feb/2017:03:42:15 -0500] "GET /skin/adminhtml/default/default/images/nav2_li_bg.png HTTP/1.1" 200 163 "http://dev.debian.loc/skin/adminhtml/default/default/menu.css" "Mozilla/5.0 (Windows NT 10.0; WOW64) AppleWebKit/537.36 (KHTML, like Gecko) Chrome/56.0.2924.87 Safari/537.36"
192.168.99.1 - - [26/Feb/2017:03:42:15 -0500] "GET /skin/adminhtml/default/default/images/nav2_last_li_bg.png HTTP/1.1" 200 350 "http://dev.debian.loc/skin/adminhtml/default/default/menu.css" "Mozilla/5.0 (Windows NT 10.0; WOW64) AppleWebKit/537.36 (KHTML, like Gecko) Chrome/56.0.2924.87 Safari/537.36"
192.168.99.1 - - [26/Feb/2017:03:42:15 -0500] "GET /skin/adminhtml/default/default/images/nav3_bg.png HTTP/1.1" 200 164 "http://dev.debian.loc/skin/adminhtml/default/default/menu.css" "Mozilla/5.0 (Windows NT 10.0; WOW64) AppleWebKit/537.36 (KHTML, like Gecko) Chrome/56.0.2924.87 Safari/537.36"
192.168.99.1 - - [26/Feb/2017:03:42:15 -0500] "GET /skin/adminhtml/default/default/images/i_question-mark.png HTTP/1.1" 200 1654 "http://dev.debian.loc/skin/adminhtml/default/default/boxes.css" "Mozilla/5.0 (Windows NT 10.0; WOW64) AppleWebKit/537.36 (KHTML, like Gecko) Chrome/56.0.2924.87 Safari/537.36"
192.168.99.1 - - [26/Feb/2017:03:42:22 -0500] "GET /index.php/admin/catalog_product/index/key/827dc4544aead2141806ba7ebf3dddab/ HTTP/1.1" 200 17101 "http://dev.debian.loc/index.php/admin/dashboard/index/key/d6b82e34b835b24cdfda027f2a3b5789/" "Mozilla/5.0 (Windows NT 10.0; WOW64) AppleWebKit/537.36 (KHTML, like Gecko) Chrome/56.0.2924.87 Safari/537.36"
192.168.99.1 - - [26/Feb/2017:03:42:30 -0500] "GET /index.php/admin/catalog_product/edit/id/905/key/46a00033aef30775aad975fc9dda675f/ HTTP/1.1" 200 29058 "http://dev.debian.loc/index.php/admin/catalog_product/index/key/827dc4544aead2141806ba7ebf3dddab/" "Mozilla/5.0 (Windows NT 10.0; WOW64) AppleWebKit/537.36 (KHTML, like Gecko) Chrome/56.0.2924.87 Safari/537.36"
192.168.99.1 - - [26/Feb/2017:03:42:59 -0500] "POST /index.php/admin/catalog_product/validate/id/905/key/d1e557f02ee2300fb7367318230b8b8a/?isAjax=true HTTP/1.1" 200 46 "http://dev.debian.loc/index.php/admin/catalog_product/edit/id/905/key/46a00033aef30775aad975fc9dda675f/" "Mozilla/5.0 (Windows NT 10.0; WOW64) AppleWebKit/537.36 (KHTML, like Gecko) Chrome/56.0.2924.87 Safari/537.36"
192.168.99.1 - - [26/Feb/2017:03:43:02 -0500] "POST /index.php/admin/catalog_product/save/back/edit/tab/product_info_tabs_group_110/id/905/key/fbc3f15dcc780aae2539693d51ac12f8/ HTTP/1.1" 302 5 "http://dev.debian.loc/index.php/admin/catalog_product/edit/id/905/key/46a00033aef30775aad975fc9dda675f/" "Mozilla/5.0 (Windows NT 10.0; WOW64) AppleWebKit/537.36 (KHTML, like Gecko) Chrome/56.0.2924.87 Safari/537.36"
192.168.99.1 - - [26/Feb/2017:03:43:04 -0500] "GET /index.php/admin/catalog_product/edit/id/905/back/edit/tab/product_info_tabs_group_110/key/46a00033aef30775aad975fc9dda675f/ HTTP/1.1" 200 29187 "http://dev.debian.loc/index.php/admin/catalog_product/edit/id/905/key/46a00033aef30775aad975fc9dda675f/" "Mozilla/5.0 (Windows NT 10.0; WOW64) AppleWebKit/537.36 (KHTML, like Gecko) Chrome/56.0.2924.87 Safari/537.36"
192.168.99.1 - - [26/Feb/2017:03:43:12 -0500] "GET /index.php/admin/catalog_product/edit/id/905/back/edit/tab/product_info_tabs_group_110/key/46a00033aef30775aad975fc9dda675f/ HTTP/1.1" 200 29151 "http://dev.debian.loc/index.php/admin/catalog_product/edit/id/905/key/46a00033aef30775aad975fc9dda675f/" "Mozilla/5.0 (Windows NT 10.0; WOW64) AppleWebKit/537.36 (KHTML, like Gecko) Chrome/56.0.2924.87 Safari/537.36"
192.168.99.1 - - [26/Feb/2017:03:43:18 -0500] "GET /index.php/admin/catalog_product/index/key/827dc4544aead2141806ba7ebf3dddab/ HTTP/1.1" 200 17101 "http://dev.debian.loc/index.php/admin/catalog_product/edit/id/905/back/edit/tab/product_info_tabs_group_110/key/46a00033aef30775aad975fc9dda675f/" "Mozilla/5.0 (Windows NT 10.0; WOW64) AppleWebKit/537.36 (KHTML, like Gecko) Chrome/56.0.2924.87 Safari/537.36"
192.168.99.1 - - [26/Feb/2017:03:43:22 -0500] "GET /index.php/admin/catalog_product/edit/id/901/key/46a00033aef30775aad975fc9dda675f/ HTTP/1.1" 200 29028 "http://dev.debian.loc/index.php/admin/catalog_product/index/key/827dc4544aead2141806ba7ebf3dddab/" "Mozilla/5.0 (Windows NT 10.0; WOW64) AppleWebKit/537.36 (KHTML, like Gecko) Chrome/56.0.2924.87 Safari/537.36"
192.168.99.1 - - [26/Feb/2017:03:43:28 -0500] "GET /index.php/admin/catalog_product/index/key/827dc4544aead2141806ba7ebf3dddab/ HTTP/1.1" 200 17100 "http://dev.debian.loc/index.php/admin/catalog_product/edit/id/905/back/edit/tab/product_info_tabs_group_110/key/46a00033aef30775aad975fc9dda675f/" "Mozilla/5.0 (Windows NT 10.0; WOW64) AppleWebKit/537.36 (KHTML, like Gecko) Chrome/56.0.2924.87 Safari/537.36"
192.168.99.1 - - [26/Feb/2017:03:43:34 -0500] "GET / HTTP/1.1" 200 5957 "-" "Mozilla/5.0 (Windows NT 10.0; WOW64) AppleWebKit/537.36 (KHTML, like Gecko) Chrome/56.0.2924.87 Safari/537.36"
192.168.99.1 - - [26/Feb/2017:03:43:35 -0500] "GET /skin/frontend/rwd/default/images/media/logo.png HTTP/1.1" 200 4775 "http://dev.debian.loc/" "Mozilla/5.0 (Windows NT 10.0; WOW64) AppleWebKit/537.36 (KHTML, like Gecko) Chrome/56.0.2924.87 Safari/537.36"
192.168.99.1 - - [26/Feb/2017:03:43:35 -0500] "GET /skin/frontend/rwd/default/images/media/logo_small.png HTTP/1.1" 200 4711 "http://dev.debian.loc/" "Mozilla/5.0 (Windows NT 10.0; WOW64) AppleWebKit/537.36 (KHTML, like Gecko) Chrome/56.0.2924.87 Safari/537.36"
192.168.99.1 - - [26/Feb/2017:03:43:35 -0500] "GET /media/wysiwyg/homepage-three-column-promo-01B.png HTTP/1.1" 200 4841 "http://dev.debian.loc/" "Mozilla/5.0 (Windows NT 10.0; WOW64) AppleWebKit/537.36 (KHTML, like Gecko) Chrome/56.0.2924.87 Safari/537.36"
192.168.99.1 - - [26/Feb/2017:03:43:35 -0500] "GET /media/wysiwyg/homepage-three-column-promo-02.png HTTP/1.1" 200 4848 "http://dev.debian.loc/" "Mozilla/5.0 (Windows NT 10.0; WOW64) AppleWebKit/537.36 (KHTML, like Gecko) Chrome/56.0.2924.87 Safari/537.36"
192.168.99.1 - - [26/Feb/2017:03:43:35 -0500] "GET /skin/frontend/rwd/default/images/demo-logo.png HTTP/1.1" 200 2036 "http://dev.debian.loc/skin/frontend/rwd/default/css/styles.css" "Mozilla/5.0 (Windows NT 10.0; WOW64) AppleWebKit/537.36 (KHTML, like Gecko) Chrome/56.0.2924.87 Safari/537.36"
192.168.99.1 - - [26/Feb/2017:03:43:35 -0500] "GET /skin/frontend/rwd/default/images/icon_sprite.png HTTP/1.1" 200 11899 "http://dev.debian.loc/skin/frontend/rwd/default/css/styles.css" "Mozilla/5.0 (Windows NT 10.0; WOW64) AppleWebKit/537.36 (KHTML, like Gecko) Chrome/56.0.2924.87 Safari/537.36"
192.168.99.1 - - [26/Feb/2017:03:43:35 -0500] "GET /media/wysiwyg/homepage-three-column-promo-03.png HTTP/1.1" 200 4496 "http://dev.debian.loc/" "Mozilla/5.0 (Windows NT 10.0; WOW64) AppleWebKit/537.36 (KHTML, like Gecko) Chrome/56.0.2924.87 Safari/537.36"
192.168.99.1 - - [26/Feb/2017:03:43:35 -0500] "GET /skin/frontend/rwd/default/images/social_icons.png HTTP/1.1" 200 4308 "http://dev.debian.loc/skin/frontend/rwd/default/css/styles.css" "Mozilla/5.0 (Windows NT 10.0; WOW64) AppleWebKit/537.36 (KHTML, like Gecko) Chrome/56.0.2924.87 Safari/537.36"
192.168.99.1 - - [26/Feb/2017:03:43:42 -0500] "GET /men.html HTTP/1.1" 200 4842 "http://dev.debian.loc/" "Mozilla/5.0 (Windows NT 10.0; WOW64) AppleWebKit/537.36 (KHTML, like Gecko) Chrome/56.0.2924.87 Safari/537.36"
192.168.99.1 - - [26/Feb/2017:03:43:53 -0500] "GET /men/shirts.html HTTP/1.1" 200 7713 "http://dev.debian.loc/men.html" "Mozilla/5.0 (Windows NT 10.0; WOW64) AppleWebKit/537.36 (KHTML, like Gecko) Chrome/56.0.2924.87 Safari/537.36"
192.168.99.1 - - [26/Feb/2017:03:43:53 -0500] "GET /media/catalog/swatches/1/15x15/media/blue.png HTTP/1.1" 200 221 "http://dev.debian.loc/men/shirts.html" "Mozilla/5.0 (Windows NT 10.0; WOW64) AppleWebKit/537.36 (KHTML, like Gecko) Chrome/56.0.2924.87 Safari/537.36"
192.168.99.1 - - [26/Feb/2017:03:43:53 -0500] "GET /media/catalog/swatches/1/15x15/media/charcoal.png HTTP/1.1" 200 182 "http://dev.debian.loc/men/shirts.html" "Mozilla/5.0 (Windows NT 10.0; WOW64) AppleWebKit/537.36 (KHTML, like Gecko) Chrome/56.0.2924.87 Safari/537.36"
192.168.99.1 - - [26/Feb/2017:03:43:53 -0500] "GET /media/catalog/swatches/1/15x15/media/khaki.png HTTP/1.1" 200 202 "http://dev.debian.loc/men/shirts.html" "Mozilla/5.0 (Windows NT 10.0; WOW64) AppleWebKit/537.36 (KHTML, like Gecko) Chrome/56.0.2924.87 Safari/537.36"
192.168.99.1 - - [26/Feb/2017:03:43:53 -0500] "GET /media/catalog/swatches/1/15x15/media/red.png HTTP/1.1" 200 213 "http://dev.debian.loc/men/shirts.html" "Mozilla/5.0 (Windows NT 10.0; WOW64) AppleWebKit/537.36 (KHTML, like Gecko) Chrome/56.0.2924.87 Safari/537.36"
192.168.99.1 - - [26/Feb/2017:03:43:53 -0500] "GET /media/catalog/swatches/1/15x15/media/white.png HTTP/1.1" 200 135 "http://dev.debian.loc/men/shirts.html" "Mozilla/5.0 (Windows NT 10.0; WOW64) AppleWebKit/537.36 (KHTML, like Gecko) Chrome/56.0.2924.87 Safari/537.36"
192.168.99.1 - - [26/Feb/2017:03:43:53 -0500] "GET /media/catalog/swatches/1/15x15/media/royal-blue.png HTTP/1.1" 200 208 "http://dev.debian.loc/men/shirts.html" "Mozilla/5.0 (Windows NT 10.0; WOW64) AppleWebKit/537.36 (KHTML, like Gecko) Chrome/56.0.2924.87 Safari/537.36"
192.168.99.1 - - [26/Feb/2017:03:43:53 -0500] "GET /media/catalog/swatches/1/15x15/product/s/w/swatch_msj006c-charcoal.png HTTP/1.1" 200 606 "http://dev.debian.loc/men/shirts.html" "Mozilla/5.0 (Windows NT 10.0; WOW64) AppleWebKit/537.36 (KHTML, like Gecko) Chrome/56.0.2924.87 Safari/537.36"
192.168.99.1 - - [26/Feb/2017:03:43:53 -0500] "GET /media/catalog/swatches/1/15x15/product/s/w/swatch_msj006c-royal-blue.png HTTP/1.1" 200 586 "http://dev.debian.loc/men/shirts.html" "Mozilla/5.0 (Windows NT 10.0; WOW64) AppleWebKit/537.36 (KHTML, like Gecko) Chrome/56.0.2924.87 Safari/537.36"
192.168.99.1 - - [26/Feb/2017:03:43:53 -0500] "GET /media/catalog/swatches/1/15x15/product/s/w/swatch_msj006c-khaki.png HTTP/1.1" 200 599 "http://dev.debian.loc/men/shirts.html" "Mozilla/5.0 (Windows NT 10.0; WOW64) AppleWebKit/537.36 (KHTML, like Gecko) Chrome/56.0.2924.87 Safari/537.36"
192.168.99.1 - - [26/Feb/2017:03:43:53 -0500] "GET /media/catalog/swatches/1/15x15/product/s/w/swatch_msj006c-red.png HTTP/1.1" 200 599 "http://dev.debian.loc/men/shirts.html" "Mozilla/5.0 (Windows NT 10.0; WOW64) AppleWebKit/537.36 (KHTML, like Gecko) Chrome/56.0.2924.87 Safari/537.36"
192.168.99.1 - - [26/Feb/2017:03:44:04 -0500] "GET /men/shirts/plaid-cotton-shirt-479.html HTTP/1.1" 200 11696 "http://dev.debian.loc/men/shirts.html" "Mozilla/5.0 (Windows NT 10.0; WOW64) AppleWebKit/537.36 (KHTML, like Gecko) Chrome/56.0.2924.87 Safari/537.36"
192.168.99.1 - - [26/Feb/2017:03:44:04 -0500] "GET /media/catalog/swatches/1/21x21/product/s/w/swatch_msj006c-khaki.png HTTP/1.1" 200 1024 "http://dev.debian.loc/men/shirts/plaid-cotton-shirt-479.html" "Mozilla/5.0 (Windows NT 10.0; WOW64) AppleWebKit/537.36 (KHTML, like Gecko) Chrome/56.0.2924.87 Safari/537.36"
192.168.99.1 - - [26/Feb/2017:03:44:04 -0500] "GET /media/catalog/swatches/1/21x21/product/s/w/swatch_msj006c-red.png HTTP/1.1" 200 1013 "http://dev.debian.loc/men/shirts/plaid-cotton-shirt-479.html" "Mozilla/5.0 (Windows NT 10.0; WOW64) AppleWebKit/537.36 (KHTML, like Gecko) Chrome/56.0.2924.87 Safari/537.36"
192.168.99.1 - - [26/Feb/2017:03:44:04 -0500] "GET /media/catalog/swatches/1/21x21/product/s/w/swatch_msj006c-royal-blue.png HTTP/1.1" 200 993 "http://dev.debian.loc/men/shirts/plaid-cotton-shirt-479.html" "Mozilla/5.0 (Windows NT 10.0; WOW64) AppleWebKit/537.36 (KHTML, like Gecko) Chrome/56.0.2924.87 Safari/537.36"
192.168.99.1 - - [26/Feb/2017:03:44:04 -0500] "GET /skin/frontend/rwd/default/images/bg_x.png HTTP/1.1" 200 1446 "http://dev.debian.loc/skin/frontend/rwd/default/css/styles.css" "Mozilla/5.0 (Windows NT 10.0; WOW64) AppleWebKit/537.36 (KHTML, like Gecko) Chrome/56.0.2924.87 Safari/537.36"
192.168.99.1 - - [26/Feb/2017:03:44:04 -0500] "GET /media/catalog/swatches/1/21x21/product/s/w/swatch_msj006c-charcoal.png HTTP/1.1" 200 1035 "http://dev.debian.loc/men/shirts/plaid-cotton-shirt-479.html" "Mozilla/5.0 (Windows NT 10.0; WOW64) AppleWebKit/537.36 (KHTML, like Gecko) Chrome/56.0.2924.87 Safari/537.36"
192.168.99.1 - - [26/Feb/2017:03:44:52 -0500] "GET /index.php/admin/catalog_product/edit/id/905/key/46a00033aef30775aad975fc9dda675f/ HTTP/1.1" 200 29074 "http://dev.debian.loc/index.php/admin/catalog_product/index/key/827dc4544aead2141806ba7ebf3dddab/" "Mozilla/5.0 (Windows NT 10.0; WOW64) AppleWebKit/537.36 (KHTML, like Gecko) Chrome/56.0.2924.87 Safari/537.36"
192.168.99.1 - - [26/Feb/2017:03:45:24 -0500] "GET /index.php/admin/catalog_product/index/key/827dc4544aead2141806ba7ebf3dddab/ HTTP/1.1" 200 17099 "http://dev.debian.loc/index.php/admin/catalog_product/edit/id/905/back/edit/tab/product_info_tabs_group_110/key/46a00033aef30775aad975fc9dda675f/" "Mozilla/5.0 (Windows NT 10.0; WOW64) AppleWebKit/537.36 (KHTML, like Gecko) Chrome/56.0.2924.87 Safari/537.36"
192.168.99.1 - - [26/Feb/2017:03:45:36 -0500] "GET /index.php/admin/catalog_product/edit/id/904/key/46a00033aef30775aad975fc9dda675f/ HTTP/1.1" 200 29058 "http://dev.debian.loc/index.php/admin/catalog_product/index/key/827dc4544aead2141806ba7ebf3dddab/" "Mozilla/5.0 (Windows NT 10.0; WOW64) AppleWebKit/537.36 (KHTML, like Gecko) Chrome/56.0.2924.87 Safari/537.36"
192.168.99.1 - - [26/Feb/2017:03:45:55 -0500] "POST /index.php/admin/catalog_product/validate/id/904/key/d1e557f02ee2300fb7367318230b8b8a/?isAjax=true HTTP/1.1" 200 46 "http://dev.debian.loc/index.php/admin/catalog_product/edit/id/904/key/46a00033aef30775aad975fc9dda675f/" "Mozilla/5.0 (Windows NT 10.0; WOW64) AppleWebKit/537.36 (KHTML, like Gecko) Chrome/56.0.2924.87 Safari/537.36"
192.168.99.1 - - [26/Feb/2017:03:45:57 -0500] "POST /index.php/admin/catalog_product/save/back/edit/tab/product_info_tabs_group_110/id/904/key/fbc3f15dcc780aae2539693d51ac12f8/ HTTP/1.1" 302 5 "http://dev.debian.loc/index.php/admin/catalog_product/edit/id/904/key/46a00033aef30775aad975fc9dda675f/" "Mozilla/5.0 (Windows NT 10.0; WOW64) AppleWebKit/537.36 (KHTML, like Gecko) Chrome/56.0.2924.87 Safari/537.36"
192.168.99.1 - - [26/Feb/2017:03:45:59 -0500] "GET /index.php/admin/catalog_product/edit/id/904/back/edit/tab/product_info_tabs_group_110/key/46a00033aef30775aad975fc9dda675f/ HTTP/1.1" 200 29193 "http://dev.debian.loc/index.php/admin/catalog_product/edit/id/904/key/46a00033aef30775aad975fc9dda675f/" "Mozilla/5.0 (Windows NT 10.0; WOW64) AppleWebKit/537.36 (KHTML, like Gecko) Chrome/56.0.2924.87 Safari/537.36"
192.168.99.1 - - [26/Feb/2017:03:48:37 -0500] "GET /repiit/gettoken HTTP/1.1" 404 5846 "-" "Mozilla/5.0 (Windows NT 10.0; WOW64) AppleWebKit/537.36 (KHTML, like Gecko) Chrome/56.0.2924.87 Safari/537.36"
192.168.99.1 - - [26/Feb/2017:03:49:19 -0500] "GET /repiit/token/gettattoke HTTP/1.1" 499 0 "-" "Mozilla/5.0 (Windows NT 10.0; WOW64) AppleWebKit/537.36 (KHTML, like Gecko) Chrome/56.0.2924.87 Safari/537.36"
192.168.99.1 - - [26/Feb/2017:03:49:33 -0500] "GET /repiit/token/gettattoken HTTP/1.1" 404 5855 "-" "Mozilla/5.0 (Windows NT 10.0; WOW64) AppleWebKit/537.36 (KHTML, like Gecko) Chrome/56.0.2924.87 Safari/537.36"
192.168.99.1 - - [26/Feb/2017:03:52:34 -0500] "GET /index.php/admin/system_config/index/key/6af528f59c6c977136ba352515d3cf02/ HTTP/1.1" 200 33802 "http://dev.debian.loc/index.php/admin/catalog_product/edit/id/904/back/edit/tab/product_info_tabs_group_110/key/46a00033aef30775aad975fc9dda675f/" "Mozilla/5.0 (Windows NT 10.0; WOW64) AppleWebKit/537.36 (KHTML, like Gecko) Chrome/56.0.2924.87 Safari/537.36"
192.168.99.1 - - [26/Feb/2017:04:09:00 -0500] "GET /repiit/token/gettattoken HTTP/1.1" 404 5855 "-" "Mozilla/5.0 (Windows NT 10.0; WOW64) AppleWebKit/537.36 (KHTML, like Gecko) Chrome/56.0.2924.87 Safari/537.36"
192.168.99.1 - - [26/Feb/2017:04:11:36 -0500] "GET /repiitsubscription/token/gettattoken HTTP/1.1" 200 520 "-" "Mozilla/5.0 (Windows NT 10.0; WOW64) AppleWebKit/537.36 (KHTML, like Gecko) Chrome/56.0.2924.87 Safari/537.36"
192.168.99.1 - - [26/Feb/2017:04:16:03 -0500] "GET /index.php/admin/catalog_product/index/key/827dc4544aead2141806ba7ebf3dddab/ HTTP/1.1" 200 17101 "http://dev.debian.loc/index.php/admin/system_config/index/key/6af528f59c6c977136ba352515d3cf02/" "Mozilla/5.0 (Windows NT 10.0; WOW64) AppleWebKit/537.36 (KHTML, like Gecko) Chrome/56.0.2924.87 Safari/537.36"
192.168.99.1 - - [26/Feb/2017:04:16:06 -0500] "GET /index.php/admin/catalog_product/edit/id/905/key/46a00033aef30775aad975fc9dda675f/ HTTP/1.1" 200 29072 "http://dev.debian.loc/index.php/admin/catalog_product/index/key/827dc4544aead2141806ba7ebf3dddab/" "Mozilla/5.0 (Windows NT 10.0; WOW64) AppleWebKit/537.36 (KHTML, like Gecko) Chrome/56.0.2924.87 Safari/537.36"
192.168.99.1 - - [26/Feb/2017:04:16:11 -0500] "POST /index.php/admin/catalog_product/validate/id/905/key/d1e557f02ee2300fb7367318230b8b8a/?isAjax=true HTTP/1.1" 200 46 "http://dev.debian.loc/index.php/admin/catalog_product/edit/id/905/key/46a00033aef30775aad975fc9dda675f/" "Mozilla/5.0 (Windows NT 10.0; WOW64) AppleWebKit/537.36 (KHTML, like Gecko) Chrome/56.0.2924.87 Safari/537.36"
192.168.99.1 - - [26/Feb/2017:04:16:13 -0500] "POST /index.php/admin/catalog_product/save/back/edit/tab/product_info_tabs_group_110/id/905/key/fbc3f15dcc780aae2539693d51ac12f8/ HTTP/1.1" 302 5 "http://dev.debian.loc/index.php/admin/catalog_product/edit/id/905/key/46a00033aef30775aad975fc9dda675f/" "Mozilla/5.0 (Windows NT 10.0; WOW64) AppleWebKit/537.36 (KHTML, like Gecko) Chrome/56.0.2924.87 Safari/537.36"
192.168.99.1 - - [26/Feb/2017:04:16:15 -0500] "GET /index.php/admin/catalog_product/edit/id/905/back/edit/tab/product_info_tabs_group_110/key/46a00033aef30775aad975fc9dda675f/ HTTP/1.1" 200 29190 "http://dev.debian.loc/index.php/admin/catalog_product/edit/id/905/key/46a00033aef30775aad975fc9dda675f/" "Mozilla/5.0 (Windows NT 10.0; WOW64) AppleWebKit/537.36 (KHTML, like Gecko) Chrome/56.0.2924.87 Safari/537.36"
192.168.99.1 - - [26/Feb/2017:04:19:31 -0500] "GET /index.php/admin/index/logout/key/694eb5a97726fac1a9bb50a849764f7b/ HTTP/1.1" 302 5 "http://dev.debian.loc/index.php/admin/catalog_product/edit/id/905/back/edit/tab/product_info_tabs_group_110/key/46a00033aef30775aad975fc9dda675f/" "Mozilla/5.0 (Windows NT 10.0; WOW64) AppleWebKit/537.36 (KHTML, like Gecko) Chrome/56.0.2924.87 Safari/537.36"
192.168.99.1 - - [26/Feb/2017:04:19:31 -0500] "GET /index.php/admin/index/index/key/7ff9dc0a08e990ef887cef576b2d452c/ HTTP/1.1" 200 1103 "http://dev.debian.loc/index.php/admin/catalog_product/edit/id/905/back/edit/tab/product_info_tabs_group_110/key/46a00033aef30775aad975fc9dda675f/" "Mozilla/5.0 (Windows NT 10.0; WOW64) AppleWebKit/537.36 (KHTML, like Gecko) Chrome/56.0.2924.87 Safari/537.36"
192.168.99.1 - - [26/Feb/2017:04:19:41 -0500] "POST /index.php/admin/index/index/key/7ff9dc0a08e990ef887cef576b2d452c/ HTTP/1.1" 302 5 "http://dev.debian.loc/index.php/admin/index/index/key/7ff9dc0a08e990ef887cef576b2d452c/" "Mozilla/5.0 (Windows NT 10.0; WOW64) AppleWebKit/537.36 (KHTML, like Gecko) Chrome/56.0.2924.87 Safari/537.36"
192.168.99.1 - - [26/Feb/2017:04:19:42 -0500] "GET /index.php/admin/index/index/key/194231c03924f398926278e3a23b75cd/ HTTP/1.1" 302 5 "http://dev.debian.loc/index.php/admin/index/index/key/7ff9dc0a08e990ef887cef576b2d452c/" "Mozilla/5.0 (Windows NT 10.0; WOW64) AppleWebKit/537.36 (KHTML, like Gecko) Chrome/56.0.2924.87 Safari/537.36"
127.0.0.1 - - [26/Feb/2017:04:19:43 -0500] "POST /app/etc/local.xml HTTP/1.1" 405 166 "-" "-"
192.168.99.1 - - [26/Feb/2017:04:19:43 -0500] "GET /index.php/admin/dashboard/index/key/431c113f1d6e71f661122ea67fa74b7e/ HTTP/1.1" 200 14530 "http://dev.debian.loc/index.php/admin/index/index/key/7ff9dc0a08e990ef887cef576b2d452c/" "Mozilla/5.0 (Windows NT 10.0; WOW64) AppleWebKit/537.36 (KHTML, like Gecko) Chrome/56.0.2924.87 Safari/537.36"
192.168.99.1 - - [26/Feb/2017:04:19:52 -0500] "GET /index.php/admin/catalog_product/index/key/7480c10fd0ae7e444cf0b1ea77fb485b/ HTTP/1.1" 200 17101 "http://dev.debian.loc/index.php/admin/dashboard/index/key/431c113f1d6e71f661122ea67fa74b7e/" "Mozilla/5.0 (Windows NT 10.0; WOW64) AppleWebKit/537.36 (KHTML, like Gecko) Chrome/56.0.2924.87 Safari/537.36"
192.168.99.1 - - [26/Feb/2017:04:19:56 -0500] "GET /index.php/admin/catalog_product/edit/id/905/key/bd14b0a8f8ebad818a69930330c9043a/ HTTP/1.1" 200 29082 "http://dev.debian.loc/index.php/admin/catalog_product/index/key/7480c10fd0ae7e444cf0b1ea77fb485b/" "Mozilla/5.0 (Windows NT 10.0; WOW64) AppleWebKit/537.36 (KHTML, like Gecko) Chrome/56.0.2924.87 Safari/537.36"
192.168.99.1 - - [26/Feb/2017:04:20:03 -0500] "POST /index.php/admin/catalog_product/validate/id/905/key/cb4d60516e9e0d8149d235089189cf50/?isAjax=true HTTP/1.1" 200 46 "http://dev.debian.loc/index.php/admin/catalog_product/edit/id/905/key/bd14b0a8f8ebad818a69930330c9043a/" "Mozilla/5.0 (Windows NT 10.0; WOW64) AppleWebKit/537.36 (KHTML, like Gecko) Chrome/56.0.2924.87 Safari/537.36"
192.168.99.1 - - [26/Feb/2017:04:20:05 -0500] "POST /index.php/admin/catalog_product/save/back/edit/tab/product_info_tabs_group_110/id/905/key/1d0c54117f8eaa83ef0e45a3d61b7f4c/ HTTP/1.1" 302 5 "http://dev.debian.loc/index.php/admin/catalog_product/edit/id/905/key/bd14b0a8f8ebad818a69930330c9043a/" "Mozilla/5.0 (Windows NT 10.0; WOW64) AppleWebKit/537.36 (KHTML, like Gecko) Chrome/56.0.2924.87 Safari/537.36"
192.168.99.1 - - [26/Feb/2017:04:20:07 -0500] "GET /index.php/admin/catalog_product/edit/id/905/back/edit/tab/product_info_tabs_group_110/key/bd14b0a8f8ebad818a69930330c9043a/ HTTP/1.1" 200 29191 "http://dev.debian.loc/index.php/admin/catalog_product/edit/id/905/key/bd14b0a8f8ebad818a69930330c9043a/" "Mozilla/5.0 (Windows NT 10.0; WOW64) AppleWebKit/537.36 (KHTML, like Gecko) Chrome/56.0.2924.87 Safari/537.36"
192.168.99.1 - - [26/Feb/2017:04:21:28 -0500] "GET /index.php/admin/catalog_product/edit/id/905/back/edit/tab/product_info_tabs_group_110/key/bd14b0a8f8ebad818a69930330c9043a/ HTTP/1.1" 200 29160 "http://dev.debian.loc/index.php/admin/catalog_product/edit/id/905/key/bd14b0a8f8ebad818a69930330c9043a/" "Mozilla/5.0 (Windows NT 10.0; WOW64) AppleWebKit/537.36 (KHTML, like Gecko) Chrome/56.0.2924.87 Safari/537.36"
192.168.99.1 - - [26/Feb/2017:04:21:28 -0500] "GET /skin/adminhtml/default/default/images/nav2_li_bg.png HTTP/1.1" 200 163 "http://dev.debian.loc/skin/adminhtml/default/default/menu.css" "Mozilla/5.0 (Windows NT 10.0; WOW64) AppleWebKit/537.36 (KHTML, like Gecko) Chrome/56.0.2924.87 Safari/537.36"
192.168.99.1 - - [26/Feb/2017:04:21:28 -0500] "GET /skin/adminhtml/default/default/images/nav2_last_li_bg.png HTTP/1.1" 200 350 "http://dev.debian.loc/skin/adminhtml/default/default/menu.css" "Mozilla/5.0 (Windows NT 10.0; WOW64) AppleWebKit/537.36 (KHTML, like Gecko) Chrome/56.0.2924.87 Safari/537.36"
192.168.99.1 - - [26/Feb/2017:04:21:28 -0500] "GET /skin/adminhtml/default/default/images/nav3_bg.png HTTP/1.1" 200 164 "http://dev.debian.loc/skin/adminhtml/default/default/menu.css" "Mozilla/5.0 (Windows NT 10.0; WOW64) AppleWebKit/537.36 (KHTML, like Gecko) Chrome/56.0.2924.87 Safari/537.36"
192.168.99.1 - - [26/Feb/2017:04:21:28 -0500] "GET /skin/adminhtml/default/default/images/i_question-mark.png HTTP/1.1" 200 1654 "http://dev.debian.loc/skin/adminhtml/default/default/boxes.css" "Mozilla/5.0 (Windows NT 10.0; WOW64) AppleWebKit/537.36 (KHTML, like Gecko) Chrome/56.0.2924.87 Safari/537.36"
192.168.99.1 - - [26/Feb/2017:04:21:34 -0500] "POST /index.php/admin/catalog_product/validate/id/905/back/edit/tab/product_info_tabs_group_110/key/cb4d60516e9e0d8149d235089189cf50/?isAjax=true HTTP/1.1" 200 46 "http://dev.debian.loc/index.php/admin/catalog_product/edit/id/905/back/edit/tab/product_info_tabs_group_110/key/bd14b0a8f8ebad818a69930330c9043a/" "Mozilla/5.0 (Windows NT 10.0; WOW64) AppleWebKit/537.36 (KHTML, like Gecko) Chrome/56.0.2924.87 Safari/537.36"
192.168.99.1 - - [26/Feb/2017:04:21:36 -0500] "POST /index.php/admin/catalog_product/save/back/edit/tab/product_info_tabs_group_110/id/905/key/1d0c54117f8eaa83ef0e45a3d61b7f4c/ HTTP/1.1" 302 5 "http://dev.debian.loc/index.php/admin/catalog_product/edit/id/905/back/edit/tab/product_info_tabs_group_110/key/bd14b0a8f8ebad818a69930330c9043a/" "Mozilla/5.0 (Windows NT 10.0; WOW64) AppleWebKit/537.36 (KHTML, like Gecko) Chrome/56.0.2924.87 Safari/537.36"
