192.168.99.1 - - [01/Mar/2017:12:56:00 -0500] "POST /index.php/admin/sales_order_create/loadBlock/key/ea08aeaacdee23219375968d14fd4d86/block/card_validation?isAjax=true HTTP/1.1" 200 63 "http://dev.debian.loc/index.php/admin/sales_order_create/index/key/f2c8cd77010a7c06b01f4a84a0febef1/" "Mozilla/5.0 (Windows NT 10.0; WOW64) AppleWebKit/537.36 (KHTML, like Gecko) Chrome/56.0.2924.87 Safari/537.36"
192.168.99.1 - - [01/Mar/2017:12:56:10 -0500] "POST /index.php/admin/sales_order_create/loadBlock/key/ea08aeaacdee23219375968d14fd4d86/block/shipping_method,totals?isAjax=true HTTP/1.1" 200 1267 "http://dev.debian.loc/index.php/admin/sales_order_create/index/key/f2c8cd77010a7c06b01f4a84a0febef1/" "Mozilla/5.0 (Windows NT 10.0; WOW64) AppleWebKit/537.36 (KHTML, like Gecko) Chrome/56.0.2924.87 Safari/537.36"
192.168.99.1 - - [01/Mar/2017:12:56:14 -0500] "POST /index.php/admin/sales_order_create/loadBlock/key/ea08aeaacdee23219375968d14fd4d86/block/shipping_method,totals,billing_method?isAjax=true HTTP/1.1" 200 1648 "http://dev.debian.loc/index.php/admin/sales_order_create/index/key/f2c8cd77010a7c06b01f4a84a0febef1/" "Mozilla/5.0 (Windows NT 10.0; WOW64) AppleWebKit/537.36 (KHTML, like Gecko) Chrome/56.0.2924.87 Safari/537.36"
192.168.99.1 - - [01/Mar/2017:12:56:28 -0500] "POST /index.php/admin/sales_order_create/save/key/e936340d31f4bcb6b366813cb4ef46e8/ HTTP/1.1" 302 5 "http://dev.debian.loc/index.php/admin/sales_order_create/index/key/f2c8cd77010a7c06b01f4a84a0febef1/" "Mozilla/5.0 (Windows NT 10.0; WOW64) AppleWebKit/537.36 (KHTML, like Gecko) Chrome/56.0.2924.87 Safari/537.36"
192.168.99.1 - - [01/Mar/2017:12:56:31 -0500] "GET /index.php/admin/sales_order/view/order_id/242/key/b5db6c0d325ae6df59da202aba665904/ HTTP/1.1" 200 19110 "http://dev.debian.loc/index.php/admin/sales_order_create/index/key/f2c8cd77010a7c06b01f4a84a0febef1/" "Mozilla/5.0 (Windows NT 10.0; WOW64) AppleWebKit/537.36 (KHTML, like Gecko) Chrome/56.0.2924.87 Safari/537.36"
127.0.0.1 - - [01/Mar/2017:13:17:42 -0500] "POST /repiitsubscription/order/create HTTP/1.1" 200 571 "-" "Mozilla/5.0 (Windows NT 10.0; WOW64) AppleWebKit/537.36 (KHTML, like Gecko) Chrome/54.0.2840.99 Safari/537.36"
192.168.99.1 - - [01/Mar/2017:13:17:59 -0500] "GET /index.php/admin/sales_order/index/key/ba689f9da619261e873072546d935f92/ HTTP/1.1" 200 15824 "http://dev.debian.loc/index.php/admin/sales_order/view/order_id/242/key/b5db6c0d325ae6df59da202aba665904/" "Mozilla/5.0 (Windows NT 10.0; WOW64) AppleWebKit/537.36 (KHTML, like Gecko) Chrome/56.0.2924.87 Safari/537.36"
192.168.99.1 - - [01/Mar/2017:13:18:05 -0500] "GET /index.php/admin/sales_order/view/order_id/243/key/b5db6c0d325ae6df59da202aba665904/ HTTP/1.1" 200 18970 "http://dev.debian.loc/index.php/admin/sales_order/index/key/ba689f9da619261e873072546d935f92/" "Mozilla/5.0 (Windows NT 10.0; WOW64) AppleWebKit/537.36 (KHTML, like Gecko) Chrome/56.0.2924.87 Safari/537.36"
127.0.0.1 - - [01/Mar/2017:13:19:08 -0500] "POST /repiitsubscription/order/create HTTP/1.1" 200 571 "-" "Mozilla/5.0 (Windows NT 10.0; WOW64) AppleWebKit/537.36 (KHTML, like Gecko) Chrome/54.0.2840.99 Safari/537.36"
192.168.99.1 - - [01/Mar/2017:13:19:16 -0500] "GET /index.php/admin/sales_order/index/key/ba689f9da619261e873072546d935f92/ HTTP/1.1" 200 15825 "http://dev.debian.loc/index.php/admin/sales_order/view/order_id/243/key/b5db6c0d325ae6df59da202aba665904/" "Mozilla/5.0 (Windows NT 10.0; WOW64) AppleWebKit/537.36 (KHTML, like Gecko) Chrome/56.0.2924.87 Safari/537.36"
127.0.0.1 - - [01/Mar/2017:13:21:06 -0500] "POST /repiitsubscription/order/create HTTP/1.1" 200 571 "-" "Mozilla/5.0 (Windows NT 10.0; WOW64) AppleWebKit/537.36 (KHTML, like Gecko) Chrome/54.0.2840.99 Safari/537.36"
192.168.99.1 - - [01/Mar/2017:13:21:17 -0500] "GET /index.php/admin/sales_order/index/key/ba689f9da619261e873072546d935f92/ HTTP/1.1" 200 15824 "http://dev.debian.loc/index.php/admin/sales_order/index/key/ba689f9da619261e873072546d935f92/" "Mozilla/5.0 (Windows NT 10.0; WOW64) AppleWebKit/537.36 (KHTML, like Gecko) Chrome/56.0.2924.87 Safari/537.36"
192.168.99.1 - - [01/Mar/2017:13:21:27 -0500] "GET /index.php/admin/sales_order/index/key/ba689f9da619261e873072546d935f92/ HTTP/1.1" 200 15823 "http://dev.debian.loc/index.php/admin/sales_order/index/key/ba689f9da619261e873072546d935f92/" "Mozilla/5.0 (Windows NT 10.0; WOW64) AppleWebKit/537.36 (KHTML, like Gecko) Chrome/56.0.2924.87 Safari/537.36"
192.168.99.1 - - [01/Mar/2017:13:21:39 -0500] "GET /index.php/admin/sales_order/view/order_id/245/key/b5db6c0d325ae6df59da202aba665904/ HTTP/1.1" 200 18962 "http://dev.debian.loc/index.php/admin/sales_order/index/key/ba689f9da619261e873072546d935f92/" "Mozilla/5.0 (Windows NT 10.0; WOW64) AppleWebKit/537.36 (KHTML, like Gecko) Chrome/56.0.2924.87 Safari/537.36"
127.0.0.1 - - [01/Mar/2017:13:23:00 -0500] "POST /repiitsubscription/order/create HTTP/1.1" 200 571 "-" "Mozilla/5.0 (Windows NT 10.0; WOW64) AppleWebKit/537.36 (KHTML, like Gecko) Chrome/54.0.2840.99 Safari/537.36"
192.168.99.1 - - [01/Mar/2017:13:23:22 -0500] "GET /index.php/admin/sales_order/index/key/ba689f9da619261e873072546d935f92/ HTTP/1.1" 200 15821 "http://dev.debian.loc/index.php/admin/sales_order/view/order_id/245/key/b5db6c0d325ae6df59da202aba665904/" "Mozilla/5.0 (Windows NT 10.0; WOW64) AppleWebKit/537.36 (KHTML, like Gecko) Chrome/56.0.2924.87 Safari/537.36"
192.168.99.1 - - [01/Mar/2017:13:23:33 -0500] "GET /index.php/admin/sales_order/view/order_id/246/key/b5db6c0d325ae6df59da202aba665904/ HTTP/1.1" 200 18955 "http://dev.debian.loc/index.php/admin/sales_order/index/key/ba689f9da619261e873072546d935f92/" "Mozilla/5.0 (Windows NT 10.0; WOW64) AppleWebKit/537.36 (KHTML, like Gecko) Chrome/56.0.2924.87 Safari/537.36"
192.168.99.1 - - [01/Mar/2017:13:27:59 -0500] "GET /index.php/admin/system_config/index/key/131e41cf0aa0456b1d379f343b9e0dd8/ HTTP/1.1" 200 33813 "http://dev.debian.loc/index.php/admin/catalog_product/edit/id/905/key/15f88edf8055232e252930ea40afd8ed/" "Mozilla/5.0 (Windows NT 10.0; WOW64) AppleWebKit/537.36 (KHTML, like Gecko) Chrome/56.0.2924.87 Safari/537.36"
192.168.99.1 - - [01/Mar/2017:13:28:04 -0500] "GET /index.php/admin/system_config/edit/section/currency/key/684ab013551712bf266fe1d6682e0c55/ HTTP/1.1" 200 22914 "http://dev.debian.loc/index.php/admin/system_config/index/key/131e41cf0aa0456b1d379f343b9e0dd8/" "Mozilla/5.0 (Windows NT 10.0; WOW64) AppleWebKit/537.36 (KHTML, like Gecko) Chrome/56.0.2924.87 Safari/537.36"
192.168.99.1 - - [01/Mar/2017:13:28:10 -0500] "GET /index.php/admin/system_config/edit/section/design/key/684ab013551712bf266fe1d6682e0c55/ HTTP/1.1" 200 23550 "http://dev.debian.loc/index.php/admin/system_config/edit/section/currency/key/684ab013551712bf266fe1d6682e0c55/" "Mozilla/5.0 (Windows NT 10.0; WOW64) AppleWebKit/537.36 (KHTML, like Gecko) Chrome/56.0.2924.87 Safari/537.36"
192.168.99.1 - - [01/Mar/2017:13:28:14 -0500] "GET /index.php/admin/system_config/edit/section/web/key/684ab013551712bf266fe1d6682e0c55/ HTTP/1.1" 200 21428 "http://dev.debian.loc/index.php/admin/system_config/edit/section/design/key/684ab013551712bf266fe1d6682e0c55/" "Mozilla/5.0 (Windows NT 10.0; WOW64) AppleWebKit/537.36 (KHTML, like Gecko) Chrome/56.0.2924.87 Safari/537.36"
192.168.99.1 - - [01/Mar/2017:13:28:19 -0500] "GET /index.php/admin/system_config/edit/section/general/key/684ab013551712bf266fe1d6682e0c55/ HTTP/1.1" 200 33802 "http://dev.debian.loc/index.php/admin/system_config/edit/section/web/key/684ab013551712bf266fe1d6682e0c55/" "Mozilla/5.0 (Windows NT 10.0; WOW64) AppleWebKit/537.36 (KHTML, like Gecko) Chrome/56.0.2924.87 Safari/537.36"
192.168.99.1 - - [01/Mar/2017:13:28:24 -0500] "GET /index.php/admin/system_config/state/key/102e4b81acf7150e112bbf34b5da1e0d/?isAjax=true&container=general_country&value=1&form_key=FtKY5f3RxOugwS80 HTTP/1.1" 200 31 "http://dev.debian.loc/index.php/admin/system_config/edit/section/general/key/684ab013551712bf266fe1d6682e0c55/" "Mozilla/5.0 (Windows NT 10.0; WOW64) AppleWebKit/537.36 (KHTML, like Gecko) Chrome/56.0.2924.87 Safari/537.36"
192.168.99.1 - - [01/Mar/2017:13:28:30 -0500] "GET /index.php/admin/system_config/state/key/102e4b81acf7150e112bbf34b5da1e0d/?isAjax=true&container=general_country&value=0&form_key=FtKY5f3RxOugwS80 HTTP/1.1" 200 31 "http://dev.debian.loc/index.php/admin/system_config/edit/section/general/key/684ab013551712bf266fe1d6682e0c55/" "Mozilla/5.0 (Windows NT 10.0; WOW64) AppleWebKit/537.36 (KHTML, like Gecko) Chrome/56.0.2924.87 Safari/537.36"
192.168.99.1 - - [01/Mar/2017:13:28:31 -0500] "GET /index.php/admin/system_config/state/key/102e4b81acf7150e112bbf34b5da1e0d/?isAjax=true&container=general_region&value=1&form_key=FtKY5f3RxOugwS80 HTTP/1.1" 200 31 "http://dev.debian.loc/index.php/admin/system_config/edit/section/general/key/684ab013551712bf266fe1d6682e0c55/" "Mozilla/5.0 (Windows NT 10.0; WOW64) AppleWebKit/537.36 (KHTML, like Gecko) Chrome/56.0.2924.87 Safari/537.36"
192.168.99.1 - - [01/Mar/2017:13:28:32 -0500] "GET /index.php/admin/system_config/state/key/102e4b81acf7150e112bbf34b5da1e0d/?isAjax=true&container=general_region&value=0&form_key=FtKY5f3RxOugwS80 HTTP/1.1" 200 31 "http://dev.debian.loc/index.php/admin/system_config/edit/section/general/key/684ab013551712bf266fe1d6682e0c55/" "Mozilla/5.0 (Windows NT 10.0; WOW64) AppleWebKit/537.36 (KHTML, like Gecko) Chrome/56.0.2924.87 Safari/537.36"
192.168.99.1 - - [01/Mar/2017:13:28:32 -0500] "GET /index.php/admin/system_config/state/key/102e4b81acf7150e112bbf34b5da1e0d/?isAjax=true&container=general_locale&value=1&form_key=FtKY5f3RxOugwS80 HTTP/1.1" 200 31 "http://dev.debian.loc/index.php/admin/system_config/edit/section/general/key/684ab013551712bf266fe1d6682e0c55/" "Mozilla/5.0 (Windows NT 10.0; WOW64) AppleWebKit/537.36 (KHTML, like Gecko) Chrome/56.0.2924.87 Safari/537.36"
192.168.99.1 - - [01/Mar/2017:13:28:33 -0500] "GET /index.php/admin/system_config/state/key/102e4b81acf7150e112bbf34b5da1e0d/?isAjax=true&container=general_locale&value=0&form_key=FtKY5f3RxOugwS80 HTTP/1.1" 200 31 "http://dev.debian.loc/index.php/admin/system_config/edit/section/general/key/684ab013551712bf266fe1d6682e0c55/" "Mozilla/5.0 (Windows NT 10.0; WOW64) AppleWebKit/537.36 (KHTML, like Gecko) Chrome/56.0.2924.87 Safari/537.36"
192.168.99.1 - - [01/Mar/2017:13:28:34 -0500] "GET /index.php/admin/system_config/state/key/102e4b81acf7150e112bbf34b5da1e0d/?isAjax=true&container=general_store_information&value=1&form_key=FtKY5f3RxOugwS80 HTTP/1.1" 200 31 "http://dev.debian.loc/index.php/admin/system_config/edit/section/general/key/684ab013551712bf266fe1d6682e0c55/" "Mozilla/5.0 (Windows NT 10.0; WOW64) AppleWebKit/537.36 (KHTML, like Gecko) Chrome/56.0.2924.87 Safari/537.36"
192.168.99.1 - - [01/Mar/2017:13:28:54 -0500] "GET /index.php/admin/system_config/edit/section/design/key/684ab013551712bf266fe1d6682e0c55/ HTTP/1.1" 200 23551 "http://dev.debian.loc/index.php/admin/system_config/edit/section/general/key/684ab013551712bf266fe1d6682e0c55/" "Mozilla/5.0 (Windows NT 10.0; WOW64) AppleWebKit/537.36 (KHTML, like Gecko) Chrome/56.0.2924.87 Safari/537.36"
192.168.99.1 - - [01/Mar/2017:13:28:59 -0500] "GET /index.php/admin/system_config/edit/section/currency/key/684ab013551712bf266fe1d6682e0c55/ HTTP/1.1" 200 22915 "http://dev.debian.loc/index.php/admin/system_config/edit/section/design/key/684ab013551712bf266fe1d6682e0c55/" "Mozilla/5.0 (Windows NT 10.0; WOW64) AppleWebKit/537.36 (KHTML, like Gecko) Chrome/56.0.2924.87 Safari/537.36"
192.168.99.1 - - [01/Mar/2017:13:29:02 -0500] "GET /index.php/admin/system_config/state/key/102e4b81acf7150e112bbf34b5da1e0d/?isAjax=true&container=currency_options&value=1&form_key=FtKY5f3RxOugwS80 HTTP/1.1" 200 31 "http://dev.debian.loc/index.php/admin/system_config/edit/section/currency/key/684ab013551712bf266fe1d6682e0c55/" "Mozilla/5.0 (Windows NT 10.0; WOW64) AppleWebKit/537.36 (KHTML, like Gecko) Chrome/56.0.2924.87 Safari/537.36"
192.168.99.1 - - [01/Mar/2017:13:29:13 -0500] "POST /index.php/admin/system_config/save/section/currency/key/1d8f73c45d47805f13c87821a19920eb/ HTTP/1.1" 302 5 "http://dev.debian.loc/index.php/admin/system_config/edit/section/currency/key/684ab013551712bf266fe1d6682e0c55/" "Mozilla/5.0 (Windows NT 10.0; WOW64) AppleWebKit/537.36 (KHTML, like Gecko) Chrome/56.0.2924.87 Safari/537.36"
192.168.99.1 - - [01/Mar/2017:13:29:16 -0500] "GET /index.php/admin/system_config/edit/section/currency/key/684ab013551712bf266fe1d6682e0c55/ HTTP/1.1" 200 22980 "http://dev.debian.loc/index.php/admin/system_config/edit/section/currency/key/684ab013551712bf266fe1d6682e0c55/" "Mozilla/5.0 (Windows NT 10.0; WOW64) AppleWebKit/537.36 (KHTML, like Gecko) Chrome/56.0.2924.87 Safari/537.36"
192.168.99.1 - - [01/Mar/2017:13:29:43 -0500] "POST /index.php/admin/system_config/save/section/currency/key/1d8f73c45d47805f13c87821a19920eb/ HTTP/1.1" 302 5 "http://dev.debian.loc/index.php/admin/system_config/edit/section/currency/key/684ab013551712bf266fe1d6682e0c55/" "Mozilla/5.0 (Windows NT 10.0; WOW64) AppleWebKit/537.36 (KHTML, like Gecko) Chrome/56.0.2924.87 Safari/537.36"
192.168.99.1 - - [01/Mar/2017:13:29:45 -0500] "GET /index.php/admin/system_config/edit/section/currency/key/684ab013551712bf266fe1d6682e0c55/ HTTP/1.1" 200 22981 "http://dev.debian.loc/index.php/admin/system_config/edit/section/currency/key/684ab013551712bf266fe1d6682e0c55/" "Mozilla/5.0 (Windows NT 10.0; WOW64) AppleWebKit/537.36 (KHTML, like Gecko) Chrome/56.0.2924.87 Safari/537.36"
192.168.99.1 - - [01/Mar/2017:13:29:52 -0500] "GET /index.php/admin/sales_order/index/key/ba689f9da619261e873072546d935f92/ HTTP/1.1" 200 15824 "http://dev.debian.loc/index.php/admin/sales_order/view/order_id/246/key/b5db6c0d325ae6df59da202aba665904/" "Mozilla/5.0 (Windows NT 10.0; WOW64) AppleWebKit/537.36 (KHTML, like Gecko) Chrome/56.0.2924.87 Safari/537.36"
127.0.0.1 - - [01/Mar/2017:13:30:05 -0500] "POST /repiitsubscription/order/create HTTP/1.1" 200 571 "-" "Mozilla/5.0 (Windows NT 10.0; WOW64) AppleWebKit/537.36 (KHTML, like Gecko) Chrome/54.0.2840.99 Safari/537.36"
192.168.99.1 - - [01/Mar/2017:13:30:12 -0500] "GET /index.php/admin/sales_order/index/key/ba689f9da619261e873072546d935f92/ HTTP/1.1" 200 15817 "http://dev.debian.loc/index.php/admin/sales_order/index/key/ba689f9da619261e873072546d935f92/" "Mozilla/5.0 (Windows NT 10.0; WOW64) AppleWebKit/537.36 (KHTML, like Gecko) Chrome/56.0.2924.87 Safari/537.36"
192.168.99.1 - - [01/Mar/2017:13:30:29 -0500] "GET /index.php/admin/sales_order/view/order_id/247/key/b5db6c0d325ae6df59da202aba665904/ HTTP/1.1" 200 18963 "http://dev.debian.loc/index.php/admin/sales_order/index/key/ba689f9da619261e873072546d935f92/" "Mozilla/5.0 (Windows NT 10.0; WOW64) AppleWebKit/537.36 (KHTML, like Gecko) Chrome/56.0.2924.87 Safari/537.36"
192.168.99.1 - - [01/Mar/2017:13:30:56 -0500] "GET /index.php/admin/system_config/edit/section/currency/website/base/store/default/key/684ab013551712bf266fe1d6682e0c55/ HTTP/1.1" 200 21670 "http://dev.debian.loc/index.php/admin/system_config/edit/section/currency/key/684ab013551712bf266fe1d6682e0c55/" "Mozilla/5.0 (Windows NT 10.0; WOW64) AppleWebKit/537.36 (KHTML, like Gecko) Chrome/56.0.2924.87 Safari/537.36"
127.0.0.1 - - [01/Mar/2017:13:33:09 -0500] "POST /repiitsubscription/order/create HTTP/1.1" 200 571 "-" "Mozilla/5.0 (Windows NT 10.0; WOW64) AppleWebKit/537.36 (KHTML, like Gecko) Chrome/54.0.2840.99 Safari/537.36"
192.168.99.1 - - [01/Mar/2017:13:33:15 -0500] "GET /index.php/admin/sales_order/index/key/ba689f9da619261e873072546d935f92/ HTTP/1.1" 200 15793 "http://dev.debian.loc/index.php/admin/sales_order/view/order_id/247/key/b5db6c0d325ae6df59da202aba665904/" "Mozilla/5.0 (Windows NT 10.0; WOW64) AppleWebKit/537.36 (KHTML, like Gecko) Chrome/56.0.2924.87 Safari/537.36"
127.0.0.1 - - [01/Mar/2017:13:35:29 -0500] "POST /repiitsubscription/order/create HTTP/1.1" 200 571 "-" "Mozilla/5.0 (Windows NT 10.0; WOW64) AppleWebKit/537.36 (KHTML, like Gecko) Chrome/54.0.2840.99 Safari/537.36"
192.168.99.1 - - [01/Mar/2017:13:35:34 -0500] "GET /index.php/admin/sales_order/index/key/ba689f9da619261e873072546d935f92/ HTTP/1.1" 200 15789 "http://dev.debian.loc/index.php/admin/sales_order/index/key/ba689f9da619261e873072546d935f92/" "Mozilla/5.0 (Windows NT 10.0; WOW64) AppleWebKit/537.36 (KHTML, like Gecko) Chrome/56.0.2924.87 Safari/537.36"
192.168.99.1 - - [01/Mar/2017:13:35:39 -0500] "GET /index.php/admin/sales_order/view/order_id/249/key/b5db6c0d325ae6df59da202aba665904/ HTTP/1.1" 200 18964 "http://dev.debian.loc/index.php/admin/sales_order/index/key/ba689f9da619261e873072546d935f92/" "Mozilla/5.0 (Windows NT 10.0; WOW64) AppleWebKit/537.36 (KHTML, like Gecko) Chrome/56.0.2924.87 Safari/537.36"
127.0.0.1 - - [01/Mar/2017:13:43:10 -0500] "POST /repiitsubscription/order/create HTTP/1.1" 200 571 "-" "Mozilla/5.0 (Windows NT 10.0; WOW64) AppleWebKit/537.36 (KHTML, like Gecko) Chrome/54.0.2840.99 Safari/537.36"
127.0.0.1 - - [01/Mar/2017:13:43:20 -0500] "POST /app/etc/local.xml HTTP/1.1" 405 166 "-" "-"
192.168.99.1 - - [01/Mar/2017:13:43:21 -0500] "GET /index.php/admin/sales_order/index/key/ba689f9da619261e873072546d935f92/ HTTP/1.1" 200 15784 "http://dev.debian.loc/index.php/admin/sales_order/view/order_id/249/key/b5db6c0d325ae6df59da202aba665904/" "Mozilla/5.0 (Windows NT 10.0; WOW64) AppleWebKit/537.36 (KHTML, like Gecko) Chrome/56.0.2924.87 Safari/537.36"
192.168.99.1 - - [01/Mar/2017:13:43:26 -0500] "GET /index.php/admin/sales_order/view/order_id/250/key/b5db6c0d325ae6df59da202aba665904/ HTTP/1.1" 200 18959 "http://dev.debian.loc/index.php/admin/sales_order/index/key/ba689f9da619261e873072546d935f92/" "Mozilla/5.0 (Windows NT 10.0; WOW64) AppleWebKit/537.36 (KHTML, like Gecko) Chrome/56.0.2924.87 Safari/537.36"
127.0.0.1 - - [01/Mar/2017:13:44:11 -0500] "POST /repiitsubscription/order/create HTTP/1.1" 200 571 "-" "Mozilla/5.0 (Windows NT 10.0; WOW64) AppleWebKit/537.36 (KHTML, like Gecko) Chrome/54.0.2840.99 Safari/537.36"
192.168.99.1 - - [01/Mar/2017:13:44:24 -0500] "GET /index.php/admin/sales_order/index/key/ba689f9da619261e873072546d935f92/ HTTP/1.1" 200 15792 "http://dev.debian.loc/index.php/admin/sales_order/view/order_id/250/key/b5db6c0d325ae6df59da202aba665904/" "Mozilla/5.0 (Windows NT 10.0; WOW64) AppleWebKit/537.36 (KHTML, like Gecko) Chrome/56.0.2924.87 Safari/537.36"
192.168.99.1 - - [01/Mar/2017:13:44:35 -0500] "GET /index.php/admin/sales_order/view/order_id/251/key/b5db6c0d325ae6df59da202aba665904/ HTTP/1.1" 200 18966 "http://dev.debian.loc/index.php/admin/sales_order/index/key/ba689f9da619261e873072546d935f92/" "Mozilla/5.0 (Windows NT 10.0; WOW64) AppleWebKit/537.36 (KHTML, like Gecko) Chrome/56.0.2924.87 Safari/537.36"
127.0.0.1 - - [01/Mar/2017:13:47:00 -0500] "POST /repiitsubscription/order/create HTTP/1.1" 200 571 "-" "Mozilla/5.0 (Windows NT 10.0; WOW64) AppleWebKit/537.36 (KHTML, like Gecko) Chrome/54.0.2840.99 Safari/537.36"
127.0.0.1 - - [01/Mar/2017:13:50:28 -0500] "POST /repiitsubscription/order/create HTTP/1.1" 200 571 "-" "Mozilla/5.0 (Windows NT 10.0; WOW64) AppleWebKit/537.36 (KHTML, like Gecko) Chrome/54.0.2840.99 Safari/537.36"
192.168.99.1 - - [01/Mar/2017:13:51:19 -0500] "GET /index.php/admin/sales_order/index/key/ba689f9da619261e873072546d935f92/ HTTP/1.1" 200 15793 "http://dev.debian.loc/index.php/admin/sales_order/view/order_id/251/key/b5db6c0d325ae6df59da202aba665904/" "Mozilla/5.0 (Windows NT 10.0; WOW64) AppleWebKit/537.36 (KHTML, like Gecko) Chrome/56.0.2924.87 Safari/537.36"
127.0.0.1 - - [01/Mar/2017:13:51:36 -0500] "POST /repiitsubscription/order/create HTTP/1.1" 200 571 "-" "Mozilla/5.0 (Windows NT 10.0; WOW64) AppleWebKit/537.36 (KHTML, like Gecko) Chrome/54.0.2840.99 Safari/537.36"
192.168.99.1 - - [01/Mar/2017:13:52:25 -0500] "GET /index.php/admin/sales_order/index/key/ba689f9da619261e873072546d935f92/ HTTP/1.1" 200 15785 "http://dev.debian.loc/index.php/admin/sales_order/view/order_id/251/key/b5db6c0d325ae6df59da202aba665904/" "Mozilla/5.0 (Windows NT 10.0; WOW64) AppleWebKit/537.36 (KHTML, like Gecko) Chrome/56.0.2924.87 Safari/537.36"
192.168.99.1 - - [01/Mar/2017:13:53:52 -0500] "GET /index.php/admin/sales_order/index/key/ba689f9da619261e873072546d935f92/ HTTP/1.1" 200 15782 "http://dev.debian.loc/index.php/admin/sales_order/index/key/ba689f9da619261e873072546d935f92/" "Mozilla/5.0 (Windows NT 10.0; WOW64) AppleWebKit/537.36 (KHTML, like Gecko) Chrome/56.0.2924.87 Safari/537.36"
127.0.0.1 - - [01/Mar/2017:13:53:58 -0500] "POST /repiitsubscription/order/create HTTP/1.1" 200 571 "-" "Mozilla/5.0 (Windows NT 10.0; WOW64) AppleWebKit/537.36 (KHTML, like Gecko) Chrome/54.0.2840.99 Safari/537.36"
192.168.99.1 - - [01/Mar/2017:13:54:05 -0500] "GET /index.php/admin/sales_order/index/key/ba689f9da619261e873072546d935f92/ HTTP/1.1" 200 15777 "http://dev.debian.loc/index.php/admin/sales_order/index/key/ba689f9da619261e873072546d935f92/" "Mozilla/5.0 (Windows NT 10.0; WOW64) AppleWebKit/537.36 (KHTML, like Gecko) Chrome/56.0.2924.87 Safari/537.36"
192.168.99.1 - - [01/Mar/2017:13:54:34 -0500] "GET / HTTP/1.1" 200 5954 "-" "Mozilla/5.0 (Windows NT 10.0; WOW64) AppleWebKit/537.36 (KHTML, like Gecko) Chrome/56.0.2924.87 Safari/537.36"
192.168.99.1 - - [01/Mar/2017:13:54:50 -0500] "GET /accessories.html HTTP/1.1" 200 5029 "http://dev.debian.loc/" "Mozilla/5.0 (Windows NT 10.0; WOW64) AppleWebKit/537.36 (KHTML, like Gecko) Chrome/56.0.2924.87 Safari/537.36"
192.168.99.1 - - [01/Mar/2017:13:54:56 -0500] "GET /accessories/jewelry.html HTTP/1.1" 200 7656 "http://dev.debian.loc/accessories.html" "Mozilla/5.0 (Windows NT 10.0; WOW64) AppleWebKit/537.36 (KHTML, like Gecko) Chrome/56.0.2924.87 Safari/537.36"
192.168.99.1 - - [01/Mar/2017:13:54:56 -0500] "GET /media/catalog/swatches/1/15x15/media/blue.png HTTP/1.1" 200 221 "http://dev.debian.loc/accessories/jewelry.html" "Mozilla/5.0 (Windows NT 10.0; WOW64) AppleWebKit/537.36 (KHTML, like Gecko) Chrome/56.0.2924.87 Safari/537.36"
192.168.99.1 - - [01/Mar/2017:13:54:56 -0500] "GET /media/catalog/swatches/1/15x15/media/indigo.png HTTP/1.1" 200 208 "http://dev.debian.loc/accessories/jewelry.html" "Mozilla/5.0 (Windows NT 10.0; WOW64) AppleWebKit/537.36 (KHTML, like Gecko) Chrome/56.0.2924.87 Safari/537.36"
192.168.99.1 - - [01/Mar/2017:13:54:56 -0500] "GET /media/catalog/swatches/1/15x15/media/ivory.png HTTP/1.1" 200 223 "http://dev.debian.loc/accessories/jewelry.html" "Mozilla/5.0 (Windows NT 10.0; WOW64) AppleWebKit/537.36 (KHTML, like Gecko) Chrome/56.0.2924.87 Safari/537.36"
192.168.99.1 - - [01/Mar/2017:13:54:56 -0500] "GET /media/catalog/swatches/1/15x15/media/silver.png HTTP/1.1" 200 157 "http://dev.debian.loc/accessories/jewelry.html" "Mozilla/5.0 (Windows NT 10.0; WOW64) AppleWebKit/537.36 (KHTML, like Gecko) Chrome/56.0.2924.87 Safari/537.36"
192.168.99.1 - - [01/Mar/2017:13:55:00 -0500] "GET /accessories/jewelry/blue-horizons-bracelets.html HTTP/1.1" 200 7605 "http://dev.debian.loc/accessories/jewelry.html" "Mozilla/5.0 (Windows NT 10.0; WOW64) AppleWebKit/537.36 (KHTML, like Gecko) Chrome/56.0.2924.87 Safari/537.36"
192.168.99.1 - - [01/Mar/2017:13:55:04 -0500] "POST /checkout/cart/add/uenc/aHR0cDovL2Rldi5kZWJpYW4ubG9jL2FjY2Vzc29yaWVzL2pld2VscnkvYmx1ZS1ob3Jpem9ucy1icmFjZWxldHMuaHRtbA,,/product/549/form_key/4dxAkftKlEMGLdu1/ HTTP/1.1" 302 5 "http://dev.debian.loc/accessories/jewelry/blue-horizons-bracelets.html" "Mozilla/5.0 (Windows NT 10.0; WOW64) AppleWebKit/537.36 (KHTML, like Gecko) Chrome/56.0.2924.87 Safari/537.36"
192.168.99.1 - - [01/Mar/2017:13:55:07 -0500] "GET /checkout/cart/ HTTP/1.1" 200 16605 "http://dev.debian.loc/accessories/jewelry/blue-horizons-bracelets.html" "Mozilla/5.0 (Windows NT 10.0; WOW64) AppleWebKit/537.36 (KHTML, like Gecko) Chrome/56.0.2924.87 Safari/537.36"
192.168.99.1 - - [01/Mar/2017:13:55:37 -0500] "GET /index.php/admin/system_config/edit/section/currency/website/base/store/default/key/684ab013551712bf266fe1d6682e0c55/ HTTP/1.1" 200 21671 "http://dev.debian.loc/index.php/admin/system_config/edit/section/currency/website/base/store/default/key/684ab013551712bf266fe1d6682e0c55/" "Mozilla/5.0 (Windows NT 10.0; WOW64) AppleWebKit/537.36 (KHTML, like Gecko) Chrome/56.0.2924.87 Safari/537.36"
192.168.99.1 - - [01/Mar/2017:13:55:44 -0500] "GET /index.php/admin/system_config/edit/section/currency/key/684ab013551712bf266fe1d6682e0c55/ HTTP/1.1" 200 22932 "http://dev.debian.loc/index.php/admin/system_config/edit/section/currency/website/base/store/default/key/684ab013551712bf266fe1d6682e0c55/" "Mozilla/5.0 (Windows NT 10.0; WOW64) AppleWebKit/537.36 (KHTML, like Gecko) Chrome/56.0.2924.87 Safari/537.36"
192.168.99.1 - - [01/Mar/2017:13:56:35 -0500] "POST /index.php/admin/system_config/save/section/currency/key/1d8f73c45d47805f13c87821a19920eb/ HTTP/1.1" 302 5 "http://dev.debian.loc/index.php/admin/system_config/edit/section/currency/key/684ab013551712bf266fe1d6682e0c55/" "Mozilla/5.0 (Windows NT 10.0; WOW64) AppleWebKit/537.36 (KHTML, like Gecko) Chrome/56.0.2924.87 Safari/537.36"
192.168.99.1 - - [01/Mar/2017:13:56:39 -0500] "GET /index.php/admin/system_config/edit/section/currency/key/684ab013551712bf266fe1d6682e0c55/ HTTP/1.1" 200 22976 "http://dev.debian.loc/index.php/admin/system_config/edit/section/currency/key/684ab013551712bf266fe1d6682e0c55/" "Mozilla/5.0 (Windows NT 10.0; WOW64) AppleWebKit/537.36 (KHTML, like Gecko) Chrome/56.0.2924.87 Safari/537.36"
192.168.99.1 - - [01/Mar/2017:13:56:47 -0500] "GET /index.php/admin/process/list/key/23f3687a70f36e471d978565aff91739/ HTTP/1.1" 200 13153 "http://dev.debian.loc/index.php/admin/system_config/edit/section/currency/key/684ab013551712bf266fe1d6682e0c55/" "Mozilla/5.0 (Windows NT 10.0; WOW64) AppleWebKit/537.36 (KHTML, like Gecko) Chrome/56.0.2924.87 Safari/537.36"
192.168.99.1 - - [01/Mar/2017:13:56:55 -0500] "GET /index.php/admin/sales_order/index/key/ba689f9da619261e873072546d935f92/ HTTP/1.1" 200 15778 "http://dev.debian.loc/index.php/admin/sales_order/index/key/ba689f9da619261e873072546d935f92/" "Mozilla/5.0 (Windows NT 10.0; WOW64) AppleWebKit/537.36 (KHTML, like Gecko) Chrome/56.0.2924.87 Safari/537.36"
127.0.0.1 - - [01/Mar/2017:13:57:01 -0500] "POST /repiitsubscription/order/create HTTP/1.1" 200 571 "-" "Mozilla/5.0 (Windows NT 10.0; WOW64) AppleWebKit/537.36 (KHTML, like Gecko) Chrome/54.0.2840.99 Safari/537.36"
192.168.99.1 - - [01/Mar/2017:13:57:10 -0500] "GET /index.php/admin/sales_order/index/key/ba689f9da619261e873072546d935f92/ HTTP/1.1" 200 15775 "http://dev.debian.loc/index.php/admin/sales_order/index/key/ba689f9da619261e873072546d935f92/" "Mozilla/5.0 (Windows NT 10.0; WOW64) AppleWebKit/537.36 (KHTML, like Gecko) Chrome/56.0.2924.87 Safari/537.36"
192.168.99.1 - - [01/Mar/2017:14:01:54 -0500] "POST /index.php/admin/process/massReindex/key/54e4b278f5d9f0bea67b1066094e15c5/ HTTP/1.1" 302 5 "http://dev.debian.loc/index.php/admin/process/list/key/23f3687a70f36e471d978565aff91739/" "Mozilla/5.0 (Windows NT 10.0; WOW64) AppleWebKit/537.36 (KHTML, like Gecko) Chrome/56.0.2924.87 Safari/537.36"
192.168.99.1 - - [01/Mar/2017:14:02:05 -0500] "GET /index.php/admin/process/list/key/23f3687a70f36e471d978565aff91739/ HTTP/1.1" 200 13132 "http://dev.debian.loc/index.php/admin/process/list/key/23f3687a70f36e471d978565aff91739/" "Mozilla/5.0 (Windows NT 10.0; WOW64) AppleWebKit/537.36 (KHTML, like Gecko) Chrome/56.0.2924.87 Safari/537.36"
127.0.0.1 - - [01/Mar/2017:14:10:18 -0500] "POST /repiitsubscription/order/create HTTP/1.1" 200 572 "-" "Mozilla/5.0 (Windows NT 10.0; WOW64) AppleWebKit/537.36 (KHTML, like Gecko) Chrome/54.0.2840.99 Safari/537.36"
192.168.99.1 - - [01/Mar/2017:14:10:42 -0500] "GET /index.php/admin/sales_order/index/key/ba689f9da619261e873072546d935f92/ HTTP/1.1" 200 15692 "http://dev.debian.loc/index.php/admin/sales_order/index/key/ba689f9da619261e873072546d935f92/" "Mozilla/5.0 (Windows NT 10.0; WOW64) AppleWebKit/537.36 (KHTML, like Gecko) Chrome/56.0.2924.87 Safari/537.36"
127.0.0.1 - - [01/Mar/2017:14:26:47 -0500] "POST /repiitsubscription/order/create HTTP/1.1" 200 572 "-" "Mozilla/5.0 (Windows NT 10.0; WOW64) AppleWebKit/537.36 (KHTML, like Gecko) Chrome/54.0.2840.99 Safari/537.36"
192.168.99.1 - - [01/Mar/2017:14:26:58 -0500] "GET /index.php/admin/sales_order/index/key/ba689f9da619261e873072546d935f92/ HTTP/1.1" 200 15688 "http://dev.debian.loc/index.php/admin/sales_order/index/key/ba689f9da619261e873072546d935f92/" "Mozilla/5.0 (Windows NT 10.0; WOW64) AppleWebKit/537.36 (KHTML, like Gecko) Chrome/56.0.2924.87 Safari/537.36"
192.168.99.1 - - [01/Mar/2017:14:27:19 -0500] "GET /index.php/admin/sales_order/view/order_id/258/key/b5db6c0d325ae6df59da202aba665904/ HTTP/1.1" 200 18876 "http://dev.debian.loc/index.php/admin/sales_order/index/key/ba689f9da619261e873072546d935f92/" "Mozilla/5.0 (Windows NT 10.0; WOW64) AppleWebKit/537.36 (KHTML, like Gecko) Chrome/56.0.2924.87 Safari/537.36"
192.168.99.1 - - [03/Mar/2017:10:46:59 -0500] "GET /repiitsubscription/token/gettattoken HTTP/1.1" 200 533 "-" "Mozilla/5.0 (Windows NT 10.0; WOW64) AppleWebKit/537.36 (KHTML, like Gecko) Chrome/56.0.2924.87 Safari/537.36"
192.168.99.1 - - [03/Mar/2017:12:25:24 -0500] "GET /repiitsubscription/token/gettattoken HTTP/1.1" 200 533 "-" "Mozilla/5.0 (Windows NT 10.0; WOW64) AppleWebKit/537.36 (KHTML, like Gecko) Chrome/56.0.2924.87 Safari/537.36"
192.168.99.1 - - [03/Mar/2017:12:38:47 -0500] "GET /admin HTTP/1.1" 200 1102 "-" "Mozilla/5.0 (Windows NT 10.0; WOW64) AppleWebKit/537.36 (KHTML, like Gecko) Chrome/56.0.2924.87 Safari/537.36"
192.168.99.1 - - [03/Mar/2017:12:38:56 -0500] "POST /admin HTTP/1.1" 302 5 "http://dev.debian.loc/admin" "Mozilla/5.0 (Windows NT 10.0; WOW64) AppleWebKit/537.36 (KHTML, like Gecko) Chrome/56.0.2924.87 Safari/537.36"
192.168.99.1 - - [03/Mar/2017:12:39:00 -0500] "GET /index.php/admin/index/index/key/6c71d70a6541db8ac01da200cec379df/ HTTP/1.1" 302 5 "http://dev.debian.loc/admin" "Mozilla/5.0 (Windows NT 10.0; WOW64) AppleWebKit/537.36 (KHTML, like Gecko) Chrome/56.0.2924.87 Safari/537.36"
127.0.0.1 - - [03/Mar/2017:12:39:05 -0500] "POST /app/etc/local.xml HTTP/1.1" 405 166 "-" "-"
192.168.99.1 - - [03/Mar/2017:12:39:08 -0500] "GET /index.php/admin/dashboard/index/key/6537b20476f57c68ffd403650dcdb63a/ HTTP/1.1" 200 14472 "http://dev.debian.loc/admin" "Mozilla/5.0 (Windows NT 10.0; WOW64) AppleWebKit/537.36 (KHTML, like Gecko) Chrome/56.0.2924.87 Safari/537.36"
192.168.99.1 - - [03/Mar/2017:12:39:09 -0500] "GET /skin/adminhtml/default/default/images/nav2_li_bg.png HTTP/1.1" 200 163 "http://dev.debian.loc/skin/adminhtml/default/default/menu.css" "Mozilla/5.0 (Windows NT 10.0; WOW64) AppleWebKit/537.36 (KHTML, like Gecko) Chrome/56.0.2924.87 Safari/537.36"
192.168.99.1 - - [03/Mar/2017:12:39:09 -0500] "GET /skin/adminhtml/default/default/images/nav2_last_li_bg.png HTTP/1.1" 200 350 "http://dev.debian.loc/skin/adminhtml/default/default/menu.css" "Mozilla/5.0 (Windows NT 10.0; WOW64) AppleWebKit/537.36 (KHTML, like Gecko) Chrome/56.0.2924.87 Safari/537.36"
192.168.99.1 - - [03/Mar/2017:12:39:09 -0500] "GET /skin/adminhtml/default/default/images/nav3_bg.png HTTP/1.1" 200 164 "http://dev.debian.loc/skin/adminhtml/default/default/menu.css" "Mozilla/5.0 (Windows NT 10.0; WOW64) AppleWebKit/537.36 (KHTML, like Gecko) Chrome/56.0.2924.87 Safari/537.36"
192.168.99.1 - - [03/Mar/2017:12:39:09 -0500] "GET /skin/adminhtml/default/default/images/i_question-mark.png HTTP/1.1" 200 1654 "http://dev.debian.loc/skin/adminhtml/default/default/boxes.css" "Mozilla/5.0 (Windows NT 10.0; WOW64) AppleWebKit/537.36 (KHTML, like Gecko) Chrome/56.0.2924.87 Safari/537.36"
192.168.99.1 - - [03/Mar/2017:12:40:37 -0500] "GET /index.php/admin/extension_custom/index/key/3132eec176d8266c4ca330018359f06d/ HTTP/1.1" 200 15382 "http://dev.debian.loc/index.php/admin/dashboard/index/key/6537b20476f57c68ffd403650dcdb63a/" "Mozilla/5.0 (Windows NT 10.0; WOW64) AppleWebKit/537.36 (KHTML, like Gecko) Chrome/56.0.2924.87 Safari/537.36"
192.168.99.1 - - [03/Mar/2017:12:40:49 -0500] "POST /index.php/admin/extension_custom/loadtab/key/c5a8fbf8c9e8e922707b5a312ec5dff7/?isAjax=true HTTP/1.1" 200 1330 "http://dev.debian.loc/index.php/admin/extension_custom/index/key/3132eec176d8266c4ca330018359f06d/" "Mozilla/5.0 (Windows NT 10.0; WOW64) AppleWebKit/537.36 (KHTML, like Gecko) Chrome/56.0.2924.87 Safari/537.36"
192.168.99.1 - - [03/Mar/2017:12:40:55 -0500] "GET /index.php/admin/extension_custom/load/id/UmVwaWl0U3Vic2NyaXB0aW9u/key/b962044902688552f8769984f7f8aac2/ HTTP/1.1" 302 5 "http://dev.debian.loc/index.php/admin/extension_custom/index/key/3132eec176d8266c4ca330018359f06d/" "Mozilla/5.0 (Windows NT 10.0; WOW64) AppleWebKit/537.36 (KHTML, like Gecko) Chrome/56.0.2924.87 Safari/537.36"
192.168.99.1 - - [03/Mar/2017:12:40:59 -0500] "GET /index.php/admin/extension_custom/edit/key/6553034dc712bd1ff82d34cc1bf9a091/ HTTP/1.1" 200 15657 "http://dev.debian.loc/index.php/admin/extension_custom/index/key/3132eec176d8266c4ca330018359f06d/" "Mozilla/5.0 (Windows NT 10.0; WOW64) AppleWebKit/537.36 (KHTML, like Gecko) Chrome/56.0.2924.87 Safari/537.36"
192.168.99.1 - - [03/Mar/2017:12:42:22 -0500] "POST /index.php/admin/extension_custom/save/key/e7600ff7f6a7814f3b4c6d3fca83a0d2/ HTTP/1.1" 302 5 "http://dev.debian.loc/index.php/admin/extension_custom/edit/key/6553034dc712bd1ff82d34cc1bf9a091/" "Mozilla/5.0 (Windows NT 10.0; WOW64) AppleWebKit/537.36 (KHTML, like Gecko) Chrome/56.0.2924.87 Safari/537.36"
192.168.99.1 - - [03/Mar/2017:12:42:26 -0500] "GET /index.php/admin/extension_custom/index/key/3132eec176d8266c4ca330018359f06d/ HTTP/1.1" 200 15653 "http://dev.debian.loc/index.php/admin/extension_custom/edit/key/6553034dc712bd1ff82d34cc1bf9a091/" "Mozilla/5.0 (Windows NT 10.0; WOW64) AppleWebKit/537.36 (KHTML, like Gecko) Chrome/56.0.2924.87 Safari/537.36"
192.168.99.1 - - [03/Mar/2017:12:44:30 -0500] "POST /index.php/admin/extension_custom/loadtab/key/c5a8fbf8c9e8e922707b5a312ec5dff7/?isAjax=true HTTP/1.1" 200 1331 "http://dev.debian.loc/index.php/admin/extension_custom/index/key/3132eec176d8266c4ca330018359f06d/" "Mozilla/5.0 (Windows NT 10.0; WOW64) AppleWebKit/537.36 (KHTML, like Gecko) Chrome/56.0.2924.87 Safari/537.36"
192.168.99.1 - - [03/Mar/2017:12:44:34 -0500] "GET /index.php/admin/extension_custom/load/id/UmVwaWl0U3Vic2NyaXB0aW9u/key/b962044902688552f8769984f7f8aac2/ HTTP/1.1" 302 5 "http://dev.debian.loc/index.php/admin/extension_custom/index/key/3132eec176d8266c4ca330018359f06d/" "Mozilla/5.0 (Windows NT 10.0; WOW64) AppleWebKit/537.36 (KHTML, like Gecko) Chrome/56.0.2924.87 Safari/537.36"
192.168.99.1 - - [03/Mar/2017:12:44:38 -0500] "GET /index.php/admin/extension_custom/edit/key/6553034dc712bd1ff82d34cc1bf9a091/ HTTP/1.1" 200 15654 "http://dev.debian.loc/index.php/admin/extension_custom/index/key/3132eec176d8266c4ca330018359f06d/" "Mozilla/5.0 (Windows NT 10.0; WOW64) AppleWebKit/537.36 (KHTML, like Gecko) Chrome/56.0.2924.87 Safari/537.36"
192.168.99.1 - - [03/Mar/2017:12:44:47 -0500] "POST /index.php/admin/extension_custom/save/key/e7600ff7f6a7814f3b4c6d3fca83a0d2/ HTTP/1.1" 302 5 "http://dev.debian.loc/index.php/admin/extension_custom/edit/key/6553034dc712bd1ff82d34cc1bf9a091/" "Mozilla/5.0 (Windows NT 10.0; WOW64) AppleWebKit/537.36 (KHTML, like Gecko) Chrome/56.0.2924.87 Safari/537.36"
192.168.99.1 - - [03/Mar/2017:12:44:52 -0500] "GET /index.php/admin/extension_custom/edit/key/6553034dc712bd1ff82d34cc1bf9a091/ HTTP/1.1" 200 15653 "http://dev.debian.loc/index.php/admin/extension_custom/edit/key/6553034dc712bd1ff82d34cc1bf9a091/" "Mozilla/5.0 (Windows NT 10.0; WOW64) AppleWebKit/537.36 (KHTML, like Gecko) Chrome/56.0.2924.87 Safari/537.36"
192.168.99.1 - - [03/Mar/2017:12:46:41 -0500] "GET /index.php/admin/system_config/index/key/ab69500c888c5f0abbd52f68a4755e4f/ HTTP/1.1" 200 33728 "http://dev.debian.loc/index.php/admin/extension_custom/edit/key/6553034dc712bd1ff82d34cc1bf9a091/" "Mozilla/5.0 (Windows NT 10.0; WOW64) AppleWebKit/537.36 (KHTML, like Gecko) Chrome/56.0.2924.87 Safari/537.36"
192.168.99.1 - - [03/Mar/2017:12:47:22 -0500] "GET /index.php/admin/system_config/edit/section/dev/key/1049014708a0700511200b9f518a19b7/ HTTP/1.1" 200 19947 "http://dev.debian.loc/index.php/admin/system_config/index/key/ab69500c888c5f0abbd52f68a4755e4f/" "Mozilla/5.0 (Windows NT 10.0; WOW64) AppleWebKit/537.36 (KHTML, like Gecko) Chrome/56.0.2924.87 Safari/537.36"
192.168.99.1 - - [03/Mar/2017:12:47:48 -0500] "GET /index.php/admin/system_config/edit/section/advanced/key/1049014708a0700511200b9f518a19b7/ HTTP/1.1" 200 20697 "http://dev.debian.loc/index.php/admin/system_config/edit/section/dev/key/1049014708a0700511200b9f518a19b7/" "Mozilla/5.0 (Windows NT 10.0; WOW64) AppleWebKit/537.36 (KHTML, like Gecko) Chrome/56.0.2924.87 Safari/537.36"
192.168.99.1 - - [03/Mar/2017:12:47:56 -0500] "GET /index.php/admin/system_config/state/key/47cd8e87c595fd51872cecbc0e306da9/?isAjax=true&container=advanced_modules_disable_output&value=1&form_key=15kn2W2P9PKUiG4E HTTP/1.1" 200 31 "http://dev.debian.loc/index.php/admin/system_config/edit/section/advanced/key/1049014708a0700511200b9f518a19b7/" "Mozilla/5.0 (Windows NT 10.0; WOW64) AppleWebKit/537.36 (KHTML, like Gecko) Chrome/56.0.2924.87 Safari/537.36"
192.168.99.1 - - [03/Mar/2017:12:48:02 -0500] "GET /index.php/admin/extension_local/index/key/745154834bda3510a0d88e20d2a0ca3c/ HTTP/1.1" 302 5 "http://dev.debian.loc/index.php/admin/system_config/edit/section/advanced/key/1049014708a0700511200b9f518a19b7/" "Mozilla/5.0 (Windows NT 10.0; WOW64) AppleWebKit/537.36 (KHTML, like Gecko) Chrome/56.0.2924.87 Safari/537.36"
192.168.99.1 - - [03/Mar/2017:12:48:04 -0500] "GET /downloader/?return=http%3A%2F%2Fdev.debian.loc%2Findex.php%2Fadmin%2F HTTP/1.1" 200 1090 "http://dev.debian.loc/index.php/admin/system_config/edit/section/advanced/key/1049014708a0700511200b9f518a19b7/" "Mozilla/5.0 (Windows NT 10.0; WOW64) AppleWebKit/537.36 (KHTML, like Gecko) Chrome/56.0.2924.87 Safari/537.36"
192.168.99.1 - - [03/Mar/2017:12:48:20 -0500] "POST /downloader/?return=http%3A%2F%2Fdev.debian.loc%2Findex.php%2Fadmin%2F HTTP/1.1" 200 5093 "http://dev.debian.loc/downloader/?return=http%3A%2F%2Fdev.debian.loc%2Findex.php%2Fadmin%2F" "Mozilla/5.0 (Windows NT 10.0; WOW64) AppleWebKit/537.36 (KHTML, like Gecko) Chrome/56.0.2924.87 Safari/537.36"
192.168.99.1 - - [03/Mar/2017:12:48:22 -0500] "GET /downloader/index.php?A=empty HTTP/1.1" 200 1030 "http://dev.debian.loc/downloader/?return=http%3A%2F%2Fdev.debian.loc%2Findex.php%2Fadmin%2F" "Mozilla/5.0 (Windows NT 10.0; WOW64) AppleWebKit/537.36 (KHTML, like Gecko) Chrome/56.0.2924.87 Safari/537.36"
192.168.99.1 - - [03/Mar/2017:12:48:46 -0500] "GET /downloader/index.php?A=settings HTTP/1.1" 200 2085 "http://dev.debian.loc/downloader/?return=http%3A%2F%2Fdev.debian.loc%2Findex.php%2Fadmin%2F" "Mozilla/5.0 (Windows NT 10.0; WOW64) AppleWebKit/537.36 (KHTML, like Gecko) Chrome/56.0.2924.87 Safari/537.36"
192.168.99.1 - - [03/Mar/2017:12:48:58 -0500] "GET /admin/?SID=huq27n1f1nrko5pdupo5hh4nj0 HTTP/1.1" 302 5 "http://dev.debian.loc/downloader/index.php?A=settings" "Mozilla/5.0 (Windows NT 10.0; WOW64) AppleWebKit/537.36 (KHTML, like Gecko) Chrome/56.0.2924.87 Safari/537.36"
127.0.0.1 - - [03/Mar/2017:12:49:02 -0500] "POST /app/etc/local.xml HTTP/1.1" 405 166 "-" "-"
192.168.99.1 - - [03/Mar/2017:12:49:03 -0500] "GET /index.php/admin/dashboard/index/key/59b2499cb912e9c1cecfa3badba1fe09/ HTTP/1.1" 200 14004 "http://dev.debian.loc/downloader/index.php?A=settings" "Mozilla/5.0 (Windows NT 10.0; WOW64) AppleWebKit/537.36 (KHTML, like Gecko) Chrome/56.0.2924.87 Safari/537.36"
192.168.99.1 - - [03/Mar/2017:12:50:26 -0500] "GET /index.php/admin/extension_custom/index/key/c1fcdd7055efe49f22b1593a58dc61f5/ HTTP/1.1" 200 15400 "http://dev.debian.loc/index.php/admin/dashboard/index/key/59b2499cb912e9c1cecfa3badba1fe09/" "Mozilla/5.0 (Windows NT 10.0; WOW64) AppleWebKit/537.36 (KHTML, like Gecko) Chrome/56.0.2924.87 Safari/537.36"
192.168.99.1 - - [03/Mar/2017:12:50:36 -0500] "POST /index.php/admin/extension_custom/loadtab/key/4826b0fd00a57a5accf168acfaa9712a/?isAjax=true HTTP/1.1" 200 1330 "http://dev.debian.loc/index.php/admin/extension_custom/index/key/c1fcdd7055efe49f22b1593a58dc61f5/" "Mozilla/5.0 (Windows NT 10.0; WOW64) AppleWebKit/537.36 (KHTML, like Gecko) Chrome/56.0.2924.87 Safari/537.36"
192.168.99.1 - - [03/Mar/2017:12:50:42 -0500] "GET /index.php/admin/extension_custom/load/id/UmVwaWl0U3Vic2NyaXB0aW9u/key/878d73176d9e9e60e274301271039b32/ HTTP/1.1" 302 5 "http://dev.debian.loc/index.php/admin/extension_custom/index/key/c1fcdd7055efe49f22b1593a58dc61f5/" "Mozilla/5.0 (Windows NT 10.0; WOW64) AppleWebKit/537.36 (KHTML, like Gecko) Chrome/56.0.2924.87 Safari/537.36"
192.168.99.1 - - [03/Mar/2017:12:50:46 -0500] "GET /index.php/admin/extension_custom/edit/key/7f5a86d63285d8fcb16ab4e54e054528/ HTTP/1.1" 200 15673 "http://dev.debian.loc/index.php/admin/extension_custom/index/key/c1fcdd7055efe49f22b1593a58dc61f5/" "Mozilla/5.0 (Windows NT 10.0; WOW64) AppleWebKit/537.36 (KHTML, like Gecko) Chrome/56.0.2924.87 Safari/537.36"
192.168.99.1 - - [03/Mar/2017:12:50:59 -0500] "POST /index.php/admin/extension_custom/save/key/fa7ef94a3c73cadb4f5447f00b8fb3df/ HTTP/1.1" 302 5 "http://dev.debian.loc/index.php/admin/extension_custom/edit/key/7f5a86d63285d8fcb16ab4e54e054528/" "Mozilla/5.0 (Windows NT 10.0; WOW64) AppleWebKit/537.36 (KHTML, like Gecko) Chrome/56.0.2924.87 Safari/537.36"
192.168.99.1 - - [03/Mar/2017:12:51:02 -0500] "GET /index.php/admin/extension_custom/edit/key/7f5a86d63285d8fcb16ab4e54e054528/ HTTP/1.1" 200 15667 "http://dev.debian.loc/index.php/admin/extension_custom/edit/key/7f5a86d63285d8fcb16ab4e54e054528/" "Mozilla/5.0 (Windows NT 10.0; WOW64) AppleWebKit/537.36 (KHTML, like Gecko) Chrome/56.0.2924.87 Safari/537.36"
192.168.99.1 - - [03/Mar/2017:12:52:29 -0500] "POST /index.php/admin/extension_custom/save/key/fa7ef94a3c73cadb4f5447f00b8fb3df/ HTTP/1.1" 302 5 "http://dev.debian.loc/index.php/admin/extension_custom/edit/key/7f5a86d63285d8fcb16ab4e54e054528/" "Mozilla/5.0 (Windows NT 10.0; WOW64) AppleWebKit/537.36 (KHTML, like Gecko) Chrome/56.0.2924.87 Safari/537.36"
192.168.99.1 - - [03/Mar/2017:12:52:33 -0500] "GET /index.php/admin/extension_custom/edit/key/7f5a86d63285d8fcb16ab4e54e054528/ HTTP/1.1" 200 15675 "http://dev.debian.loc/index.php/admin/extension_custom/edit/key/7f5a86d63285d8fcb16ab4e54e054528/" "Mozilla/5.0 (Windows NT 10.0; WOW64) AppleWebKit/537.36 (KHTML, like Gecko) Chrome/56.0.2924.87 Safari/537.36"
192.168.99.1 - - [03/Mar/2017:13:03:32 -0500] "GET /index.php/admin/sales_order/index/key/30c5e02d1c466276589157758067a997/ HTTP/1.1" 200 15694 "http://dev.debian.loc/index.php/admin/extension_custom/edit/key/7f5a86d63285d8fcb16ab4e54e054528/" "Mozilla/5.0 (Windows NT 10.0; WOW64) AppleWebKit/537.36 (KHTML, like Gecko) Chrome/56.0.2924.87 Safari/537.36"
192.168.99.1 - - [03/Mar/2017:13:04:49 -0500] "GET /index.php/admin/catalog_product/index/key/98cb995b8763625a5d2f81c84969d025/ HTTP/1.1" 200 17060 "http://dev.debian.loc/index.php/admin/sales_order/index/key/30c5e02d1c466276589157758067a997/" "Mozilla/5.0 (Windows NT 10.0; WOW64) AppleWebKit/537.36 (KHTML, like Gecko) Chrome/56.0.2924.87 Safari/537.36"
192.168.99.1 - - [03/Mar/2017:13:04:57 -0500] "GET /index.php/admin/catalog_product/edit/id/890/key/597dc6bb69cf5d6f79927e8624f3a768/ HTTP/1.1" 200 29076 "http://dev.debian.loc/index.php/admin/catalog_product/index/key/98cb995b8763625a5d2f81c84969d025/" "Mozilla/5.0 (Windows NT 10.0; WOW64) AppleWebKit/537.36 (KHTML, like Gecko) Chrome/56.0.2924.87 Safari/537.36"
192.168.99.1 - - [03/Mar/2017:13:05:17 -0500] "POST /index.php/admin/catalog_product/validate/id/890/key/204e1c4ab3eb055f0077539b00d73166/?isAjax=true HTTP/1.1" 200 46 "http://dev.debian.loc/index.php/admin/catalog_product/edit/id/890/key/597dc6bb69cf5d6f79927e8624f3a768/" "Mozilla/5.0 (Windows NT 10.0; WOW64) AppleWebKit/537.36 (KHTML, like Gecko) Chrome/56.0.2924.87 Safari/537.36"
192.168.99.1 - - [03/Mar/2017:13:05:23 -0500] "POST /index.php/admin/catalog_product/save/back/edit/tab/product_info_tabs_group_110/id/890/key/e324fa63d26c221bf9d5bb92dd61e5b3/ HTTP/1.1" 302 5 "http://dev.debian.loc/index.php/admin/catalog_product/edit/id/890/key/597dc6bb69cf5d6f79927e8624f3a768/" "Mozilla/5.0 (Windows NT 10.0; WOW64) AppleWebKit/537.36 (KHTML, like Gecko) Chrome/56.0.2924.87 Safari/537.36"
192.168.99.1 - - [03/Mar/2017:13:05:29 -0500] "GET /index.php/admin/catalog_product/edit/id/890/back/edit/tab/product_info_tabs_group_110/key/597dc6bb69cf5d6f79927e8624f3a768/ HTTP/1.1" 200 29193 "http://dev.debian.loc/index.php/admin/catalog_product/edit/id/890/key/597dc6bb69cf5d6f79927e8624f3a768/" "Mozilla/5.0 (Windows NT 10.0; WOW64) AppleWebKit/537.36 (KHTML, like Gecko) Chrome/56.0.2924.87 Safari/537.36"
192.168.99.1 - - [03/Mar/2017:16:47:07 -0500] "GET /admin HTTP/1.1" 200 1100 "-" "Mozilla/5.0 (Windows NT 10.0; WOW64) AppleWebKit/537.36 (KHTML, like Gecko) Chrome/56.0.2924.87 Safari/537.36"
192.168.99.1 - - [03/Mar/2017:16:47:11 -0500] "POST /admin HTTP/1.1" 302 5 "http://dev.debian.loc/admin" "Mozilla/5.0 (Windows NT 10.0; WOW64) AppleWebKit/537.36 (KHTML, like Gecko) Chrome/56.0.2924.87 Safari/537.36"
192.168.99.1 - - [03/Mar/2017:16:47:14 -0500] "GET /index.php/admin/index/index/key/1460ca650bea23a43ea50d868d9c8628/ HTTP/1.1" 302 5 "http://dev.debian.loc/admin" "Mozilla/5.0 (Windows NT 10.0; WOW64) AppleWebKit/537.36 (KHTML, like Gecko) Chrome/56.0.2924.87 Safari/537.36"
127.0.0.1 - - [03/Mar/2017:16:47:18 -0500] "POST /app/etc/local.xml HTTP/1.1" 405 166 "-" "-"
192.168.99.1 - - [03/Mar/2017:16:47:30 -0500] "GET /index.php/admin/dashboard/index/key/400b05d9a885ad86ef0704bfb62af24c/ HTTP/1.1" 200 14488 "http://dev.debian.loc/admin" "Mozilla/5.0 (Windows NT 10.0; WOW64) AppleWebKit/537.36 (KHTML, like Gecko) Chrome/56.0.2924.87 Safari/537.36"
192.168.99.1 - - [03/Mar/2017:16:47:45 -0500] "GET /index.php/admin/sales_order/index/key/6294560d78b84d6ad7ce7cf83fc8979c/ HTTP/1.1" 200 15689 "http://dev.debian.loc/index.php/admin/dashboard/index/key/400b05d9a885ad86ef0704bfb62af24c/" "Mozilla/5.0 (Windows NT 10.0; WOW64) AppleWebKit/537.36 (KHTML, like Gecko) Chrome/56.0.2924.87 Safari/537.36"
192.168.99.1 - - [03/Mar/2017:16:47:53 -0500] "GET /index.php/admin/sales_order/view/order_id/258/key/48153f6283976ca1e84064d3b239e965/ HTTP/1.1" 200 18884 "http://dev.debian.loc/index.php/admin/sales_order/index/key/6294560d78b84d6ad7ce7cf83fc8979c/" "Mozilla/5.0 (Windows NT 10.0; WOW64) AppleWebKit/537.36 (KHTML, like Gecko) Chrome/56.0.2924.87 Safari/537.36"
192.168.99.1 - - [03/Mar/2017:16:48:47 -0500] "GET /index.php/admin/dashboard/index/key/400b05d9a885ad86ef0704bfb62af24c/ HTTP/1.1" 200 14004 "http://dev.debian.loc/index.php/admin/sales_order/view/order_id/258/key/48153f6283976ca1e84064d3b239e965/" "Mozilla/5.0 (Windows NT 10.0; WOW64) AppleWebKit/537.36 (KHTML, like Gecko) Chrome/56.0.2924.87 Safari/537.36"
192.168.99.1 - - [03/Mar/2017:16:49:19 -0500] "GET /index.php/admin/sales_order/index/key/6294560d78b84d6ad7ce7cf83fc8979c/ HTTP/1.1" 200 15692 "http://dev.debian.loc/index.php/admin/dashboard/index/key/400b05d9a885ad86ef0704bfb62af24c/" "Mozilla/5.0 (Windows NT 10.0; WOW64) AppleWebKit/537.36 (KHTML, like Gecko) Chrome/56.0.2924.87 Safari/537.36"
192.168.99.1 - - [03/Mar/2017:16:49:36 -0500] "GET /index.php/admin/sales_order_create/start/key/69b89d70476facf9c1659a9166aa7a88/ HTTP/1.1" 302 5 "http://dev.debian.loc/index.php/admin/sales_order/index/key/6294560d78b84d6ad7ce7cf83fc8979c/" "Mozilla/5.0 (Windows NT 10.0; WOW64) AppleWebKit/537.36 (KHTML, like Gecko) Chrome/56.0.2924.87 Safari/537.36"
192.168.99.1 - - [03/Mar/2017:16:49:43 -0500] "GET /index.php/admin/sales_order_create/index/key/e1cdec7748fa5f3356085d66c00aec6b/ HTTP/1.1" 200 41659 "http://dev.debian.loc/index.php/admin/sales_order/index/key/6294560d78b84d6ad7ce7cf83fc8979c/" "Mozilla/5.0 (Windows NT 10.0; WOW64) AppleWebKit/537.36 (KHTML, like Gecko) Chrome/56.0.2924.87 Safari/537.36"
192.168.99.1 - - [03/Mar/2017:16:49:51 -0500] "GET /index.php/admin/sales_order_create/index/key/e1cdec7748fa5f3356085d66c00aec6b/ HTTP/1.1" 200 41661 "http://dev.debian.loc/index.php/admin/sales_order_create/index/key/e1cdec7748fa5f3356085d66c00aec6b/" "Mozilla/5.0 (Windows NT 10.0; WOW64) AppleWebKit/537.36 (KHTML, like Gecko) Chrome/56.0.2924.87 Safari/537.36"
192.168.99.1 - - [03/Mar/2017:16:51:26 -0500] "POST /index.php/admin/sales_order_create/loadBlock/key/730506f5e7b532469f3191ba5858d2ab/block/header?isAjax=true HTTP/1.1" 200 131 "http://dev.debian.loc/index.php/admin/sales_order_create/index/key/e1cdec7748fa5f3356085d66c00aec6b/" "Mozilla/5.0 (Windows NT 10.0; WOW64) AppleWebKit/537.36 (KHTML, like Gecko) Chrome/56.0.2924.87 Safari/537.36"
192.168.99.1 - - [03/Mar/2017:16:52:56 -0500] "POST /index.php/admin/sales_order_create/loadBlock/key/730506f5e7b532469f3191ba5858d2ab/block/header,data?isAjax=true HTTP/1.1" 200 27194 "http://dev.debian.loc/index.php/admin/sales_order_create/index/key/e1cdec7748fa5f3356085d66c00aec6b/" "Mozilla/5.0 (Windows NT 10.0; WOW64) AppleWebKit/537.36 (KHTML, like Gecko) Chrome/56.0.2924.87 Safari/537.36"
192.168.99.1 - - [03/Mar/2017:16:53:11 -0500] "POST /index.php/admin/sales_order_create/loadBlock/key/730506f5e7b532469f3191ba5858d2ab/block/data?isAjax=true HTTP/1.1" 200 27143 "http://dev.debian.loc/index.php/admin/sales_order_create/index/key/e1cdec7748fa5f3356085d66c00aec6b/" "Mozilla/5.0 (Windows NT 10.0; WOW64) AppleWebKit/537.36 (KHTML, like Gecko) Chrome/56.0.2924.87 Safari/537.36"
192.168.99.1 - - [03/Mar/2017:16:53:27 -0500] "POST /index.php/admin/sales_order_create/loadBlock/key/730506f5e7b532469f3191ba5858d2ab/block/shipping_method,billing_method,totals,giftmessage,items?isAjax=true HTTP/1.1" 200 1791 "http://dev.debian.loc/index.php/admin/sales_order_create/index/key/e1cdec7748fa5f3356085d66c00aec6b/" "Mozilla/5.0 (Windows NT 10.0; WOW64) AppleWebKit/537.36 (KHTML, like Gecko) Chrome/56.0.2924.87 Safari/537.36"
