192.168.99.1 - - [23/Nov/2016:09:50:05 -0500] "GET /skin/frontend/rwd/default/images/social_icons.png HTTP/1.1" 304 0 "http://dev.debian.loc/skin/frontend/rwd/default/css/styles.css" "Mozilla/5.0 (Windows NT 10.0; WOW64; rv:50.0) Gecko/20100101 Firefox/50.0"
192.168.99.1 - - [23/Nov/2016:09:50:12 -0500] "GET /men/new-arrivals/linen-blazer.html HTTP/1.1" 200 10882 "http://dev.debian.loc/men/new-arrivals.html" "Mozilla/5.0 (Windows NT 10.0; WOW64; rv:50.0) Gecko/20100101 Firefox/50.0"
192.168.99.1 - - [23/Nov/2016:09:54:21 -0500] "GET /index.php/admin/index/logout/key/fb54d3f7b13840b62461f7bba569e762/ HTTP/1.1" 302 5 "http://dev.debian.loc/index.php/admin/catalog_product/index/key/5056904ef0ef09e7a095af0dc37eee1b/" "Mozilla/5.0 (Windows NT 10.0; WOW64; rv:50.0) Gecko/20100101 Firefox/50.0"
192.168.99.1 - - [23/Nov/2016:09:54:21 -0500] "GET /index.php/admin/index/index/key/0e43098d2b64501e122ccdbbbda9c4ca/ HTTP/1.1" 200 1102 "http://dev.debian.loc/index.php/admin/catalog_product/index/key/5056904ef0ef09e7a095af0dc37eee1b/" "Mozilla/5.0 (Windows NT 10.0; WOW64; rv:50.0) Gecko/20100101 Firefox/50.0"
192.168.99.1 - - [23/Nov/2016:09:54:29 -0500] "POST /index.php/admin/index/index/key/0e43098d2b64501e122ccdbbbda9c4ca/ HTTP/1.1" 302 5 "http://dev.debian.loc/index.php/admin/index/index/key/0e43098d2b64501e122ccdbbbda9c4ca/" "Mozilla/5.0 (Windows NT 10.0; WOW64; rv:50.0) Gecko/20100101 Firefox/50.0"
192.168.99.1 - - [23/Nov/2016:09:54:32 -0500] "GET /index.php/admin/index/index/key/3be01b35360bbfd7ec6d68e4b4188cef/ HTTP/1.1" 302 5 "http://dev.debian.loc/index.php/admin/index/index/key/0e43098d2b64501e122ccdbbbda9c4ca/" "Mozilla/5.0 (Windows NT 10.0; WOW64; rv:50.0) Gecko/20100101 Firefox/50.0"
127.0.0.1 - - [23/Nov/2016:09:54:32 -0500] "POST /app/etc/local.xml HTTP/1.1" 405 166 "-" "-"
192.168.99.1 - - [23/Nov/2016:09:54:32 -0500] "GET /index.php/admin/dashboard/index/key/e1d0ef621e87f465b281ba76afb97952/ HTTP/1.1" 200 13886 "http://dev.debian.loc/index.php/admin/index/index/key/0e43098d2b64501e122ccdbbbda9c4ca/" "Mozilla/5.0 (Windows NT 10.0; WOW64; rv:50.0) Gecko/20100101 Firefox/50.0"
192.168.99.1 - - [01/Dec/2016:23:00:18 -0500] "GET /admin HTTP/1.1" 200 1104 "-" "Mozilla/5.0 (Windows NT 10.0; WOW64) AppleWebKit/537.36 (KHTML, like Gecko) Chrome/54.0.2840.99 Safari/537.36"
192.168.99.1 - - [01/Dec/2016:23:00:20 -0500] "POST /admin HTTP/1.1" 302 5 "http://dev.debian.loc/admin" "Mozilla/5.0 (Windows NT 10.0; WOW64) AppleWebKit/537.36 (KHTML, like Gecko) Chrome/54.0.2840.99 Safari/537.36"
192.168.99.1 - - [01/Dec/2016:23:00:23 -0500] "GET /index.php/admin/index/index/key/4d52dc63f185b563972b716963d5b676/ HTTP/1.1" 302 5 "http://dev.debian.loc/admin" "Mozilla/5.0 (Windows NT 10.0; WOW64) AppleWebKit/537.36 (KHTML, like Gecko) Chrome/54.0.2840.99 Safari/537.36"
127.0.0.1 - - [01/Dec/2016:23:00:23 -0500] "POST /app/etc/local.xml HTTP/1.1" 405 166 "-" "-"
192.168.99.1 - - [01/Dec/2016:23:00:24 -0500] "GET /index.php/admin/dashboard/index/key/1d4d88f1263ba30ca2705430d9d7adf0/ HTTP/1.1" 200 13888 "http://dev.debian.loc/admin" "Mozilla/5.0 (Windows NT 10.0; WOW64) AppleWebKit/537.36 (KHTML, like Gecko) Chrome/54.0.2840.99 Safari/537.36"
192.168.99.1 - - [01/Dec/2016:23:00:24 -0500] "GET /skin/adminhtml/default/default/images/nav2_li_bg.png HTTP/1.1" 200 163 "http://dev.debian.loc/skin/adminhtml/default/default/menu.css" "Mozilla/5.0 (Windows NT 10.0; WOW64) AppleWebKit/537.36 (KHTML, like Gecko) Chrome/54.0.2840.99 Safari/537.36"
192.168.99.1 - - [01/Dec/2016:23:00:24 -0500] "GET /skin/adminhtml/default/default/images/nav2_last_li_bg.png HTTP/1.1" 200 350 "http://dev.debian.loc/skin/adminhtml/default/default/menu.css" "Mozilla/5.0 (Windows NT 10.0; WOW64) AppleWebKit/537.36 (KHTML, like Gecko) Chrome/54.0.2840.99 Safari/537.36"
192.168.99.1 - - [01/Dec/2016:23:00:24 -0500] "GET /skin/adminhtml/default/default/images/nav3_bg.png HTTP/1.1" 200 164 "http://dev.debian.loc/skin/adminhtml/default/default/menu.css" "Mozilla/5.0 (Windows NT 10.0; WOW64) AppleWebKit/537.36 (KHTML, like Gecko) Chrome/54.0.2840.99 Safari/537.36"
192.168.99.1 - - [01/Dec/2016:23:00:24 -0500] "GET /skin/adminhtml/default/default/images/i_question-mark.png HTTP/1.1" 200 1654 "http://dev.debian.loc/skin/adminhtml/default/default/boxes.css" "Mozilla/5.0 (Windows NT 10.0; WOW64) AppleWebKit/537.36 (KHTML, like Gecko) Chrome/54.0.2840.99 Safari/537.36"
192.168.99.1 - - [01/Dec/2016:23:00:32 -0500] "GET /index.php/admin/catalog_product/index/key/d3729061ebf6a70bcb02ff99652d66b8/ HTTP/1.1" 200 16393 "http://dev.debian.loc/index.php/admin/dashboard/index/key/1d4d88f1263ba30ca2705430d9d7adf0/" "Mozilla/5.0 (Windows NT 10.0; WOW64) AppleWebKit/537.36 (KHTML, like Gecko) Chrome/54.0.2840.99 Safari/537.36"
192.168.99.1 - - [01/Dec/2016:23:00:35 -0500] "GET /index.php/admin/catalog_product/edit/id/905/key/a068a3673ca2180b404943303c0f0a73/ HTTP/1.1" 200 28312 "http://dev.debian.loc/index.php/admin/catalog_product/index/key/d3729061ebf6a70bcb02ff99652d66b8/" "Mozilla/5.0 (Windows NT 10.0; WOW64) AppleWebKit/537.36 (KHTML, like Gecko) Chrome/54.0.2840.99 Safari/537.36"
192.168.99.1 - - [01/Dec/2016:23:01:35 -0500] "POST /index.php/admin/catalog_product/validate/id/905/key/1a50f2d67c272e7f79d79345325800f9/?isAjax=true HTTP/1.1" 200 46 "http://dev.debian.loc/index.php/admin/catalog_product/edit/id/905/key/a068a3673ca2180b404943303c0f0a73/" "Mozilla/5.0 (Windows NT 10.0; WOW64) AppleWebKit/537.36 (KHTML, like Gecko) Chrome/54.0.2840.99 Safari/537.36"
192.168.99.1 - - [01/Dec/2016:23:01:35 -0500] "POST /index.php/admin/catalog_product/save/back/edit/tab/product_info_tabs_group_110/id/905/key/bdcf3035270c9a16411dc12d998cb4f2/ HTTP/1.1" 302 5 "http://dev.debian.loc/index.php/admin/catalog_product/edit/id/905/key/a068a3673ca2180b404943303c0f0a73/" "Mozilla/5.0 (Windows NT 10.0; WOW64) AppleWebKit/537.36 (KHTML, like Gecko) Chrome/54.0.2840.99 Safari/537.36"
192.168.99.1 - - [01/Dec/2016:23:01:36 -0500] "GET /index.php/admin/catalog_product/edit/id/905/back/edit/tab/product_info_tabs_group_110/key/a068a3673ca2180b404943303c0f0a73/ HTTP/1.1" 200 28450 "http://dev.debian.loc/index.php/admin/catalog_product/edit/id/905/key/a068a3673ca2180b404943303c0f0a73/" "Mozilla/5.0 (Windows NT 10.0; WOW64) AppleWebKit/537.36 (KHTML, like Gecko) Chrome/54.0.2840.99 Safari/537.36"
192.168.99.1 - - [01/Dec/2016:23:02:02 -0500] "POST /index.php/admin/catalog_product/validate/id/905/back/edit/tab/product_info_tabs_group_110/key/1a50f2d67c272e7f79d79345325800f9/?isAjax=true HTTP/1.1" 200 46 "http://dev.debian.loc/index.php/admin/catalog_product/edit/id/905/back/edit/tab/product_info_tabs_group_110/key/a068a3673ca2180b404943303c0f0a73/" "Mozilla/5.0 (Windows NT 10.0; WOW64) AppleWebKit/537.36 (KHTML, like Gecko) Chrome/54.0.2840.99 Safari/537.36"
192.168.99.1 - - [01/Dec/2016:23:02:03 -0500] "POST /index.php/admin/catalog_product/save/id/905/tab/product_info_tabs_group_110/key/bdcf3035270c9a16411dc12d998cb4f2/ HTTP/1.1" 302 5 "http://dev.debian.loc/index.php/admin/catalog_product/edit/id/905/back/edit/tab/product_info_tabs_group_110/key/a068a3673ca2180b404943303c0f0a73/" "Mozilla/5.0 (Windows NT 10.0; WOW64) AppleWebKit/537.36 (KHTML, like Gecko) Chrome/54.0.2840.99 Safari/537.36"
192.168.99.1 - - [01/Dec/2016:23:02:03 -0500] "GET /index.php/admin/catalog_product/index/key/d3729061ebf6a70bcb02ff99652d66b8/ HTTP/1.1" 200 16449 "http://dev.debian.loc/index.php/admin/catalog_product/edit/id/905/back/edit/tab/product_info_tabs_group_110/key/a068a3673ca2180b404943303c0f0a73/" "Mozilla/5.0 (Windows NT 10.0; WOW64) AppleWebKit/537.36 (KHTML, like Gecko) Chrome/54.0.2840.99 Safari/537.36"
192.168.99.1 - - [01/Dec/2016:23:10:16 -0500] "GET /index.php/admin/catalog_product_attribute/index/key/c4df0ab3880adf28bda1058413089ac2/ HTTP/1.1" 200 12971 "http://dev.debian.loc/index.php/admin/catalog_product/index/key/d3729061ebf6a70bcb02ff99652d66b8/" "Mozilla/5.0 (Windows NT 10.0; WOW64) AppleWebKit/537.36 (KHTML, like Gecko) Chrome/54.0.2840.99 Safari/537.36"
192.168.99.1 - - [01/Dec/2016:23:13:05 -0500] "GET /index.php/admin/index/logout/key/2f4d8d01c4a2c58d802382b6fa272b82/ HTTP/1.1" 302 5 "http://dev.debian.loc/index.php/admin/catalog_product_attribute/index/key/c4df0ab3880adf28bda1058413089ac2/" "Mozilla/5.0 (Windows NT 10.0; WOW64) AppleWebKit/537.36 (KHTML, like Gecko) Chrome/54.0.2840.99 Safari/537.36"
192.168.99.1 - - [01/Dec/2016:23:13:05 -0500] "GET /index.php/admin/index/index/key/4d52dc63f185b563972b716963d5b676/ HTTP/1.1" 200 1099 "http://dev.debian.loc/index.php/admin/catalog_product_attribute/index/key/c4df0ab3880adf28bda1058413089ac2/" "Mozilla/5.0 (Windows NT 10.0; WOW64) AppleWebKit/537.36 (KHTML, like Gecko) Chrome/54.0.2840.99 Safari/537.36"
192.168.99.1 - - [01/Dec/2016:23:13:07 -0500] "POST /index.php/admin/index/index/key/4d52dc63f185b563972b716963d5b676/ HTTP/1.1" 302 5 "http://dev.debian.loc/index.php/admin/index/index/key/4d52dc63f185b563972b716963d5b676/" "Mozilla/5.0 (Windows NT 10.0; WOW64) AppleWebKit/537.36 (KHTML, like Gecko) Chrome/54.0.2840.99 Safari/537.36"
192.168.99.1 - - [01/Dec/2016:23:13:07 -0500] "GET /index.php/admin/index/index/key/087075130eaf3495c148245d7e7b86e6/ HTTP/1.1" 302 5 "http://dev.debian.loc/index.php/admin/index/index/key/4d52dc63f185b563972b716963d5b676/" "Mozilla/5.0 (Windows NT 10.0; WOW64) AppleWebKit/537.36 (KHTML, like Gecko) Chrome/54.0.2840.99 Safari/537.36"
127.0.0.1 - - [01/Dec/2016:23:13:07 -0500] "POST /app/etc/local.xml HTTP/1.1" 405 166 "-" "-"
192.168.99.1 - - [01/Dec/2016:23:13:08 -0500] "GET /index.php/admin/dashboard/index/key/6dcf3aa2e6018d80c69df6d7188a0a60/ HTTP/1.1" 200 13895 "http://dev.debian.loc/index.php/admin/index/index/key/4d52dc63f185b563972b716963d5b676/" "Mozilla/5.0 (Windows NT 10.0; WOW64) AppleWebKit/537.36 (KHTML, like Gecko) Chrome/54.0.2840.99 Safari/537.36"
192.168.99.1 - - [01/Dec/2016:23:14:27 -0500] "GET /index.php/admin/catalog_product/index/key/a594a6e1f5dfab372fbd982f25c75177/ HTTP/1.1" 200 16401 "http://dev.debian.loc/index.php/admin/dashboard/index/key/6dcf3aa2e6018d80c69df6d7188a0a60/" "Mozilla/5.0 (Windows NT 10.0; WOW64) AppleWebKit/537.36 (KHTML, like Gecko) Chrome/54.0.2840.99 Safari/537.36"
192.168.99.1 - - [01/Dec/2016:23:14:29 -0500] "GET /index.php/admin/catalog_product/edit/id/905/key/87c321aa9af739540cd1d14ae71f272e/ HTTP/1.1" 200 28355 "http://dev.debian.loc/index.php/admin/catalog_product/index/key/a594a6e1f5dfab372fbd982f25c75177/" "Mozilla/5.0 (Windows NT 10.0; WOW64) AppleWebKit/537.36 (KHTML, like Gecko) Chrome/54.0.2840.99 Safari/537.36"
192.168.99.1 - - [01/Dec/2016:23:16:09 -0500] "GET /index.php/admin/index/logout/key/f7e6db6239450bfc479404e1d5558814/ HTTP/1.1" 302 5 "http://dev.debian.loc/index.php/admin/catalog_product/edit/id/905/key/87c321aa9af739540cd1d14ae71f272e/" "Mozilla/5.0 (Windows NT 10.0; WOW64) AppleWebKit/537.36 (KHTML, like Gecko) Chrome/54.0.2840.99 Safari/537.36"
192.168.99.1 - - [01/Dec/2016:23:16:09 -0500] "GET /index.php/admin/index/index/key/087075130eaf3495c148245d7e7b86e6/ HTTP/1.1" 200 1101 "http://dev.debian.loc/index.php/admin/catalog_product/edit/id/905/key/87c321aa9af739540cd1d14ae71f272e/" "Mozilla/5.0 (Windows NT 10.0; WOW64) AppleWebKit/537.36 (KHTML, like Gecko) Chrome/54.0.2840.99 Safari/537.36"
192.168.99.1 - - [01/Dec/2016:23:16:11 -0500] "POST /index.php/admin/index/index/key/087075130eaf3495c148245d7e7b86e6/ HTTP/1.1" 302 5 "http://dev.debian.loc/index.php/admin/index/index/key/087075130eaf3495c148245d7e7b86e6/" "Mozilla/5.0 (Windows NT 10.0; WOW64) AppleWebKit/537.36 (KHTML, like Gecko) Chrome/54.0.2840.99 Safari/537.36"
192.168.99.1 - - [01/Dec/2016:23:16:11 -0500] "GET /index.php/admin/index/index/key/dcd678de11786aaef8e2689272bf042d/ HTTP/1.1" 302 5 "http://dev.debian.loc/index.php/admin/index/index/key/087075130eaf3495c148245d7e7b86e6/" "Mozilla/5.0 (Windows NT 10.0; WOW64) AppleWebKit/537.36 (KHTML, like Gecko) Chrome/54.0.2840.99 Safari/537.36"
127.0.0.1 - - [01/Dec/2016:23:16:12 -0500] "POST /app/etc/local.xml HTTP/1.1" 405 166 "-" "-"
192.168.99.1 - - [01/Dec/2016:23:16:12 -0500] "GET /index.php/admin/dashboard/index/key/f6e1b790b61f885c837a8172febc1a6d/ HTTP/1.1" 200 13889 "http://dev.debian.loc/index.php/admin/index/index/key/087075130eaf3495c148245d7e7b86e6/" "Mozilla/5.0 (Windows NT 10.0; WOW64) AppleWebKit/537.36 (KHTML, like Gecko) Chrome/54.0.2840.99 Safari/537.36"
192.168.99.1 - - [01/Dec/2016:23:16:15 -0500] "GET /index.php/admin/catalog_product/index/key/7f1a9ef11fe417df34cdb2bfd6ea1a02/ HTTP/1.1" 200 16399 "http://dev.debian.loc/index.php/admin/dashboard/index/key/f6e1b790b61f885c837a8172febc1a6d/" "Mozilla/5.0 (Windows NT 10.0; WOW64) AppleWebKit/537.36 (KHTML, like Gecko) Chrome/54.0.2840.99 Safari/537.36"
192.168.99.1 - - [01/Dec/2016:23:16:17 -0500] "GET /index.php/admin/catalog_product/edit/id/905/key/010035384f9410e7f9af056d2baa20c3/ HTTP/1.1" 200 28347 "http://dev.debian.loc/index.php/admin/catalog_product/index/key/7f1a9ef11fe417df34cdb2bfd6ea1a02/" "Mozilla/5.0 (Windows NT 10.0; WOW64) AppleWebKit/537.36 (KHTML, like Gecko) Chrome/54.0.2840.99 Safari/537.36"
192.168.99.1 - - [01/Dec/2016:23:16:50 -0500] "POST /index.php/admin/catalog_product/validate/id/905/key/64c06657338ff5b988e4f0ed7f30b466/?isAjax=true HTTP/1.1" 200 46 "http://dev.debian.loc/index.php/admin/catalog_product/edit/id/905/key/010035384f9410e7f9af056d2baa20c3/" "Mozilla/5.0 (Windows NT 10.0; WOW64) AppleWebKit/537.36 (KHTML, like Gecko) Chrome/54.0.2840.99 Safari/537.36"
192.168.99.1 - - [01/Dec/2016:23:16:51 -0500] "POST /index.php/admin/catalog_product/save/id/905/key/1d581eafe7903ef901d1c9523ba23df5/ HTTP/1.1" 302 5 "http://dev.debian.loc/index.php/admin/catalog_product/edit/id/905/key/010035384f9410e7f9af056d2baa20c3/" "Mozilla/5.0 (Windows NT 10.0; WOW64) AppleWebKit/537.36 (KHTML, like Gecko) Chrome/54.0.2840.99 Safari/537.36"
192.168.99.1 - - [01/Dec/2016:23:16:52 -0500] "GET /index.php/admin/catalog_product/index/key/7f1a9ef11fe417df34cdb2bfd6ea1a02/ HTTP/1.1" 200 16451 "http://dev.debian.loc/index.php/admin/catalog_product/edit/id/905/key/010035384f9410e7f9af056d2baa20c3/" "Mozilla/5.0 (Windows NT 10.0; WOW64) AppleWebKit/537.36 (KHTML, like Gecko) Chrome/54.0.2840.99 Safari/537.36"
192.168.99.1 - - [01/Dec/2016:23:16:54 -0500] "GET /index.php/admin/catalog_product/edit/id/905/key/010035384f9410e7f9af056d2baa20c3/ HTTP/1.1" 200 28343 "http://dev.debian.loc/index.php/admin/catalog_product/index/key/7f1a9ef11fe417df34cdb2bfd6ea1a02/" "Mozilla/5.0 (Windows NT 10.0; WOW64) AppleWebKit/537.36 (KHTML, like Gecko) Chrome/54.0.2840.99 Safari/537.36"
192.168.99.1 - - [01/Dec/2016:23:33:55 -0500] "POST /index.php/admin/catalog_product/validate/id/905/key/64c06657338ff5b988e4f0ed7f30b466/?isAjax=true HTTP/1.1" 200 46 "http://dev.debian.loc/index.php/admin/catalog_product/edit/id/905/key/010035384f9410e7f9af056d2baa20c3/" "Mozilla/5.0 (Windows NT 10.0; WOW64) AppleWebKit/537.36 (KHTML, like Gecko) Chrome/54.0.2840.99 Safari/537.36"
192.168.99.1 - - [01/Dec/2016:23:34:12 -0500] "POST /index.php/admin/catalog_product/save/back/edit/tab/product_info_tabs_group_110/id/905/key/1d581eafe7903ef901d1c9523ba23df5/ HTTP/1.1" 302 5 "http://dev.debian.loc/index.php/admin/catalog_product/edit/id/905/key/010035384f9410e7f9af056d2baa20c3/" "Mozilla/5.0 (Windows NT 10.0; WOW64) AppleWebKit/537.36 (KHTML, like Gecko) Chrome/54.0.2840.99 Safari/537.36"
192.168.99.1 - - [01/Dec/2016:23:34:12 -0500] "GET /index.php/admin/catalog_product/edit/id/905/back/edit/tab/product_info_tabs_group_110/key/010035384f9410e7f9af056d2baa20c3/ HTTP/1.1" 200 28458 "http://dev.debian.loc/index.php/admin/catalog_product/edit/id/905/key/010035384f9410e7f9af056d2baa20c3/" "Mozilla/5.0 (Windows NT 10.0; WOW64) AppleWebKit/537.36 (KHTML, like Gecko) Chrome/54.0.2840.99 Safari/537.36"
192.168.99.1 - - [01/Dec/2016:23:36:18 -0500] "POST /index.php/admin/catalog_product/validate/id/905/back/edit/tab/product_info_tabs_group_110/key/64c06657338ff5b988e4f0ed7f30b466/?isAjax=true HTTP/1.1" 200 46 "http://dev.debian.loc/index.php/admin/catalog_product/edit/id/905/back/edit/tab/product_info_tabs_group_110/key/010035384f9410e7f9af056d2baa20c3/" "Mozilla/5.0 (Windows NT 10.0; WOW64) AppleWebKit/537.36 (KHTML, like Gecko) Chrome/54.0.2840.99 Safari/537.36"
192.168.99.1 - - [01/Dec/2016:23:36:19 -0500] "POST /index.php/admin/catalog_product/save/id/905/tab/product_info_tabs_group_110/key/1d581eafe7903ef901d1c9523ba23df5/ HTTP/1.1" 302 5 "http://dev.debian.loc/index.php/admin/catalog_product/edit/id/905/back/edit/tab/product_info_tabs_group_110/key/010035384f9410e7f9af056d2baa20c3/" "Mozilla/5.0 (Windows NT 10.0; WOW64) AppleWebKit/537.36 (KHTML, like Gecko) Chrome/54.0.2840.99 Safari/537.36"
192.168.99.1 - - [01/Dec/2016:23:36:20 -0500] "GET /index.php/admin/catalog_product/index/key/7f1a9ef11fe417df34cdb2bfd6ea1a02/ HTTP/1.1" 200 16451 "http://dev.debian.loc/index.php/admin/catalog_product/edit/id/905/back/edit/tab/product_info_tabs_group_110/key/010035384f9410e7f9af056d2baa20c3/" "Mozilla/5.0 (Windows NT 10.0; WOW64) AppleWebKit/537.36 (KHTML, like Gecko) Chrome/54.0.2840.99 Safari/537.36"
192.168.99.1 - - [01/Dec/2016:23:36:48 -0500] "GET /index.php/admin/catalog_product/edit/id/905/key/010035384f9410e7f9af056d2baa20c3/ HTTP/1.1" 200 28343 "http://dev.debian.loc/index.php/admin/catalog_product/index/key/7f1a9ef11fe417df34cdb2bfd6ea1a02/" "Mozilla/5.0 (Windows NT 10.0; WOW64) AppleWebKit/537.36 (KHTML, like Gecko) Chrome/54.0.2840.99 Safari/537.36"
192.168.99.1 - - [01/Dec/2016:23:36:51 -0500] "POST /index.php/admin/catalog_product/validate/id/905/key/64c06657338ff5b988e4f0ed7f30b466/?isAjax=true HTTP/1.1" 200 46 "http://dev.debian.loc/index.php/admin/catalog_product/edit/id/905/key/010035384f9410e7f9af056d2baa20c3/" "Mozilla/5.0 (Windows NT 10.0; WOW64) AppleWebKit/537.36 (KHTML, like Gecko) Chrome/54.0.2840.99 Safari/537.36"
192.168.99.1 - - [01/Dec/2016:23:36:52 -0500] "POST /index.php/admin/catalog_product/save/back/edit/tab/product_info_tabs_group_49/id/905/key/1d581eafe7903ef901d1c9523ba23df5/ HTTP/1.1" 302 5 "http://dev.debian.loc/index.php/admin/catalog_product/edit/id/905/key/010035384f9410e7f9af056d2baa20c3/" "Mozilla/5.0 (Windows NT 10.0; WOW64) AppleWebKit/537.36 (KHTML, like Gecko) Chrome/54.0.2840.99 Safari/537.36"
192.168.99.1 - - [01/Dec/2016:23:36:53 -0500] "GET /index.php/admin/catalog_product/edit/id/905/back/edit/tab/product_info_tabs_group_49/key/010035384f9410e7f9af056d2baa20c3/ HTTP/1.1" 200 28457 "http://dev.debian.loc/index.php/admin/catalog_product/edit/id/905/key/010035384f9410e7f9af056d2baa20c3/" "Mozilla/5.0 (Windows NT 10.0; WOW64) AppleWebKit/537.36 (KHTML, like Gecko) Chrome/54.0.2840.99 Safari/537.36"
192.168.99.1 - - [01/Dec/2016:23:37:40 -0500] "POST /index.php/admin/catalog_product/validate/id/905/back/edit/tab/product_info_tabs_group_49/key/64c06657338ff5b988e4f0ed7f30b466/?isAjax=true HTTP/1.1" 200 46 "http://dev.debian.loc/index.php/admin/catalog_product/edit/id/905/back/edit/tab/product_info_tabs_group_49/key/010035384f9410e7f9af056d2baa20c3/" "Mozilla/5.0 (Windows NT 10.0; WOW64) AppleWebKit/537.36 (KHTML, like Gecko) Chrome/54.0.2840.99 Safari/537.36"
192.168.99.1 - - [01/Dec/2016:23:37:41 -0500] "POST /index.php/admin/catalog_product/save/back/edit/tab/product_info_tabs_group_110/id/905/key/1d581eafe7903ef901d1c9523ba23df5/ HTTP/1.1" 302 5 "http://dev.debian.loc/index.php/admin/catalog_product/edit/id/905/back/edit/tab/product_info_tabs_group_49/key/010035384f9410e7f9af056d2baa20c3/" "Mozilla/5.0 (Windows NT 10.0; WOW64) AppleWebKit/537.36 (KHTML, like Gecko) Chrome/54.0.2840.99 Safari/537.36"
192.168.99.1 - - [01/Dec/2016:23:37:42 -0500] "GET /index.php/admin/catalog_product/edit/id/905/back/edit/tab/product_info_tabs_group_110/key/010035384f9410e7f9af056d2baa20c3/ HTTP/1.1" 200 28459 "http://dev.debian.loc/index.php/admin/catalog_product/edit/id/905/back/edit/tab/product_info_tabs_group_49/key/010035384f9410e7f9af056d2baa20c3/" "Mozilla/5.0 (Windows NT 10.0; WOW64) AppleWebKit/537.36 (KHTML, like Gecko) Chrome/54.0.2840.99 Safari/537.36"
192.168.99.1 - - [01/Dec/2016:23:42:17 -0500] "POST /index.php/admin/catalog_product/validate/id/905/back/edit/tab/product_info_tabs_group_110/key/64c06657338ff5b988e4f0ed7f30b466/?isAjax=true HTTP/1.1" 200 46 "http://dev.debian.loc/index.php/admin/catalog_product/edit/id/905/back/edit/tab/product_info_tabs_group_110/key/010035384f9410e7f9af056d2baa20c3/" "Mozilla/5.0 (Windows NT 10.0; WOW64) AppleWebKit/537.36 (KHTML, like Gecko) Chrome/54.0.2840.99 Safari/537.36"
192.168.99.1 - - [01/Dec/2016:23:42:19 -0500] "POST /index.php/admin/catalog_product/save/back/edit/tab/product_info_tabs_group_110/id/905/key/1d581eafe7903ef901d1c9523ba23df5/ HTTP/1.1" 302 5 "http://dev.debian.loc/index.php/admin/catalog_product/edit/id/905/back/edit/tab/product_info_tabs_group_110/key/010035384f9410e7f9af056d2baa20c3/" "Mozilla/5.0 (Windows NT 10.0; WOW64) AppleWebKit/537.36 (KHTML, like Gecko) Chrome/54.0.2840.99 Safari/537.36"
192.168.99.1 - - [01/Dec/2016:23:42:21 -0500] "GET /index.php/admin/catalog_product/edit/id/905/back/edit/tab/product_info_tabs_group_110/key/010035384f9410e7f9af056d2baa20c3/ HTTP/1.1" 200 28460 "http://dev.debian.loc/index.php/admin/catalog_product/edit/id/905/back/edit/tab/product_info_tabs_group_110/key/010035384f9410e7f9af056d2baa20c3/" "Mozilla/5.0 (Windows NT 10.0; WOW64) AppleWebKit/537.36 (KHTML, like Gecko) Chrome/54.0.2840.99 Safari/537.36"
192.168.99.1 - - [01/Dec/2016:23:46:06 -0500] "POST /index.php/admin/catalog_product/validate/id/905/back/edit/tab/product_info_tabs_group_110/key/64c06657338ff5b988e4f0ed7f30b466/?isAjax=true HTTP/1.1" 200 46 "http://dev.debian.loc/index.php/admin/catalog_product/edit/id/905/back/edit/tab/product_info_tabs_group_110/key/010035384f9410e7f9af056d2baa20c3/" "Mozilla/5.0 (Windows NT 10.0; WOW64) AppleWebKit/537.36 (KHTML, like Gecko) Chrome/54.0.2840.99 Safari/537.36"
192.168.99.1 - - [01/Dec/2016:23:46:08 -0500] "POST /index.php/admin/catalog_product/save/back/edit/tab/product_info_tabs_group_110/id/905/key/1d581eafe7903ef901d1c9523ba23df5/ HTTP/1.1" 302 5 "http://dev.debian.loc/index.php/admin/catalog_product/edit/id/905/back/edit/tab/product_info_tabs_group_110/key/010035384f9410e7f9af056d2baa20c3/" "Mozilla/5.0 (Windows NT 10.0; WOW64) AppleWebKit/537.36 (KHTML, like Gecko) Chrome/54.0.2840.99 Safari/537.36"
192.168.99.1 - - [01/Dec/2016:23:46:09 -0500] "GET /index.php/admin/catalog_product/edit/id/905/back/edit/tab/product_info_tabs_group_110/key/010035384f9410e7f9af056d2baa20c3/ HTTP/1.1" 200 28462 "http://dev.debian.loc/index.php/admin/catalog_product/edit/id/905/back/edit/tab/product_info_tabs_group_110/key/010035384f9410e7f9af056d2baa20c3/" "Mozilla/5.0 (Windows NT 10.0; WOW64) AppleWebKit/537.36 (KHTML, like Gecko) Chrome/54.0.2840.99 Safari/537.36"
192.168.99.1 - - [01/Dec/2016:23:47:48 -0500] "POST /index.php/admin/catalog_product/validate/id/905/back/edit/tab/product_info_tabs_group_110/key/64c06657338ff5b988e4f0ed7f30b466/?isAjax=true HTTP/1.1" 200 46 "http://dev.debian.loc/index.php/admin/catalog_product/edit/id/905/back/edit/tab/product_info_tabs_group_110/key/010035384f9410e7f9af056d2baa20c3/" "Mozilla/5.0 (Windows NT 10.0; WOW64) AppleWebKit/537.36 (KHTML, like Gecko) Chrome/54.0.2840.99 Safari/537.36"
192.168.99.1 - - [01/Dec/2016:23:47:49 -0500] "POST /index.php/admin/catalog_product/save/back/edit/tab/product_info_tabs_group_110/id/905/key/1d581eafe7903ef901d1c9523ba23df5/ HTTP/1.1" 200 180 "http://dev.debian.loc/index.php/admin/catalog_product/edit/id/905/back/edit/tab/product_info_tabs_group_110/key/010035384f9410e7f9af056d2baa20c3/" "Mozilla/5.0 (Windows NT 10.0; WOW64) AppleWebKit/537.36 (KHTML, like Gecko) Chrome/54.0.2840.99 Safari/537.36"
192.168.99.1 - - [01/Dec/2016:23:49:06 -0500] "POST /index.php/admin/catalog_product/save/back/edit/tab/product_info_tabs_group_110/id/905/key/1d581eafe7903ef901d1c9523ba23df5/ HTTP/1.1" 302 5 "http://dev.debian.loc/index.php/admin/catalog_product/edit/id/905/back/edit/tab/product_info_tabs_group_110/key/010035384f9410e7f9af056d2baa20c3/" "Mozilla/5.0 (Windows NT 10.0; WOW64) AppleWebKit/537.36 (KHTML, like Gecko) Chrome/54.0.2840.99 Safari/537.36"
192.168.99.1 - - [01/Dec/2016:23:49:07 -0500] "GET /index.php/admin/catalog_product/edit/id/905/back/edit/tab/product_info_tabs_group_110/key/010035384f9410e7f9af056d2baa20c3/ HTTP/1.1" 200 28458 "http://dev.debian.loc/index.php/admin/catalog_product/edit/id/905/back/edit/tab/product_info_tabs_group_110/key/010035384f9410e7f9af056d2baa20c3/" "Mozilla/5.0 (Windows NT 10.0; WOW64) AppleWebKit/537.36 (KHTML, like Gecko) Chrome/54.0.2840.99 Safari/537.36"
192.168.99.1 - - [01/Dec/2016:23:49:59 -0500] "POST /index.php/admin/catalog_product/validate/id/905/back/edit/tab/product_info_tabs_group_110/key/64c06657338ff5b988e4f0ed7f30b466/?isAjax=true HTTP/1.1" 200 46 "http://dev.debian.loc/index.php/admin/catalog_product/edit/id/905/back/edit/tab/product_info_tabs_group_110/key/010035384f9410e7f9af056d2baa20c3/" "Mozilla/5.0 (Windows NT 10.0; WOW64) AppleWebKit/537.36 (KHTML, like Gecko) Chrome/54.0.2840.99 Safari/537.36"
192.168.99.1 - - [01/Dec/2016:23:50:00 -0500] "POST /index.php/admin/catalog_product/save/back/edit/tab/product_info_tabs_group_110/id/905/key/1d581eafe7903ef901d1c9523ba23df5/ HTTP/1.1" 200 171 "http://dev.debian.loc/index.php/admin/catalog_product/edit/id/905/back/edit/tab/product_info_tabs_group_110/key/010035384f9410e7f9af056d2baa20c3/" "Mozilla/5.0 (Windows NT 10.0; WOW64) AppleWebKit/537.36 (KHTML, like Gecko) Chrome/54.0.2840.99 Safari/537.36"
192.168.99.1 - - [01/Dec/2016:23:50:13 -0500] "POST /index.php/admin/catalog_product/save/back/edit/tab/product_info_tabs_group_110/id/905/key/1d581eafe7903ef901d1c9523ba23df5/ HTTP/1.1" 302 5 "http://dev.debian.loc/index.php/admin/catalog_product/edit/id/905/back/edit/tab/product_info_tabs_group_110/key/010035384f9410e7f9af056d2baa20c3/" "Mozilla/5.0 (Windows NT 10.0; WOW64) AppleWebKit/537.36 (KHTML, like Gecko) Chrome/54.0.2840.99 Safari/537.36"
192.168.99.1 - - [01/Dec/2016:23:50:14 -0500] "GET /index.php/admin/catalog_product/edit/id/905/back/edit/tab/product_info_tabs_group_110/key/010035384f9410e7f9af056d2baa20c3/ HTTP/1.1" 200 28462 "http://dev.debian.loc/index.php/admin/catalog_product/edit/id/905/back/edit/tab/product_info_tabs_group_110/key/010035384f9410e7f9af056d2baa20c3/" "Mozilla/5.0 (Windows NT 10.0; WOW64) AppleWebKit/537.36 (KHTML, like Gecko) Chrome/54.0.2840.99 Safari/537.36"
192.168.99.1 - - [01/Dec/2016:23:54:58 -0500] "POST /index.php/admin/catalog_product/validate/id/905/back/edit/tab/product_info_tabs_group_110/key/64c06657338ff5b988e4f0ed7f30b466/?isAjax=true HTTP/1.1" 200 46 "http://dev.debian.loc/index.php/admin/catalog_product/edit/id/905/back/edit/tab/product_info_tabs_group_110/key/010035384f9410e7f9af056d2baa20c3/" "Mozilla/5.0 (Windows NT 10.0; WOW64) AppleWebKit/537.36 (KHTML, like Gecko) Chrome/54.0.2840.99 Safari/537.36"
192.168.99.1 - - [01/Dec/2016:23:55:15 -0500] "POST /index.php/admin/catalog_product/save/back/edit/tab/product_info_tabs_group_110/id/905/key/1d581eafe7903ef901d1c9523ba23df5/ HTTP/1.1" 302 5 "http://dev.debian.loc/index.php/admin/catalog_product/edit/id/905/back/edit/tab/product_info_tabs_group_110/key/010035384f9410e7f9af056d2baa20c3/" "Mozilla/5.0 (Windows NT 10.0; WOW64) AppleWebKit/537.36 (KHTML, like Gecko) Chrome/54.0.2840.99 Safari/537.36"
192.168.99.1 - - [01/Dec/2016:23:55:16 -0500] "GET /index.php/admin/catalog_product/edit/id/905/back/edit/tab/product_info_tabs_group_110/key/010035384f9410e7f9af056d2baa20c3/ HTTP/1.1" 200 28459 "http://dev.debian.loc/index.php/admin/catalog_product/edit/id/905/back/edit/tab/product_info_tabs_group_110/key/010035384f9410e7f9af056d2baa20c3/" "Mozilla/5.0 (Windows NT 10.0; WOW64) AppleWebKit/537.36 (KHTML, like Gecko) Chrome/54.0.2840.99 Safari/537.36"
192.168.99.1 - - [02/Dec/2016:00:11:23 -0500] "GET /index.php/admin/catalog_product/index/key/7f1a9ef11fe417df34cdb2bfd6ea1a02/ HTTP/1.1" 200 1102 "http://dev.debian.loc/index.php/admin/catalog_product/edit/id/905/back/edit/tab/product_info_tabs_group_110/key/010035384f9410e7f9af056d2baa20c3/" "Mozilla/5.0 (Windows NT 10.0; WOW64) AppleWebKit/537.36 (KHTML, like Gecko) Chrome/54.0.2840.99 Safari/537.36"
192.168.99.1 - - [02/Dec/2016:00:11:25 -0500] "POST /index.php/admin/catalog_product/index/key/7f1a9ef11fe417df34cdb2bfd6ea1a02/ HTTP/1.1" 302 5 "http://dev.debian.loc/index.php/admin/catalog_product/index/key/7f1a9ef11fe417df34cdb2bfd6ea1a02/" "Mozilla/5.0 (Windows NT 10.0; WOW64) AppleWebKit/537.36 (KHTML, like Gecko) Chrome/54.0.2840.99 Safari/537.36"
127.0.0.1 - - [02/Dec/2016:00:11:28 -0500] "POST /app/etc/local.xml HTTP/1.1" 405 166 "-" "-"
192.168.99.1 - - [02/Dec/2016:00:11:28 -0500] "GET /index.php/admin/catalog_product/index/key/05ffd503087a46ddd44579bb761f4ea0/ HTTP/1.1" 200 16917 "http://dev.debian.loc/index.php/admin/catalog_product/index/key/7f1a9ef11fe417df34cdb2bfd6ea1a02/" "Mozilla/5.0 (Windows NT 10.0; WOW64) AppleWebKit/537.36 (KHTML, like Gecko) Chrome/54.0.2840.99 Safari/537.36"
192.168.99.1 - - [02/Dec/2016:00:14:54 -0500] "GET /index.php/admin/catalog_product/edit/id/905/key/503de771965356e257bf2006c1baa067/ HTTP/1.1" 200 28349 "http://dev.debian.loc/index.php/admin/catalog_product/index/key/05ffd503087a46ddd44579bb761f4ea0/" "Mozilla/5.0 (Windows NT 10.0; WOW64) AppleWebKit/537.36 (KHTML, like Gecko) Chrome/54.0.2840.99 Safari/537.36"
192.168.99.1 - - [02/Dec/2016:00:15:13 -0500] "POST /index.php/admin/catalog_product/validate/id/905/key/f534bd02f57bbf753e6d59c686e0b55f/?isAjax=true HTTP/1.1" 200 46 "http://dev.debian.loc/index.php/admin/catalog_product/edit/id/905/key/503de771965356e257bf2006c1baa067/" "Mozilla/5.0 (Windows NT 10.0; WOW64) AppleWebKit/537.36 (KHTML, like Gecko) Chrome/54.0.2840.99 Safari/537.36"
192.168.99.1 - - [02/Dec/2016:00:15:38 -0500] "POST /index.php/admin/catalog_product/save/back/edit/tab/product_info_tabs_group_110/id/905/key/3884077fb2b98e543e15411cc8dd97e7/ HTTP/1.1" 302 5 "http://dev.debian.loc/index.php/admin/catalog_product/edit/id/905/key/503de771965356e257bf2006c1baa067/" "Mozilla/5.0 (Windows NT 10.0; WOW64) AppleWebKit/537.36 (KHTML, like Gecko) Chrome/54.0.2840.99 Safari/537.36"
192.168.99.1 - - [02/Dec/2016:00:15:39 -0500] "GET /index.php/admin/catalog_product/edit/id/905/back/edit/tab/product_info_tabs_group_110/key/503de771965356e257bf2006c1baa067/ HTTP/1.1" 200 28463 "http://dev.debian.loc/index.php/admin/catalog_product/edit/id/905/key/503de771965356e257bf2006c1baa067/" "Mozilla/5.0 (Windows NT 10.0; WOW64) AppleWebKit/537.36 (KHTML, like Gecko) Chrome/54.0.2840.99 Safari/537.36"
192.168.99.1 - - [02/Dec/2016:00:18:16 -0500] "POST /index.php/admin/catalog_product/validate/id/905/back/edit/tab/product_info_tabs_group_110/key/f534bd02f57bbf753e6d59c686e0b55f/?isAjax=true HTTP/1.1" 200 46 "http://dev.debian.loc/index.php/admin/catalog_product/edit/id/905/back/edit/tab/product_info_tabs_group_110/key/503de771965356e257bf2006c1baa067/" "Mozilla/5.0 (Windows NT 10.0; WOW64) AppleWebKit/537.36 (KHTML, like Gecko) Chrome/54.0.2840.99 Safari/537.36"
192.168.99.1 - - [02/Dec/2016:00:18:17 -0500] "POST /index.php/admin/catalog_product/save/back/edit/tab/product_info_tabs_group_110/id/905/key/3884077fb2b98e543e15411cc8dd97e7/ HTTP/1.1" 302 5 "http://dev.debian.loc/index.php/admin/catalog_product/edit/id/905/back/edit/tab/product_info_tabs_group_110/key/503de771965356e257bf2006c1baa067/" "Mozilla/5.0 (Windows NT 10.0; WOW64) AppleWebKit/537.36 (KHTML, like Gecko) Chrome/54.0.2840.99 Safari/537.36"
192.168.99.1 - - [02/Dec/2016:00:18:18 -0500] "GET /index.php/admin/catalog_product/edit/id/905/back/edit/tab/product_info_tabs_group_110/key/503de771965356e257bf2006c1baa067/ HTTP/1.1" 200 28471 "http://dev.debian.loc/index.php/admin/catalog_product/edit/id/905/back/edit/tab/product_info_tabs_group_110/key/503de771965356e257bf2006c1baa067/" "Mozilla/5.0 (Windows NT 10.0; WOW64) AppleWebKit/537.36 (KHTML, like Gecko) Chrome/54.0.2840.99 Safari/537.36"
192.168.99.1 - - [02/Dec/2016:04:56:10 -0500] "GET / HTTP/1.1" 200 5924 "-" "Mozilla/5.0 (Windows NT 10.0; WOW64) AppleWebKit/537.36 (KHTML, like Gecko) Chrome/54.0.2840.99 Safari/537.36"
192.168.99.1 - - [02/Dec/2016:04:56:10 -0500] "GET /skin/frontend/rwd/default/images/media/logo.png HTTP/1.1" 200 4775 "http://dev.debian.loc/" "Mozilla/5.0 (Windows NT 10.0; WOW64) AppleWebKit/537.36 (KHTML, like Gecko) Chrome/54.0.2840.99 Safari/537.36"
192.168.99.1 - - [02/Dec/2016:04:56:10 -0500] "GET /skin/frontend/rwd/default/images/media/logo_small.png HTTP/1.1" 200 4711 "http://dev.debian.loc/" "Mozilla/5.0 (Windows NT 10.0; WOW64) AppleWebKit/537.36 (KHTML, like Gecko) Chrome/54.0.2840.99 Safari/537.36"
192.168.99.1 - - [02/Dec/2016:04:56:10 -0500] "GET /media/wysiwyg/homepage-three-column-promo-01B.png HTTP/1.1" 200 4841 "http://dev.debian.loc/" "Mozilla/5.0 (Windows NT 10.0; WOW64) AppleWebKit/537.36 (KHTML, like Gecko) Chrome/54.0.2840.99 Safari/537.36"
192.168.99.1 - - [02/Dec/2016:04:56:10 -0500] "GET /media/wysiwyg/homepage-three-column-promo-02.png HTTP/1.1" 200 4848 "http://dev.debian.loc/" "Mozilla/5.0 (Windows NT 10.0; WOW64) AppleWebKit/537.36 (KHTML, like Gecko) Chrome/54.0.2840.99 Safari/537.36"
192.168.99.1 - - [02/Dec/2016:04:56:10 -0500] "GET /media/wysiwyg/homepage-three-column-promo-03.png HTTP/1.1" 200 4496 "http://dev.debian.loc/" "Mozilla/5.0 (Windows NT 10.0; WOW64) AppleWebKit/537.36 (KHTML, like Gecko) Chrome/54.0.2840.99 Safari/537.36"
192.168.99.1 - - [02/Dec/2016:04:56:10 -0500] "GET /skin/frontend/rwd/default/images/demo-logo.png HTTP/1.1" 200 2036 "http://dev.debian.loc/skin/frontend/rwd/default/css/styles.css" "Mozilla/5.0 (Windows NT 10.0; WOW64) AppleWebKit/537.36 (KHTML, like Gecko) Chrome/54.0.2840.99 Safari/537.36"
192.168.99.1 - - [02/Dec/2016:04:56:10 -0500] "GET /skin/frontend/rwd/default/images/icon_sprite.png HTTP/1.1" 200 11899 "http://dev.debian.loc/skin/frontend/rwd/default/css/styles.css" "Mozilla/5.0 (Windows NT 10.0; WOW64) AppleWebKit/537.36 (KHTML, like Gecko) Chrome/54.0.2840.99 Safari/537.36"
192.168.99.1 - - [02/Dec/2016:04:56:11 -0500] "GET /skin/frontend/rwd/default/images/social_icons.png HTTP/1.1" 200 4308 "http://dev.debian.loc/skin/frontend/rwd/default/css/styles.css" "Mozilla/5.0 (Windows NT 10.0; WOW64) AppleWebKit/537.36 (KHTML, like Gecko) Chrome/54.0.2840.99 Safari/537.36"
192.168.99.1 - - [02/Dec/2016:04:56:20 -0500] "GET /home-decor.html HTTP/1.1" 200 4804 "http://dev.debian.loc/" "Mozilla/5.0 (Windows NT 10.0; WOW64) AppleWebKit/537.36 (KHTML, like Gecko) Chrome/54.0.2840.99 Safari/537.36"
192.168.99.1 - - [02/Dec/2016:04:56:22 -0500] "GET /home-decor.html HTTP/1.1" 200 4804 "http://dev.debian.loc/home-decor.html" "Mozilla/5.0 (Windows NT 10.0; WOW64) AppleWebKit/537.36 (KHTML, like Gecko) Chrome/54.0.2840.99 Safari/537.36"
192.168.99.1 - - [02/Dec/2016:04:56:30 -0500] "GET /home-decor/books-music.html HTTP/1.1" 200 7189 "http://dev.debian.loc/home-decor.html" "Mozilla/5.0 (Windows NT 10.0; WOW64) AppleWebKit/537.36 (KHTML, like Gecko) Chrome/54.0.2840.99 Safari/537.36"
192.168.99.1 - - [02/Dec/2016:04:56:32 -0500] "GET /home-decor/books-music/a-tale-of-two-cities.html HTTP/1.1" 200 9945 "http://dev.debian.loc/home-decor/books-music.html" "Mozilla/5.0 (Windows NT 10.0; WOW64) AppleWebKit/537.36 (KHTML, like Gecko) Chrome/54.0.2840.99 Safari/537.36"
192.168.99.1 - - [02/Dec/2016:05:06:25 -0500] "GET /index.php/admin/index/logout/key/2f2fc23052f9108ec9b775baf3506d1f/ HTTP/1.1" 302 5 "http://dev.debian.loc/index.php/admin/catalog_product/edit/id/905/back/edit/tab/product_info_tabs_group_110/key/503de771965356e257bf2006c1baa067/" "Mozilla/5.0 (Windows NT 10.0; WOW64) AppleWebKit/537.36 (KHTML, like Gecko) Chrome/54.0.2840.99 Safari/537.36"
192.168.99.1 - - [02/Dec/2016:05:06:26 -0500] "GET /index.php/admin/index/index/key/f0b33d4259e946f4131b30207a37beec/ HTTP/1.1" 200 1101 "http://dev.debian.loc/index.php/admin/catalog_product/edit/id/905/back/edit/tab/product_info_tabs_group_110/key/503de771965356e257bf2006c1baa067/" "Mozilla/5.0 (Windows NT 10.0; WOW64) AppleWebKit/537.36 (KHTML, like Gecko) Chrome/54.0.2840.99 Safari/537.36"
192.168.99.1 - - [02/Dec/2016:05:06:34 -0500] "POST /index.php/admin/index/index/key/f0b33d4259e946f4131b30207a37beec/ HTTP/1.1" 302 5 "http://dev.debian.loc/index.php/admin/index/index/key/f0b33d4259e946f4131b30207a37beec/" "Mozilla/5.0 (Windows NT 10.0; WOW64) AppleWebKit/537.36 (KHTML, like Gecko) Chrome/54.0.2840.99 Safari/537.36"
192.168.99.1 - - [02/Dec/2016:05:06:36 -0500] "GET /index.php/admin/index/index/key/63fdd331342fe9b4f01d12c0b491c909/ HTTP/1.1" 302 5 "http://dev.debian.loc/index.php/admin/index/index/key/f0b33d4259e946f4131b30207a37beec/" "Mozilla/5.0 (Windows NT 10.0; WOW64) AppleWebKit/537.36 (KHTML, like Gecko) Chrome/54.0.2840.99 Safari/537.36"
127.0.0.1 - - [02/Dec/2016:05:06:37 -0500] "POST /app/etc/local.xml HTTP/1.1" 405 166 "-" "-"
192.168.99.1 - - [02/Dec/2016:05:06:38 -0500] "GET /index.php/admin/dashboard/index/key/fecccf2029dca1c57cc3eb3230dad367/ HTTP/1.1" 200 13894 "http://dev.debian.loc/index.php/admin/index/index/key/f0b33d4259e946f4131b30207a37beec/" "Mozilla/5.0 (Windows NT 10.0; WOW64) AppleWebKit/537.36 (KHTML, like Gecko) Chrome/54.0.2840.99 Safari/537.36"
192.168.99.1 - - [02/Dec/2016:05:07:02 -0500] "GET /index.php/admin/index/logout/key/e7edb5ca94617ba55023687c10099f28/ HTTP/1.1" 302 5 "http://dev.debian.loc/index.php/admin/dashboard/index/key/fecccf2029dca1c57cc3eb3230dad367/" "Mozilla/5.0 (Windows NT 10.0; WOW64) AppleWebKit/537.36 (KHTML, like Gecko) Chrome/54.0.2840.99 Safari/537.36"
192.168.99.1 - - [02/Dec/2016:05:07:03 -0500] "GET /index.php/admin/index/index/key/63fdd331342fe9b4f01d12c0b491c909/ HTTP/1.1" 200 1100 "http://dev.debian.loc/index.php/admin/dashboard/index/key/fecccf2029dca1c57cc3eb3230dad367/" "Mozilla/5.0 (Windows NT 10.0; WOW64) AppleWebKit/537.36 (KHTML, like Gecko) Chrome/54.0.2840.99 Safari/537.36"
192.168.99.1 - - [02/Dec/2016:05:07:05 -0500] "POST /index.php/admin/index/index/key/63fdd331342fe9b4f01d12c0b491c909/ HTTP/1.1" 302 5 "http://dev.debian.loc/index.php/admin/index/index/key/63fdd331342fe9b4f01d12c0b491c909/" "Mozilla/5.0 (Windows NT 10.0; WOW64) AppleWebKit/537.36 (KHTML, like Gecko) Chrome/54.0.2840.99 Safari/537.36"
192.168.99.1 - - [02/Dec/2016:05:07:06 -0500] "GET /index.php/admin/index/index/key/52e6b4696128c0d41e8b1db02702ca6d/ HTTP/1.1" 302 5 "http://dev.debian.loc/index.php/admin/index/index/key/63fdd331342fe9b4f01d12c0b491c909/" "Mozilla/5.0 (Windows NT 10.0; WOW64) AppleWebKit/537.36 (KHTML, like Gecko) Chrome/54.0.2840.99 Safari/537.36"
127.0.0.1 - - [02/Dec/2016:05:07:06 -0500] "POST /app/etc/local.xml HTTP/1.1" 405 166 "-" "-"
192.168.99.1 - - [02/Dec/2016:05:07:06 -0500] "GET /index.php/admin/dashboard/index/key/8a145a5ea1965e0bd9c744cdcc4d6eea/ HTTP/1.1" 200 13889 "http://dev.debian.loc/index.php/admin/index/index/key/63fdd331342fe9b4f01d12c0b491c909/" "Mozilla/5.0 (Windows NT 10.0; WOW64) AppleWebKit/537.36 (KHTML, like Gecko) Chrome/54.0.2840.99 Safari/537.36"
192.168.99.1 - - [02/Dec/2016:05:07:55 -0500] "GET /index.php/admin/catalog_product/index/key/c3735827098016775500ecfb07e831f2/ HTTP/1.1" 200 16392 "http://dev.debian.loc/index.php/admin/dashboard/index/key/8a145a5ea1965e0bd9c744cdcc4d6eea/" "Mozilla/5.0 (Windows NT 10.0; WOW64) AppleWebKit/537.36 (KHTML, like Gecko) Chrome/54.0.2840.99 Safari/537.36"
192.168.99.1 - - [02/Dec/2016:05:08:04 -0500] "GET /index.php/admin/catalog_product/edit/id/905/key/125753738685c10df0fd5b9a9ad0e886/ HTTP/1.1" 200 28354 "http://dev.debian.loc/index.php/admin/catalog_product/index/key/c3735827098016775500ecfb07e831f2/" "Mozilla/5.0 (Windows NT 10.0; WOW64) AppleWebKit/537.36 (KHTML, like Gecko) Chrome/54.0.2840.99 Safari/537.36"
192.168.99.1 - - [02/Dec/2016:11:12:16 -0500] "GET / HTTP/1.1" 200 5922 "-" "Mozilla/5.0 (Windows NT 10.0; WOW64; rv:50.0) Gecko/20100101 Firefox/50.0"
192.168.99.1 - - [02/Dec/2016:11:12:16 -0500] "GET /skin/frontend/rwd/default/images/media/logo_small.png HTTP/1.1" 200 4711 "http://dev.debian.loc/" "Mozilla/5.0 (Windows NT 10.0; WOW64; rv:50.0) Gecko/20100101 Firefox/50.0"
192.168.99.1 - - [02/Dec/2016:11:12:16 -0500] "GET /skin/frontend/rwd/default/images/media/logo.png HTTP/1.1" 200 4775 "http://dev.debian.loc/" "Mozilla/5.0 (Windows NT 10.0; WOW64; rv:50.0) Gecko/20100101 Firefox/50.0"
192.168.99.1 - - [02/Dec/2016:11:12:16 -0500] "GET /media/wysiwyg/homepage-three-column-promo-01B.png HTTP/1.1" 200 4841 "http://dev.debian.loc/" "Mozilla/5.0 (Windows NT 10.0; WOW64; rv:50.0) Gecko/20100101 Firefox/50.0"
192.168.99.1 - - [02/Dec/2016:11:12:16 -0500] "GET /media/wysiwyg/homepage-three-column-promo-02.png HTTP/1.1" 200 4848 "http://dev.debian.loc/" "Mozilla/5.0 (Windows NT 10.0; WOW64; rv:50.0) Gecko/20100101 Firefox/50.0"
192.168.99.1 - - [02/Dec/2016:11:12:16 -0500] "GET /media/wysiwyg/homepage-three-column-promo-03.png HTTP/1.1" 200 4496 "http://dev.debian.loc/" "Mozilla/5.0 (Windows NT 10.0; WOW64; rv:50.0) Gecko/20100101 Firefox/50.0"
192.168.99.1 - - [02/Dec/2016:11:12:16 -0500] "GET /skin/frontend/rwd/default/images/demo-logo.png HTTP/1.1" 200 2036 "http://dev.debian.loc/skin/frontend/rwd/default/css/styles.css" "Mozilla/5.0 (Windows NT 10.0; WOW64; rv:50.0) Gecko/20100101 Firefox/50.0"
192.168.99.1 - - [02/Dec/2016:11:12:16 -0500] "GET /skin/frontend/rwd/default/images/icon_sprite.png HTTP/1.1" 200 11899 "http://dev.debian.loc/skin/frontend/rwd/default/css/styles.css" "Mozilla/5.0 (Windows NT 10.0; WOW64; rv:50.0) Gecko/20100101 Firefox/50.0"
192.168.99.1 - - [02/Dec/2016:11:12:16 -0500] "GET /skin/frontend/rwd/default/images/social_icons.png HTTP/1.1" 200 4308 "http://dev.debian.loc/skin/frontend/rwd/default/css/styles.css" "Mozilla/5.0 (Windows NT 10.0; WOW64; rv:50.0) Gecko/20100101 Firefox/50.0"
192.168.99.1 - - [02/Dec/2016:11:12:20 -0500] "GET /admin HTTP/1.1" 200 1103 "-" "Mozilla/5.0 (Windows NT 10.0; WOW64; rv:50.0) Gecko/20100101 Firefox/50.0"
192.168.99.1 - - [02/Dec/2016:11:12:26 -0500] "POST /admin HTTP/1.1" 302 5 "http://dev.debian.loc/admin" "Mozilla/5.0 (Windows NT 10.0; WOW64; rv:50.0) Gecko/20100101 Firefox/50.0"
192.168.99.1 - - [02/Dec/2016:11:12:27 -0500] "GET /index.php/admin/index/index/key/1f63cbc1f14e9514636e44a6b48e8e65/ HTTP/1.1" 302 5 "http://dev.debian.loc/admin" "Mozilla/5.0 (Windows NT 10.0; WOW64; rv:50.0) Gecko/20100101 Firefox/50.0"
127.0.0.1 - - [02/Dec/2016:11:12:27 -0500] "POST /app/etc/local.xml HTTP/1.1" 405 166 "-" "-"
192.168.99.1 - - [02/Dec/2016:11:12:28 -0500] "GET /index.php/admin/dashboard/index/key/292fa7facbd95505f418c0b6789f8a27/ HTTP/1.1" 200 13931 "http://dev.debian.loc/admin" "Mozilla/5.0 (Windows NT 10.0; WOW64; rv:50.0) Gecko/20100101 Firefox/50.0"
192.168.99.1 - - [02/Dec/2016:11:12:28 -0500] "GET /skin/adminhtml/default/default/images/nav2_li_bg.png HTTP/1.1" 200 163 "http://dev.debian.loc/skin/adminhtml/default/default/menu.css" "Mozilla/5.0 (Windows NT 10.0; WOW64; rv:50.0) Gecko/20100101 Firefox/50.0"
192.168.99.1 - - [02/Dec/2016:11:12:28 -0500] "GET /skin/adminhtml/default/default/images/nav2_last_li_bg.png HTTP/1.1" 200 350 "http://dev.debian.loc/skin/adminhtml/default/default/menu.css" "Mozilla/5.0 (Windows NT 10.0; WOW64; rv:50.0) Gecko/20100101 Firefox/50.0"
192.168.99.1 - - [02/Dec/2016:11:12:28 -0500] "GET /skin/adminhtml/default/default/images/nav3_bg.png HTTP/1.1" 200 164 "http://dev.debian.loc/skin/adminhtml/default/default/menu.css" "Mozilla/5.0 (Windows NT 10.0; WOW64; rv:50.0) Gecko/20100101 Firefox/50.0"
192.168.99.1 - - [02/Dec/2016:11:12:28 -0500] "GET /skin/adminhtml/default/default/images/i_question-mark.png HTTP/1.1" 200 1654 "http://dev.debian.loc/skin/adminhtml/default/default/boxes.css" "Mozilla/5.0 (Windows NT 10.0; WOW64; rv:50.0) Gecko/20100101 Firefox/50.0"
192.168.99.1 - - [02/Dec/2016:11:12:33 -0500] "GET /index.php/admin/sales_order/index/key/fc78c3a289fe9441e33ac1f483b6e971/ HTTP/1.1" 200 15370 "http://dev.debian.loc/index.php/admin/dashboard/index/key/292fa7facbd95505f418c0b6789f8a27/" "Mozilla/5.0 (Windows NT 10.0; WOW64; rv:50.0) Gecko/20100101 Firefox/50.0"
192.168.99.1 - - [02/Dec/2016:14:37:11 -0500] "GET /admin HTTP/1.1" 200 1101 "-" "Mozilla/5.0 (Windows NT 10.0; WOW64; rv:50.0) Gecko/20100101 Firefox/50.0"
192.168.99.1 - - [02/Dec/2016:14:58:06 -0500] "GET / HTTP/1.1" 200 5923 "-" "Mozilla/5.0 (Windows NT 10.0; WOW64; rv:50.0) Gecko/20100101 Firefox/50.0"
192.168.99.1 - - [02/Dec/2016:14:58:20 -0500] "GET /accessories/jewelry.html HTTP/1.1" 200 7885 "http://dev.debian.loc/" "Mozilla/5.0 (Windows NT 10.0; WOW64; rv:50.0) Gecko/20100101 Firefox/50.0"
192.168.99.1 - - [02/Dec/2016:14:58:20 -0500] "GET /media/catalog/swatches/1/15x15/media/blue.png HTTP/1.1" 200 221 "http://dev.debian.loc/accessories/jewelry.html" "Mozilla/5.0 (Windows NT 10.0; WOW64; rv:50.0) Gecko/20100101 Firefox/50.0"
192.168.99.1 - - [02/Dec/2016:14:58:20 -0500] "GET /media/catalog/swatches/1/15x15/media/indigo.png HTTP/1.1" 200 208 "http://dev.debian.loc/accessories/jewelry.html" "Mozilla/5.0 (Windows NT 10.0; WOW64; rv:50.0) Gecko/20100101 Firefox/50.0"
192.168.99.1 - - [02/Dec/2016:14:58:20 -0500] "GET /media/catalog/swatches/1/15x15/media/ivory.png HTTP/1.1" 200 223 "http://dev.debian.loc/accessories/jewelry.html" "Mozilla/5.0 (Windows NT 10.0; WOW64; rv:50.0) Gecko/20100101 Firefox/50.0"
192.168.99.1 - - [02/Dec/2016:14:58:20 -0500] "GET /media/catalog/swatches/1/15x15/media/silver.png HTTP/1.1" 200 157 "http://dev.debian.loc/accessories/jewelry.html" "Mozilla/5.0 (Windows NT 10.0; WOW64; rv:50.0) Gecko/20100101 Firefox/50.0"
192.168.99.1 - - [02/Dec/2016:14:58:22 -0500] "GET /accessories/jewelry/blue-horizons-bracelets.html HTTP/1.1" 200 7578 "http://dev.debian.loc/accessories/jewelry.html" "Mozilla/5.0 (Windows NT 10.0; WOW64; rv:50.0) Gecko/20100101 Firefox/50.0"
192.168.99.1 - - [02/Dec/2016:16:34:09 -0500] "GET / HTTP/1.1" 200 5924 "-" "Mozilla/5.0 (Windows NT 10.0; WOW64; rv:50.0) Gecko/20100101 Firefox/50.0"
192.168.99.1 - - [02/Dec/2016:16:34:09 -0500] "GET /skin/frontend/rwd/default/images/media/logo.png HTTP/1.1" 200 4775 "http://dev.debian.loc/" "Mozilla/5.0 (Windows NT 10.0; WOW64; rv:50.0) Gecko/20100101 Firefox/50.0"
192.168.99.1 - - [02/Dec/2016:16:34:09 -0500] "GET /skin/frontend/rwd/default/images/media/logo_small.png HTTP/1.1" 200 4711 "http://dev.debian.loc/" "Mozilla/5.0 (Windows NT 10.0; WOW64; rv:50.0) Gecko/20100101 Firefox/50.0"
192.168.99.1 - - [02/Dec/2016:16:34:09 -0500] "GET /media/wysiwyg/homepage-three-column-promo-01B.png HTTP/1.1" 200 4841 "http://dev.debian.loc/" "Mozilla/5.0 (Windows NT 10.0; WOW64; rv:50.0) Gecko/20100101 Firefox/50.0"
192.168.99.1 - - [02/Dec/2016:16:34:09 -0500] "GET /media/wysiwyg/homepage-three-column-promo-02.png HTTP/1.1" 200 4848 "http://dev.debian.loc/" "Mozilla/5.0 (Windows NT 10.0; WOW64; rv:50.0) Gecko/20100101 Firefox/50.0"
192.168.99.1 - - [02/Dec/2016:16:34:09 -0500] "GET /media/wysiwyg/homepage-three-column-promo-03.png HTTP/1.1" 200 4496 "http://dev.debian.loc/" "Mozilla/5.0 (Windows NT 10.0; WOW64; rv:50.0) Gecko/20100101 Firefox/50.0"
192.168.99.1 - - [02/Dec/2016:16:34:09 -0500] "GET /skin/frontend/rwd/default/images/demo-logo.png HTTP/1.1" 200 2036 "http://dev.debian.loc/skin/frontend/rwd/default/css/styles.css" "Mozilla/5.0 (Windows NT 10.0; WOW64; rv:50.0) Gecko/20100101 Firefox/50.0"
192.168.99.1 - - [02/Dec/2016:16:34:09 -0500] "GET /skin/frontend/rwd/default/images/icon_sprite.png HTTP/1.1" 200 11899 "http://dev.debian.loc/skin/frontend/rwd/default/css/styles.css" "Mozilla/5.0 (Windows NT 10.0; WOW64; rv:50.0) Gecko/20100101 Firefox/50.0"
192.168.99.1 - - [02/Dec/2016:16:34:09 -0500] "GET /skin/frontend/rwd/default/images/social_icons.png HTTP/1.1" 200 4308 "http://dev.debian.loc/skin/frontend/rwd/default/css/styles.css" "Mozilla/5.0 (Windows NT 10.0; WOW64; rv:50.0) Gecko/20100101 Firefox/50.0"
192.168.99.1 - - [02/Dec/2016:17:45:39 -0500] "GET /index.php/admin/system_config/index/key/7607976a8fc242dec2ef1aa575640f57/ HTTP/1.1" 200 1102 "http://dev.debian.loc/index.php/admin/sales_order/index/key/fc78c3a289fe9441e33ac1f483b6e971/" "Mozilla/5.0 (Windows NT 10.0; WOW64; rv:50.0) Gecko/20100101 Firefox/50.0"
192.168.99.1 - - [02/Dec/2016:17:45:45 -0500] "POST /index.php/admin/system_config/index/key/7607976a8fc242dec2ef1aa575640f57/ HTTP/1.1" 302 5 "http://dev.debian.loc/index.php/admin/system_config/index/key/7607976a8fc242dec2ef1aa575640f57/" "Mozilla/5.0 (Windows NT 10.0; WOW64; rv:50.0) Gecko/20100101 Firefox/50.0"
127.0.0.1 - - [02/Dec/2016:17:45:49 -0500] "POST /app/etc/local.xml HTTP/1.1" 405 166 "-" "-"
192.168.99.1 - - [02/Dec/2016:17:45:50 -0500] "GET /index.php/admin/system_config/index/key/0576f603560f6e7c79467cb5851970a3/ HTTP/1.1" 200 33640 "http://dev.debian.loc/index.php/admin/system_config/index/key/7607976a8fc242dec2ef1aa575640f57/" "Mozilla/5.0 (Windows NT 10.0; WOW64; rv:50.0) Gecko/20100101 Firefox/50.0"
192.168.99.1 - - [02/Dec/2016:17:45:50 -0500] "GET /skin/adminhtml/default/default/images/i_question-mark.png HTTP/1.1" 200 1654 "http://dev.debian.loc/skin/adminhtml/default/default/boxes.css" "Mozilla/5.0 (Windows NT 10.0; WOW64; rv:50.0) Gecko/20100101 Firefox/50.0"
192.168.99.1 - - [02/Dec/2016:17:45:55 -0500] "GET /index.php/admin/system_config/edit/section/repiitsubscription/key/b0b795cfcdffc73c9b9075415d0d89cb/ HTTP/1.1" 200 18641 "http://dev.debian.loc/index.php/admin/system_config/index/key/0576f603560f6e7c79467cb5851970a3/" "Mozilla/5.0 (Windows NT 10.0; WOW64; rv:50.0) Gecko/20100101 Firefox/50.0"
